******************************************************************************
                  TI ARM Linker PC v18.12.2                    
******************************************************************************
>> Linked Wed Oct  2 10:52:51 2019

OUTPUT FILE NAME:   <lab_4.out>
ENTRY POINT SYMBOL: "_c_int00_noargs"  address: 000028a5


MEMORY CONFIGURATION

         name            origin    length      used     unused   attr    fill
----------------------  --------  ---------  --------  --------  ----  --------
  FLASH                 00000000   00040000  00002bc1  0003d43f  R  X
  SRAM                  20000000   00008000  00000f0a  000070f6  RW X


SEGMENT ALLOCATION MAP

run origin  load origin   length   init length attrs members
----------  ----------- ---------- ----------- ----- -------
00000000    00000000    00002bc8   00002bc8    r-x
  00000000    00000000    0000026c   0000026c    r-- .intvecs
  0000026c    0000026c    0000280c   0000280c    r-x .text
  00002a78    00002a78    00000109   00000109    r-- .const
  00002b88    00002b88    00000040   00000040    r-- .cinit
20000000    20000000    00000f0e   00000000    rw-
  20000000    20000000    0000026c   00000000    rw- .vtable
  20000270    20000270    00000800   00000000    rw- .stack
  20000a70    20000a70    00000400   00000000    rw- .sysmem
  20000e70    20000e70    00000094   00000000    rw- .bss
  20000f04    20000f04    0000000a   00000000    rw- .data


SECTION ALLOCATION MAP

 output                                  attributes/
section   page    origin      length       input sections
--------  ----  ----------  ----------   ----------------
.intvecs   0    00000000    0000026c     
                  00000000    0000026c     tm4c123gh6pm_startup_ccs.obj (.intvecs)

.text      0    0000026c    0000280c     
                  0000026c    00000a4e     rtsv7M4_T_le_v4SPD16_eabi.lib : _printfi.c.obj (.text:__TI_printfi)
                  00000cba    00000002                                   : div0.asm.obj (.text)
                  00000cbc    00000328     lcd.obj (.text)
                  00000fe4    000002a8     libcybotUART.lib : uart.obj (.text)
                  0000128c    00000270     rtsv7M4_T_le_v4SPD16_eabi.lib : _printfi.c.obj (.text:_pconv_a)
                  000014fc    00000244     Timer.obj (.text)
                  00001740    000001d0     rtsv7M4_T_le_v4SPD16_eabi.lib : _printfi.c.obj (.text:_pconv_g)
                  00001910    000001b6                                   : fd_add_t2.asm.obj (.text)
                  00001ac6    00000002     --HOLE-- [fill = 0]
                  00001ac8    0000013c                                   : _printfi.c.obj (.text:_pconv_e)
                  00001c04    00000136                                   : fd_div_t2.asm.obj (.text)
                  00001d3a    00000002     --HOLE-- [fill = 0]
                  00001d3c    00000124                                   : _printfi.c.obj (.text:fcvt)
                  00001e60    00000110                                   : s_scalbn.c.obj (.text:scalbn)
                  00001f70    0000010c     button.obj (.text)
                  0000207c    000000fc     rtsv7M4_T_le_v4SPD16_eabi.lib : fd_mul_t2.asm.obj (.text)
                  00002178    000000b1                                   : _printfi.c.obj (.text:_ltostr)
                  00002229    00000001     --HOLE-- [fill = 0]
                  0000222a    0000009c                                   : memcpy_t2.asm.obj (.text)
                  000022c6    00000096                                   : ull_div_t2.asm.obj (.text)
                  0000235c    00000086                                   : fd_cmp_t2.asm.obj (.text:__aeabi_cdcmple)
                  000023e2    00000086                                   : fd_cmp_t2.asm.obj (.text:__aeabi_cdrcmple)
                  00002468    0000007a                                   : memset_t2.asm.obj (.text)
                  000024e2    0000006e                                   : _printfi.c.obj (.text:_mcpy)
                  00002550    00000068                                   : copy_decompress_lzss.c.obj (.text:decompress:lzss:__TI_decompress_lzss)
                  000025b8    00000064                                   : s_frexp.c.obj (.text:frexp)
                  0000261c    00000056                                   : _printfi.c.obj (.text:_pconv_f)
                  00002672    00000054                                   : ltoa.c.obj (.text:ltoa)
                  000026c6    00000052                                   : _printfi.c.obj (.text:_ecpy)
                  00002718    0000004c                                   : atoi.c.obj (.text:atoi)
                  00002764    00000048                                   : fd_toi_t2.asm.obj (.text)
                  000027ac    00000044                                   : autoinit.c.obj (.text:__TI_auto_init_nobinit_nopinit:__TI_auto_init_nobinit_nopinit)
                  000027f0    00000040                                   : vsnprintf.c.obj (.text:vsnprintf)
                  00002830    0000003e                                   : _printfi.c.obj (.text:_fcpy)
                  0000286e    00000002     --HOLE-- [fill = 0]
                  00002870    00000034     driverlib.lib : interrupt.obj (.text:IntRegister)
                  000028a4    00000034     rtsv7M4_T_le_v4SPD16_eabi.lib : boot_cortex_m.c.obj (.text:_c_int00_noargs:_c_int00_noargs)
                  000028d8    00000034     main.obj (.text)
                  0000290c    00000030     rtsv7M4_T_le_v4SPD16_eabi.lib : vsnprintf.c.obj (.text:_outs)
                  0000293c    0000002e                                   : i_tofd_t2.asm.obj (.text)
                  0000296a    0000001c                                   : copy_zero_init.c.obj (.text:decompress:ZI:__TI_zero_init_nomemset:__TI_zero_init_nomemset)
                  00002986    0000001c                                   : memccpy.c.obj (.text:memccpy)
                  000029a2    0000001a                                   : s_copysign.c.obj (.text:copysign)
                  000029bc    00000018                                   : vsnprintf.c.obj (.text:_outc)
                  000029d4    00000018                                   : strcmp.c.obj (.text:strcmp)
                  000029ec    00000016                                   : strchr.c.obj (.text:strchr)
                  00002a02    00000014                                   : strcpy.c.obj (.text:strcpy)
                  00002a16    00000014                                   : strlen.c.obj (.text:strlen)
                  00002a2a    00000012                                   : wcslen.c.obj (.text:wcslen)
                  00002a3c    00000010     lcd.obj (.text:lcd_clear)
                  00002a4c    0000000e     rtsv7M4_T_le_v4SPD16_eabi.lib : copy_decompress_none.c.obj (.text:decompress:none:__TI_decompress_none)
                  00002a5a    0000000c     tm4c123gh6pm_startup_ccs.obj (.text)
                  00002a66    00000002     --HOLE-- [fill = 0]
                  00002a68    00000008     rtsv7M4_T_le_v4SPD16_eabi.lib : errno.c.obj (.text:__aeabi_errno_addr)
                  00002a70    00000004                                   : pre_init.c.obj (.text:_system_pre_init)
                  00002a74    00000004                                   : exit.c.obj (.text:abort:abort)

.const     0    00002a78    00000109     
                  00002a78    00000101     rtsv7M4_T_le_v4SPD16_eabi.lib : ctype.c.obj (.const:.string:_ctypes_)
                  00002b79    00000004     lcd.obj (.const:.string:lineAddress$1)
                  00002b7d    00000004     lcd.obj (.const:.string:lineAddresses$2)

.cinit     0    00002b88    00000040     
                  00002b88    0000000c     (__TI_handler_table)
                  00002b94    00000004     --HOLE-- [fill = 0]
                  00002b98    00000008     (.cinit..bss.load) [load image, compression = zero_init]
                  00002ba0    00000008     (.cinit..vtable.load) [load image, compression = zero_init]
                  00002ba8    00000007     (.cinit..data.load) [load image, compression = lzss]
                  00002baf    00000001     --HOLE-- [fill = 0]
                  00002bb0    00000018     (__TI_cinit_table)

.init_array 
*          0    00000000    00000000     UNINITIALIZED

.vtable    0    20000000    0000026c     UNINITIALIZED
                  20000000    0000026c     driverlib.lib : interrupt.obj (.vtable)

.stack     0    20000270    00000800     UNINITIALIZED
                  20000270    00000004     rtsv7M4_T_le_v4SPD16_eabi.lib : boot_cortex_m.c.obj (.stack)
                  20000274    000007fc     --HOLE--

.sysmem    0    20000a70    00000400     UNINITIALIZED
                  20000a70    00000010     rtsv7M4_T_le_v4SPD16_eabi.lib : memory.c.obj (.sysmem)
                  20000a80    000003f0     --HOLE--

.bss       0    20000e70    00000094     UNINITIALIZED
                  20000e70    00000054     lcd.obj (.bss:lastbuffer$3)
                  20000ec4    00000034     (.common:isr_char_buffer)
                  20000ef8    00000004     (.common:_timeout_ticks)
                  20000efc    00000004     (.common:button_event_ptr)
                  20000f00    00000004     (.common:button_num_ptr)

.data      0    20000f04    0000000a     UNINITIALIZED
                  20000f04    00000004     libcybotUART.lib : uart.obj (.data)
                  20000f08    00000004     rtsv7M4_T_le_v4SPD16_eabi.lib : errno.c.obj (.data)
                  20000f0c    00000001     Timer.obj (.data)
                  20000f0d    00000001     button.obj (.data)

MODULE SUMMARY

       Module                         code    ro data   rw data
       ------                         ----    -------   -------
    .\
       lcd.obj                        824     8         84     
       tm4c123gh6pm_startup_ccs.obj   12      620       0      
       Timer.obj                      580     0         5      
       button.obj                     268     0         9      
       main.obj                       52      0         0      
    +--+------------------------------+-------+---------+---------+
       Total:                         1736    628       98     
                                                               
    ../libcybotUART.lib
       uart.obj                       680     0         56     
    +--+------------------------------+-------+---------+---------+
       Total:                         680     0         56     
                                                               
    C:/ti/TivaWare_C_Series-2.1.4.178/driverlib/ccs/Debug/driverlib.lib
       interrupt.obj                  52      0         620    
    +--+------------------------------+-------+---------+---------+
       Total:                         52      0         620    
                                                               
    C:\ti\ccs910\ccs\tools\compiler\ti-cgt-arm_18.12.2.LTS\lib\rtsv7M4_T_le_v4SPD16_eabi.lib
       _printfi.c.obj                 4851    0         0      
       fd_add_t2.asm.obj              438     0         0      
       fd_div_t2.asm.obj              310     0         0      
       s_scalbn.c.obj                 272     0         0      
       fd_cmp_t2.asm.obj              268     0         0      
       ctype.c.obj                    0       257       0      
       fd_mul_t2.asm.obj              252     0         0      
       memcpy_t2.asm.obj              156     0         0      
       ull_div_t2.asm.obj             150     0         0      
       vsnprintf.c.obj                136     0         0      
       memset_t2.asm.obj              122     0         0      
       copy_decompress_lzss.c.obj     104     0         0      
       s_frexp.c.obj                  100     0         0      
       ltoa.c.obj                     84      0         0      
       atoi.c.obj                     76      0         0      
       fd_toi_t2.asm.obj              72      0         0      
       autoinit.c.obj                 68      0         0      
       boot_cortex_m.c.obj            52      0         0      
       i_tofd_t2.asm.obj              46      0         0      
       copy_zero_init.c.obj           28      0         0      
       memccpy.c.obj                  28      0         0      
       s_copysign.c.obj               26      0         0      
       strcmp.c.obj                   24      0         0      
       strchr.c.obj                   22      0         0      
       strcpy.c.obj                   20      0         0      
       strlen.c.obj                   20      0         0      
       wcslen.c.obj                   18      0         0      
       copy_decompress_none.c.obj     14      0         0      
       errno.c.obj                    8       0         4      
       exit.c.obj                     4       0         0      
       pre_init.c.obj                 4       0         0      
       div0.asm.obj                   2       0         0      
    +--+------------------------------+-------+---------+---------+
       Total:                         7775    257       4      
                                                               
       Heap:                          0       0         1024   
       Stack:                         0       0         2048   
       Linker Generated:              0       59        0      
    +--+------------------------------+-------+---------+---------+
       Grand Total:                   10243   944       3850   


LINKER GENERATED COPY TABLES

__TI_cinit_table @ 00002bb0 records: 3, size/record: 8, table size: 24
	.bss: load addr=00002b98, load size=00000008 bytes, run addr=20000e70, run size=00000094 bytes, compression=zero_init
	.vtable: load addr=00002ba0, load size=00000008 bytes, run addr=20000000, run size=0000026c bytes, compression=zero_init
	.data: load addr=00002ba8, load size=00000007 bytes, run addr=20000f04, run size=0000000a bytes, compression=lzss


LINKER GENERATED HANDLER TABLE

__TI_handler_table @ 00002b88 records: 3, size/record: 4, table size: 12
	index: 0, handler: __TI_zero_init
	index: 1, handler: __TI_decompress_lzss
	index: 2, handler: __TI_decompress_none


GLOBAL SYMBOLS: SORTED ALPHABETICALLY BY Name 

address   name                          
-------   ----                          
00002a75  C$$EXIT                       
00002871  IntRegister                   
00002a5b  ResetISR                      
20000a70  __STACK_END                   
00000800  __STACK_SIZE                  
20000470  __STACK_TOP                   
00000400  __SYSMEM_SIZE                 
00002bb0  __TI_CINIT_Base               
00002bc8  __TI_CINIT_Limit              
00002b88  __TI_Handler_Table_Base       
00002b94  __TI_Handler_Table_Limit      
000027ad  __TI_auto_init_nobinit_nopinit
00002551  __TI_decompress_lzss          
00002a4d  __TI_decompress_none          
ffffffff  __TI_pprof_out_hndl           
0000026d  __TI_printfi                  
ffffffff  __TI_prof_data_size           
ffffffff  __TI_prof_data_start          
00000000  __TI_static_base__            
0000296b  __TI_zero_init_nomemset       
0000235d  __aeabi_cdcmpeq               
0000235d  __aeabi_cdcmple               
000023e3  __aeabi_cdrcmple              
00002765  __aeabi_d2iz                  
0000191b  __aeabi_dadd                  
00001c05  __aeabi_ddiv                  
0000207d  __aeabi_dmul                  
00001911  __aeabi_dsub                  
00002a69  __aeabi_errno_addr            
0000293d  __aeabi_i2d                   
00000cbb  __aeabi_idiv0                 
00000cbb  __aeabi_ldiv0                 
00002469  __aeabi_memclr                
00002469  __aeabi_memclr4               
00002469  __aeabi_memclr8               
0000222b  __aeabi_memcpy                
0000222b  __aeabi_memcpy4               
0000222b  __aeabi_memcpy8               
0000246b  __aeabi_memset                
0000246b  __aeabi_memset4               
0000246b  __aeabi_memset8               
000022c7  __aeabi_uldivmod              
ffffffff  __binit__                     
ffffffff  __c_args__                    
UNDEFED   __mpu_init                    
20000270  __stack                       
000028a5  _c_int00_noargs               
00002a78  _ctypes_                      
20000f0c  _running                      
20000a70  _sys_memory                   
UNDEFED   _system_post_cinit            
00002a71  _system_pre_init              
20000ef8  _timeout_ticks                
00002a75  abort                         
00002719  atoi                          
ffffffff  binit                         
20000efc  button_event_ptr              
00001f9b  button_getButton              
00001f71  button_init                   
20000f00  button_num_ptr                
000029a3  copysign                      
000029a3  copysignl                     
00001231  cyBot_UART1_Handler           
00001223  cyBot_getByte_blocking        
00001203  cyBot_getByte_nonblocking     
00000fe5  cyBot_sendByte                
000011e9  cyBot_uart_flush              
00001153  cyBot_uart_init               
000010f3  cyBot_uart_init_PHJ_first_half
0000109b  cyBot_uart_init_clean         
00001023  cyBot_uart_init_last_half     
0000100b  cyBot_uart_sendBuffer         
00000ff1  cyBot_uart_sendStr            
20000f08  errno                         
000025b9  frexp                         
000025b9  frexpl                        
20000000  g_pfnRAMVectors               
00000000  g_pfnVectors                  
0000202b  gpioe_handler                 
00001fcf  init_button_interrupts        
20000ec4  isr_char_buffer               
20000f04  isr_counter                   
00002a3d  lcd_clear                     
00000e91  lcd_gotoLine                  
00000cf9  lcd_init                      
00000ef7  lcd_printf                    
00000db9  lcd_putc                      
00000df1  lcd_puts                      
00000cbd  lcd_reverseNibble             
00000e0f  lcd_sendCommand               
00000e4d  lcd_sendNibble                
00000eb9  lcd_setCursorPos              
00001e61  ldexp                         
00001e61  ldexpl                        
00002673  ltoa                          
000028d9  main                          
00002987  memccpy                       
0000222b  memcpy                        
00002471  memset                        
00001e61  scalbn                        
00001e61  scalbnl                       
000029ed  strchr                        
000029d5  strcmp                        
00002a03  strcpy                        
00002a17  strlen                        
0000161b  timer_getMicros               
000015c3  timer_getMillis               
000014fd  timer_init                    
0000159f  timer_pause                   
000015b1  timer_resume                  
00001575  timer_stop                    
0000166f  timer_waitMicros              
000016a3  timer_waitMillis              
000027f1  vsnprintf                     
00002a2b  wcslen                        


GLOBAL SYMBOLS: SORTED BY Symbol Address 

address   name                          
-------   ----                          
00000000  __TI_static_base__            
00000000  g_pfnVectors                  
0000026d  __TI_printfi                  
00000400  __SYSMEM_SIZE                 
00000800  __STACK_SIZE                  
00000cbb  __aeabi_idiv0                 
00000cbb  __aeabi_ldiv0                 
00000cbd  lcd_reverseNibble             
00000cf9  lcd_init                      
00000db9  lcd_putc                      
00000df1  lcd_puts                      
00000e0f  lcd_sendCommand               
00000e4d  lcd_sendNibble                
00000e91  lcd_gotoLine                  
00000eb9  lcd_setCursorPos              
00000ef7  lcd_printf                    
00000fe5  cyBot_sendByte                
00000ff1  cyBot_uart_sendStr            
0000100b  cyBot_uart_sendBuffer         
00001023  cyBot_uart_init_last_half     
0000109b  cyBot_uart_init_clean         
000010f3  cyBot_uart_init_PHJ_first_half
00001153  cyBot_uart_init               
000011e9  cyBot_uart_flush              
00001203  cyBot_getByte_nonblocking     
00001223  cyBot_getByte_blocking        
00001231  cyBot_UART1_Handler           
000014fd  timer_init                    
00001575  timer_stop                    
0000159f  timer_pause                   
000015b1  timer_resume                  
000015c3  timer_getMillis               
0000161b  timer_getMicros               
0000166f  timer_waitMicros              
000016a3  timer_waitMillis              
00001911  __aeabi_dsub                  
0000191b  __aeabi_dadd                  
00001c05  __aeabi_ddiv                  
00001e61  ldexp                         
00001e61  ldexpl                        
00001e61  scalbn                        
00001e61  scalbnl                       
00001f71  button_init                   
00001f9b  button_getButton              
00001fcf  init_button_interrupts        
0000202b  gpioe_handler                 
0000207d  __aeabi_dmul                  
0000222b  __aeabi_memcpy                
0000222b  __aeabi_memcpy4               
0000222b  __aeabi_memcpy8               
0000222b  memcpy                        
000022c7  __aeabi_uldivmod              
0000235d  __aeabi_cdcmpeq               
0000235d  __aeabi_cdcmple               
000023e3  __aeabi_cdrcmple              
00002469  __aeabi_memclr                
00002469  __aeabi_memclr4               
00002469  __aeabi_memclr8               
0000246b  __aeabi_memset                
0000246b  __aeabi_memset4               
0000246b  __aeabi_memset8               
00002471  memset                        
00002551  __TI_decompress_lzss          
000025b9  frexp                         
000025b9  frexpl                        
00002673  ltoa                          
00002719  atoi                          
00002765  __aeabi_d2iz                  
000027ad  __TI_auto_init_nobinit_nopinit
000027f1  vsnprintf                     
00002871  IntRegister                   
000028a5  _c_int00_noargs               
000028d9  main                          
0000293d  __aeabi_i2d                   
0000296b  __TI_zero_init_nomemset       
00002987  memccpy                       
000029a3  copysign                      
000029a3  copysignl                     
000029d5  strcmp                        
000029ed  strchr                        
00002a03  strcpy                        
00002a17  strlen                        
00002a2b  wcslen                        
00002a3d  lcd_clear                     
00002a4d  __TI_decompress_none          
00002a5b  ResetISR                      
00002a69  __aeabi_errno_addr            
00002a71  _system_pre_init              
00002a75  C$$EXIT                       
00002a75  abort                         
00002a78  _ctypes_                      
00002b88  __TI_Handler_Table_Base       
00002b94  __TI_Handler_Table_Limit      
00002bb0  __TI_CINIT_Base               
00002bc8  __TI_CINIT_Limit              
20000000  g_pfnRAMVectors               
20000270  __stack                       
20000470  __STACK_TOP                   
20000a70  __STACK_END                   
20000a70  _sys_memory                   
20000ec4  isr_char_buffer               
20000ef8  _timeout_ticks                
20000efc  button_event_ptr              
20000f00  button_num_ptr                
20000f04  isr_counter                   
20000f08  errno                         
20000f0c  _running                      
ffffffff  __TI_pprof_out_hndl           
ffffffff  __TI_prof_data_size           
ffffffff  __TI_prof_data_start          
ffffffff  __binit__                     
ffffffff  __c_args__                    
ffffffff  binit                         
UNDEFED   __mpu_init                    
UNDEFED   _system_post_cinit            

[115 symbols]
