******************************************************************************
                  TI ARM Linker PC v18.12.2                    
******************************************************************************
>> Linked Thu Oct 24 13:03:50 2019

OUTPUT FILE NAME:   <Lab_7.out>
ENTRY POINT SYMBOL: "_c_int00_noargs"  address: 0000286d


MEMORY CONFIGURATION

         name            origin    length      used     unused   attr    fill
----------------------  --------  ---------  --------  --------  ----  --------
  FLASH                 00000000   00040000  00002b9d  0003d463  R  X
  SRAM                  20000000   00008000  00000ad6  0000752a  RW X


SEGMENT ALLOCATION MAP

run origin  load origin   length   init length attrs members
----------  ----------- ---------- ----------- ----- -------
00000000    00000000    00002ba0   00002ba0    r-x
  00000000    00000000    0000026c   0000026c    r-- .intvecs
  0000026c    0000026c    000027e8   000027e8    r-x .text
  00002a54    00002a54    00000109   00000109    r-- .const
  00002b60    00002b60    00000040   00000040    r-- .cinit
20000000    20000000    00000add   00000000    rw-
  20000000    20000000    0000026c   00000000    rw- .vtable
  20000270    20000270    00000800   00000000    rw- .stack
  20000a70    20000a70    00000059   00000000    rw- .bss
  20000acc    20000acc    00000011   00000000    rw- .data


SECTION ALLOCATION MAP

 output                                  attributes/
section   page    origin      length       input sections
--------  ----  ----------  ----------   ----------------
.intvecs   0    00000000    0000026c     
                  00000000    0000026c     tm4c123gh6pm_startup_ccs.obj (.intvecs)

.text      0    0000026c    000027e8     
                  0000026c    00000a4e     rtsv7M4_T_le_v4SPD16_eabi.lib : _printfi.c.obj (.text:__TI_printfi)
                  00000cba    00000002                                   : div0.asm.obj (.text)
                  00000cbc    00000328     lcd.obj (.text)
                  00000fe4    00000270     rtsv7M4_T_le_v4SPD16_eabi.lib : _printfi.c.obj (.text:_pconv_a)
                  00001254    0000024c     TIMER3B.obj (.text)
                  000014a0    00000248     Timer.obj (.text)
                  000016e8    000001d0     rtsv7M4_T_le_v4SPD16_eabi.lib : _printfi.c.obj (.text:_pconv_g)
                  000018b8    000001b6                                   : fd_add_t2.asm.obj (.text)
                  00001a6e    00000002     --HOLE-- [fill = 0]
                  00001a70    0000013c                                   : _printfi.c.obj (.text:_pconv_e)
                  00001bac    00000136                                   : fd_div_t2.asm.obj (.text)
                  00001ce2    00000002     --HOLE-- [fill = 0]
                  00001ce4    0000012c     uart_sonar.obj (.text)
                  00001e10    00000124     rtsv7M4_T_le_v4SPD16_eabi.lib : _printfi.c.obj (.text:fcvt)
                  00001f34    00000110                                   : s_scalbn.c.obj (.text:scalbn)
                  00002044    000000fc                                   : fd_mul_t2.asm.obj (.text)
                  00002140    000000b1                                   : _printfi.c.obj (.text:_ltostr)
                  000021f1    00000001     --HOLE-- [fill = 0]
                  000021f2    0000009c                                   : memcpy_t2.asm.obj (.text)
                  0000228e    00000096                                   : ull_div_t2.asm.obj (.text)
                  00002324    00000086                                   : fd_cmp_t2.asm.obj (.text:__aeabi_cdcmple)
                  000023aa    00000086                                   : fd_cmp_t2.asm.obj (.text:__aeabi_cdrcmple)
                  00002430    0000007a                                   : memset_t2.asm.obj (.text)
                  000024aa    0000006e                                   : _printfi.c.obj (.text:_mcpy)
                  00002518    00000068                                   : copy_decompress_lzss.c.obj (.text:decompress:lzss:__TI_decompress_lzss)
                  00002580    00000064                                   : s_frexp.c.obj (.text:frexp)
                  000025e4    00000056                                   : _printfi.c.obj (.text:_pconv_f)
                  0000263a    00000054                                   : ltoa.c.obj (.text:ltoa)
                  0000268e    00000052                                   : _printfi.c.obj (.text:_ecpy)
                  000026e0    0000004c                                   : atoi.c.obj (.text:atoi)
                  0000272c    00000048                                   : fd_toi_t2.asm.obj (.text)
                  00002774    00000044                                   : autoinit.c.obj (.text:__TI_auto_init_nobinit_nopinit:__TI_auto_init_nobinit_nopinit)
                  000027b8    00000040                                   : vsnprintf.c.obj (.text:vsnprintf)
                  000027f8    0000003e                                   : _printfi.c.obj (.text:_fcpy)
                  00002836    00000002     --HOLE-- [fill = 0]
                  00002838    00000034     driverlib.lib : interrupt.obj (.text:IntRegister)
                  0000286c    00000034     rtsv7M4_T_le_v4SPD16_eabi.lib : boot_cortex_m.c.obj (.text:_c_int00_noargs:_c_int00_noargs)
                  000028a0    00000030                                   : vsnprintf.c.obj (.text:_outs)
                  000028d0    0000002e                                   : i_tofd_t2.asm.obj (.text)
                  000028fe    00000002     --HOLE-- [fill = 0]
                  00002900    0000002c     main.obj (.text)
                  0000292c    0000001c     rtsv7M4_T_le_v4SPD16_eabi.lib : copy_zero_init.c.obj (.text:decompress:ZI:__TI_zero_init_nomemset:__TI_zero_init_nomemset)
                  00002948    0000001c                                   : memccpy.c.obj (.text:memccpy)
                  00002964    0000001a                                   : s_copysign.c.obj (.text:copysign)
                  0000297e    00000018                                   : vsnprintf.c.obj (.text:_outc)
                  00002996    00000018                                   : strcmp.c.obj (.text:strcmp)
                  000029ae    00000016                                   : strchr.c.obj (.text:strchr)
                  000029c4    00000014                                   : strcpy.c.obj (.text:strcpy)
                  000029d8    00000014                                   : strlen.c.obj (.text:strlen)
                  000029ec    00000012                                   : wcslen.c.obj (.text:wcslen)
                  000029fe    00000010     driverlib.lib : interrupt.obj (.text:IntMasterEnable)
                  00002a0e    00000010     lcd.obj (.text:lcd_clear)
                  00002a1e    0000000e     rtsv7M4_T_le_v4SPD16_eabi.lib : copy_decompress_none.c.obj (.text:decompress:none:__TI_decompress_none)
                  00002a2c    0000000c     driverlib.lib : cpu.obj (.text:CPUcpsie)
                  00002a38    0000000c     tm4c123gh6pm_startup_ccs.obj (.text)
                  00002a44    00000008     rtsv7M4_T_le_v4SPD16_eabi.lib : errno.c.obj (.text:__aeabi_errno_addr)
                  00002a4c    00000004                                   : pre_init.c.obj (.text:_system_pre_init)
                  00002a50    00000004                                   : exit.c.obj (.text:abort:abort)

.const     0    00002a54    00000109     
                  00002a54    00000101     rtsv7M4_T_le_v4SPD16_eabi.lib : ctype.c.obj (.const:.string:_ctypes_)
                  00002b55    00000004     lcd.obj (.const:.string:lineAddress$1)
                  00002b59    00000004     lcd.obj (.const:.string:lineAddresses$2)

.cinit     0    00002b60    00000040     
                  00002b60    0000000c     (__TI_handler_table)
                  00002b6c    00000004     --HOLE-- [fill = 0]
                  00002b70    00000008     (.cinit..bss.load) [load image, compression = zero_init]
                  00002b78    00000008     (.cinit..vtable.load) [load image, compression = zero_init]
                  00002b80    00000007     (.cinit..data.load) [load image, compression = lzss]
                  00002b87    00000001     --HOLE-- [fill = 0]
                  00002b88    00000018     (__TI_cinit_table)

.init_array 
*          0    00000000    00000000     UNINITIALIZED

.vtable    0    20000000    0000026c     UNINITIALIZED
                  20000000    0000026c     driverlib.lib : interrupt.obj (.vtable)

.bss       0    20000a70    00000059     UNINITIALIZED
                  20000a70    00000054     lcd.obj (.bss:lastbuffer$3)
                  20000ac4    00000004     (.common:_timeout_ticks)
                  20000ac8    00000001     (.common:state)

.data      0    20000acc    00000011     UNINITIALIZED
                  20000acc    0000000c     TIMER3B.obj (.data)
                  20000ad8    00000004     rtsv7M4_T_le_v4SPD16_eabi.lib : errno.c.obj (.data)
                  20000adc    00000001     Timer.obj (.data)

.stack     0    20000270    00000800     UNINITIALIZED
                  20000270    00000004     rtsv7M4_T_le_v4SPD16_eabi.lib : boot_cortex_m.c.obj (.stack)
                  20000274    000007fc     --HOLE--

MODULE SUMMARY

       Module                         code    ro data   rw data
       ------                         ----    -------   -------
    .\
       lcd.obj                        824     8         84     
       tm4c123gh6pm_startup_ccs.obj   12      620       0      
       TIMER3B.obj                    588     0         13     
       Timer.obj                      584     0         5      
       uart_sonar.obj                 300     0         0      
       main.obj                       44      0         0      
    +--+------------------------------+-------+---------+---------+
       Total:                         2352    628       102    
                                                               
    C:/ti/TivaWare_C_Series-2.1.4.178/driverlib/ccs/Debug/driverlib.lib
       interrupt.obj                  68      0         620    
       cpu.obj                        12      0         0      
    +--+------------------------------+-------+---------+---------+
       Total:                         80      0         620    
                                                               
    C:\ti\ccs910\ccs\tools\compiler\ti-cgt-arm_18.12.2.LTS\lib\rtsv7M4_T_le_v4SPD16_eabi.lib
       _printfi.c.obj                 4851    0         0      
       fd_add_t2.asm.obj              438     0         0      
       fd_div_t2.asm.obj              310     0         0      
       s_scalbn.c.obj                 272     0         0      
       fd_cmp_t2.asm.obj              268     0         0      
       ctype.c.obj                    0       257       0      
       fd_mul_t2.asm.obj              252     0         0      
       memcpy_t2.asm.obj              156     0         0      
       ull_div_t2.asm.obj             150     0         0      
       vsnprintf.c.obj                136     0         0      
       memset_t2.asm.obj              122     0         0      
       copy_decompress_lzss.c.obj     104     0         0      
       s_frexp.c.obj                  100     0         0      
       ltoa.c.obj                     84      0         0      
       atoi.c.obj                     76      0         0      
       fd_toi_t2.asm.obj              72      0         0      
       autoinit.c.obj                 68      0         0      
       boot_cortex_m.c.obj            52      0         0      
       i_tofd_t2.asm.obj              46      0         0      
       copy_zero_init.c.obj           28      0         0      
       memccpy.c.obj                  28      0         0      
       s_copysign.c.obj               26      0         0      
       strcmp.c.obj                   24      0         0      
       strchr.c.obj                   22      0         0      
       strcpy.c.obj                   20      0         0      
       strlen.c.obj                   20      0         0      
       wcslen.c.obj                   18      0         0      
       copy_decompress_none.c.obj     14      0         0      
       errno.c.obj                    8       0         4      
       exit.c.obj                     4       0         0      
       pre_init.c.obj                 4       0         0      
       div0.asm.obj                   2       0         0      
    +--+------------------------------+-------+---------+---------+
       Total:                         7775    257       4      
                                                               
       Stack:                         0       0         2048   
       Linker Generated:              0       59        0      
    +--+------------------------------+-------+---------+---------+
       Grand Total:                   10207   944       2774   


LINKER GENERATED COPY TABLES

__TI_cinit_table @ 00002b88 records: 3, size/record: 8, table size: 24
	.bss: load addr=00002b70, load size=00000008 bytes, run addr=20000a70, run size=00000059 bytes, compression=zero_init
	.vtable: load addr=00002b78, load size=00000008 bytes, run addr=20000000, run size=0000026c bytes, compression=zero_init
	.data: load addr=00002b80, load size=00000007 bytes, run addr=20000acc, run size=00000011 bytes, compression=lzss


LINKER GENERATED HANDLER TABLE

__TI_handler_table @ 00002b60 records: 3, size/record: 4, table size: 12
	index: 0, handler: __TI_zero_init
	index: 1, handler: __TI_decompress_lzss
	index: 2, handler: __TI_decompress_none


GLOBAL SYMBOLS: SORTED ALPHABETICALLY BY Name 

address   name                          
-------   ----                          
00002a51  C$$EXIT                       
00002a2d  CPUcpsie                      
000029ff  IntMasterEnable               
00002839  IntRegister                   
00002a39  ResetISR                      
0000127d  TIMER3B_Handler               
000012c1  TIMER3B_init                  
20000a70  __STACK_END                   
00000800  __STACK_SIZE                  
20000470  __STACK_TOP                   
00002b88  __TI_CINIT_Base               
00002ba0  __TI_CINIT_Limit              
00002b60  __TI_Handler_Table_Base       
00002b6c  __TI_Handler_Table_Limit      
00002775  __TI_auto_init_nobinit_nopinit
00002519  __TI_decompress_lzss          
00002a1f  __TI_decompress_none          
ffffffff  __TI_pprof_out_hndl           
0000026d  __TI_printfi                  
ffffffff  __TI_prof_data_size           
ffffffff  __TI_prof_data_start          
00000000  __TI_static_base__            
0000292d  __TI_zero_init_nomemset       
00002325  __aeabi_cdcmpeq               
00002325  __aeabi_cdcmple               
000023ab  __aeabi_cdrcmple              
0000272d  __aeabi_d2iz                  
000018c3  __aeabi_dadd                  
00001bad  __aeabi_ddiv                  
00002045  __aeabi_dmul                  
000018b9  __aeabi_dsub                  
00002a45  __aeabi_errno_addr            
000028d1  __aeabi_i2d                   
00000cbb  __aeabi_idiv0                 
00000cbb  __aeabi_ldiv0                 
00002431  __aeabi_memclr                
00002431  __aeabi_memclr4               
00002431  __aeabi_memclr8               
000021f3  __aeabi_memcpy                
000021f3  __aeabi_memcpy4               
000021f3  __aeabi_memcpy8               
00002433  __aeabi_memset                
00002433  __aeabi_memset4               
00002433  __aeabi_memset8               
0000228f  __aeabi_uldivmod              
ffffffff  __binit__                     
ffffffff  __c_args__                    
UNDEFED   __mpu_init                    
20000270  __stack                       
0000286d  _c_int00_noargs               
00002a54  _ctypes_                      
20000adc  _running                      
UNDEFED   _system_post_cinit            
00002a4d  _system_pre_init              
20000ac4  _timeout_ticks                
00002a51  abort                         
000026e1  atoi                          
ffffffff  binit                         
00002965  copysign                      
00002965  copysignl                     
20000ad0  current_time                  
20000ad8  errno                         
00002581  frexp                         
00002581  frexpl                        
20000000  g_pfnRAMVectors               
00000000  g_pfnVectors                  
20000acc  last_time                     
00002a0f  lcd_clear                     
00000e91  lcd_gotoLine                  
00000cf9  lcd_init                      
00000ef7  lcd_printf                    
00000db9  lcd_putc                      
00000df1  lcd_puts                      
00000cbd  lcd_reverseNibble             
00000e0f  lcd_sendCommand               
00000e4d  lcd_sendNibble                
00000eb9  lcd_setCursorPos              
00001f35  ldexp                         
00001f35  ldexpl                        
0000263b  ltoa                          
00002901  main                          
00002949  memccpy                       
000021f3  memcpy                        
00002439  memset                        
0000140d  ping_read                     
00001255  portb_init                    
00001f35  scalbn                        
00001f35  scalbnl                       
00001369  send_pulse                    
20000ac8  state                         
000029af  strchr                        
00002997  strcmp                        
000029c5  strcpy                        
000029d9  strlen                        
000013ef  time2dist                     
000015bf  timer_getMicros               
00001567  timer_getMillis               
000014a1  timer_init                    
00001543  timer_pause                   
00001555  timer_resume                  
00001519  timer_stop                    
00001619  timer_waitMicros              
0000164d  timer_waitMillis              
00001ce5  uart_init                     
00001d9f  uart_receive                  
00001d83  uart_sendChar                 
00001dbf  uart_sendStr                  
20000ad4  update_flag                   
000027b9  vsnprintf                     
000029ed  wcslen                        


GLOBAL SYMBOLS: SORTED BY Symbol Address 

address   name                          
-------   ----                          
00000000  __TI_static_base__            
00000000  g_pfnVectors                  
0000026d  __TI_printfi                  
00000800  __STACK_SIZE                  
00000cbb  __aeabi_idiv0                 
00000cbb  __aeabi_ldiv0                 
00000cbd  lcd_reverseNibble             
00000cf9  lcd_init                      
00000db9  lcd_putc                      
00000df1  lcd_puts                      
00000e0f  lcd_sendCommand               
00000e4d  lcd_sendNibble                
00000e91  lcd_gotoLine                  
00000eb9  lcd_setCursorPos              
00000ef7  lcd_printf                    
00001255  portb_init                    
0000127d  TIMER3B_Handler               
000012c1  TIMER3B_init                  
00001369  send_pulse                    
000013ef  time2dist                     
0000140d  ping_read                     
000014a1  timer_init                    
00001519  timer_stop                    
00001543  timer_pause                   
00001555  timer_resume                  
00001567  timer_getMillis               
000015bf  timer_getMicros               
00001619  timer_waitMicros              
0000164d  timer_waitMillis              
000018b9  __aeabi_dsub                  
000018c3  __aeabi_dadd                  
00001bad  __aeabi_ddiv                  
00001ce5  uart_init                     
00001d83  uart_sendChar                 
00001d9f  uart_receive                  
00001dbf  uart_sendStr                  
00001f35  ldexp                         
00001f35  ldexpl                        
00001f35  scalbn                        
00001f35  scalbnl                       
00002045  __aeabi_dmul                  
000021f3  __aeabi_memcpy                
000021f3  __aeabi_memcpy4               
000021f3  __aeabi_memcpy8               
000021f3  memcpy                        
0000228f  __aeabi_uldivmod              
00002325  __aeabi_cdcmpeq               
00002325  __aeabi_cdcmple               
000023ab  __aeabi_cdrcmple              
00002431  __aeabi_memclr                
00002431  __aeabi_memclr4               
00002431  __aeabi_memclr8               
00002433  __aeabi_memset                
00002433  __aeabi_memset4               
00002433  __aeabi_memset8               
00002439  memset                        
00002519  __TI_decompress_lzss          
00002581  frexp                         
00002581  frexpl                        
0000263b  ltoa                          
000026e1  atoi                          
0000272d  __aeabi_d2iz                  
00002775  __TI_auto_init_nobinit_nopinit
000027b9  vsnprintf                     
00002839  IntRegister                   
0000286d  _c_int00_noargs               
000028d1  __aeabi_i2d                   
00002901  main                          
0000292d  __TI_zero_init_nomemset       
00002949  memccpy                       
00002965  copysign                      
00002965  copysignl                     
00002997  strcmp                        
000029af  strchr                        
000029c5  strcpy                        
000029d9  strlen                        
000029ed  wcslen                        
000029ff  IntMasterEnable               
00002a0f  lcd_clear                     
00002a1f  __TI_decompress_none          
00002a2d  CPUcpsie                      
00002a39  ResetISR                      
00002a45  __aeabi_errno_addr            
00002a4d  _system_pre_init              
00002a51  C$$EXIT                       
00002a51  abort                         
00002a54  _ctypes_                      
00002b60  __TI_Handler_Table_Base       
00002b6c  __TI_Handler_Table_Limit      
00002b88  __TI_CINIT_Base               
00002ba0  __TI_CINIT_Limit              
20000000  g_pfnRAMVectors               
20000270  __stack                       
20000470  __STACK_TOP                   
20000a70  __STACK_END                   
20000ac4  _timeout_ticks                
20000ac8  state                         
20000acc  last_time                     
20000ad0  current_time                  
20000ad4  update_flag                   
20000ad8  errno                         
20000adc  _running                      
ffffffff  __TI_pprof_out_hndl           
ffffffff  __TI_prof_data_size           
ffffffff  __TI_prof_data_start          
ffffffff  __binit__                     
ffffffff  __c_args__                    
ffffffff  binit                         
UNDEFED   __mpu_init                    
UNDEFED   _system_post_cinit            

[110 symbols]
