******************************************************************************
                  TI ARM Linker PC v18.12.2                    
******************************************************************************
>> Linked Wed Nov 20 12:25:12 2019

OUTPUT FILE NAME:   <Lab_8.out>
ENTRY POINT SYMBOL: "_c_int00_noargs"  address: 000027ad


MEMORY CONFIGURATION

         name            origin    length      used     unused   attr    fill
----------------------  --------  ---------  --------  --------  ----  --------
  FLASH                 00000000   00040000  00002a95  0003d56b  R  X
  SRAM                  20000000   00008000  00000aca  00007536  RW X


SEGMENT ALLOCATION MAP

run origin  load origin   length   init length attrs members
----------  ----------- ---------- ----------- ----- -------
00000000    00000000    00002a98   00002a98    r-x
  00000000    00000000    0000026c   0000026c    r-- .intvecs
  0000026c    0000026c    000026e0   000026e0    r-x .text
  0000294c    0000294c    00000109   00000109    r-- .const
  00002a58    00002a58    00000040   00000040    r-- .cinit
20000000    20000000    00000ace   00000000    rw-
  20000000    20000000    0000026c   00000000    rw- .vtable
  20000270    20000270    00000800   00000000    rw- .stack
  20000a70    20000a70    00000058   00000000    rw- .bss
  20000ac8    20000ac8    00000006   00000000    rw- .data


SECTION ALLOCATION MAP

 output                                  attributes/
section   page    origin      length       input sections
--------  ----  ----------  ----------   ----------------
.intvecs   0    00000000    0000026c     
                  00000000    0000026c     tm4c123gh6pm_startup_ccs.obj (.intvecs)

.text      0    0000026c    000026e0     
                  0000026c    00000a4e     rtsv7M4_T_le_v4SPD16_eabi.lib : _printfi.c.obj (.text:__TI_printfi)
                  00000cba    00000002                                   : div0.asm.obj (.text)
                  00000cbc    00000328     lcd.obj (.text)
                  00000fe4    00000270     rtsv7M4_T_le_v4SPD16_eabi.lib : _printfi.c.obj (.text:_pconv_a)
                  00001254    00000248     Timer.obj (.text)
                  0000149c    000001d0     rtsv7M4_T_le_v4SPD16_eabi.lib : _printfi.c.obj (.text:_pconv_g)
                  0000166c    000001b6                                   : fd_add_t2.asm.obj (.text)
                  00001822    00000002     --HOLE-- [fill = 0]
                  00001824    00000178     servo.obj (.text)
                  0000199c    0000013c     rtsv7M4_T_le_v4SPD16_eabi.lib : _printfi.c.obj (.text:_pconv_e)
                  00001ad8    00000136                                   : fd_div_t2.asm.obj (.text)
                  00001c0e    00000002     --HOLE-- [fill = 0]
                  00001c10    00000124                                   : _printfi.c.obj (.text:fcvt)
                  00001d34    00000110                                   : s_scalbn.c.obj (.text:scalbn)
                  00001e44    000000fc                                   : fd_mul_t2.asm.obj (.text)
                  00001f40    000000c8     main.obj (.text)
                  00002008    000000b1     rtsv7M4_T_le_v4SPD16_eabi.lib : _printfi.c.obj (.text:_ltostr)
                  000020b9    00000001     --HOLE-- [fill = 0]
                  000020ba    0000009c                                   : memcpy_t2.asm.obj (.text)
                  00002156    00000096                                   : ull_div_t2.asm.obj (.text)
                  000021ec    00000086                                   : fd_cmp_t2.asm.obj (.text:__aeabi_cdcmple)
                  00002272    00000086                                   : fd_cmp_t2.asm.obj (.text:__aeabi_cdrcmple)
                  000022f8    0000007a                                   : memset_t2.asm.obj (.text)
                  00002372    00000002     --HOLE-- [fill = 0]
                  00002374    00000074     button.obj (.text)
                  000023e8    0000006e     rtsv7M4_T_le_v4SPD16_eabi.lib : _printfi.c.obj (.text:_mcpy)
                  00002456    00000068                                   : copy_decompress_lzss.c.obj (.text:decompress:lzss:__TI_decompress_lzss)
                  000024be    00000002     --HOLE-- [fill = 0]
                  000024c0    00000064                                   : s_frexp.c.obj (.text:frexp)
                  00002524    00000056                                   : _printfi.c.obj (.text:_pconv_f)
                  0000257a    00000054                                   : ltoa.c.obj (.text:ltoa)
                  000025ce    00000052                                   : _printfi.c.obj (.text:_ecpy)
                  00002620    0000004c                                   : atoi.c.obj (.text:atoi)
                  0000266c    00000048                                   : fd_toi_t2.asm.obj (.text)
                  000026b4    00000044                                   : autoinit.c.obj (.text:__TI_auto_init_nobinit_nopinit:__TI_auto_init_nobinit_nopinit)
                  000026f8    00000040                                   : vsnprintf.c.obj (.text:vsnprintf)
                  00002738    0000003e                                   : _printfi.c.obj (.text:_fcpy)
                  00002776    00000002     --HOLE-- [fill = 0]
                  00002778    00000034     driverlib.lib : interrupt.obj (.text:IntRegister)
                  000027ac    00000034     rtsv7M4_T_le_v4SPD16_eabi.lib : boot_cortex_m.c.obj (.text:_c_int00_noargs:_c_int00_noargs)
                  000027e0    00000030                                   : vsnprintf.c.obj (.text:_outs)
                  00002810    0000002e                                   : i_tofd_t2.asm.obj (.text)
                  0000283e    0000001c                                   : copy_zero_init.c.obj (.text:decompress:ZI:__TI_zero_init_nomemset:__TI_zero_init_nomemset)
                  0000285a    0000001c                                   : memccpy.c.obj (.text:memccpy)
                  00002876    0000001a                                   : s_copysign.c.obj (.text:copysign)
                  00002890    00000018                                   : vsnprintf.c.obj (.text:_outc)
                  000028a8    00000018                                   : strcmp.c.obj (.text:strcmp)
                  000028c0    00000016                                   : strchr.c.obj (.text:strchr)
                  000028d6    00000014                                   : strcpy.c.obj (.text:strcpy)
                  000028ea    00000014                                   : strlen.c.obj (.text:strlen)
                  000028fe    00000012                                   : wcslen.c.obj (.text:wcslen)
                  00002910    00000010     lcd.obj (.text:lcd_clear)
                  00002920    0000000e     rtsv7M4_T_le_v4SPD16_eabi.lib : copy_decompress_none.c.obj (.text:decompress:none:__TI_decompress_none)
                  0000292e    0000000c     tm4c123gh6pm_startup_ccs.obj (.text)
                  0000293a    00000002     --HOLE-- [fill = 0]
                  0000293c    00000008     rtsv7M4_T_le_v4SPD16_eabi.lib : errno.c.obj (.text:__aeabi_errno_addr)
                  00002944    00000004                                   : pre_init.c.obj (.text:_system_pre_init)
                  00002948    00000004                                   : exit.c.obj (.text:abort:abort)

.const     0    0000294c    00000109     
                  0000294c    00000101     rtsv7M4_T_le_v4SPD16_eabi.lib : ctype.c.obj (.const:.string:_ctypes_)
                  00002a4d    00000004     lcd.obj (.const:.string:lineAddress$1)
                  00002a51    00000004     lcd.obj (.const:.string:lineAddresses$2)

.cinit     0    00002a58    00000040     
                  00002a58    0000000c     (__TI_handler_table)
                  00002a64    00000004     --HOLE-- [fill = 0]
                  00002a68    00000008     (.cinit..bss.load) [load image, compression = zero_init]
                  00002a70    00000008     (.cinit..vtable.load) [load image, compression = zero_init]
                  00002a78    00000007     (.cinit..data.load) [load image, compression = lzss]
                  00002a7f    00000001     --HOLE-- [fill = 0]
                  00002a80    00000018     (__TI_cinit_table)

.init_array 
*          0    00000000    00000000     UNINITIALIZED

.vtable    0    20000000    0000026c     UNINITIALIZED
                  20000000    0000026c     driverlib.lib : interrupt.obj (.vtable)

.bss       0    20000a70    00000058     UNINITIALIZED
                  20000a70    00000054     lcd.obj (.bss:lastbuffer$3)
                  20000ac4    00000004     (.common:_timeout_ticks)

.data      0    20000ac8    00000006     UNINITIALIZED
                  20000ac8    00000004     rtsv7M4_T_le_v4SPD16_eabi.lib : errno.c.obj (.data)
                  20000acc    00000001     Timer.obj (.data)
                  20000acd    00000001     button.obj (.data)

.stack     0    20000270    00000800     UNINITIALIZED
                  20000270    00000004     rtsv7M4_T_le_v4SPD16_eabi.lib : boot_cortex_m.c.obj (.stack)
                  20000274    000007fc     --HOLE--

MODULE SUMMARY

       Module                         code   ro data   rw data
       ------                         ----   -------   -------
    .\
       lcd.obj                        824    8         84     
       tm4c123gh6pm_startup_ccs.obj   12     620       0      
       Timer.obj                      584    0         5      
       servo.obj                      376    0         0      
       main.obj                       200    0         0      
       button.obj                     116    0         1      
    +--+------------------------------+------+---------+---------+
       Total:                         2112   628       90     
                                                              
    C:/ti/TivaWare_C_Series-2.1.4.178/driverlib/ccs/Debug/driverlib.lib
       interrupt.obj                  52     0         620    
    +--+------------------------------+------+---------+---------+
       Total:                         52     0         620    
                                                              
    C:\ti\ccs910\ccs\tools\compiler\ti-cgt-arm_18.12.2.LTS\lib\rtsv7M4_T_le_v4SPD16_eabi.lib
       _printfi.c.obj                 4851   0         0      
       fd_add_t2.asm.obj              438    0         0      
       fd_div_t2.asm.obj              310    0         0      
       s_scalbn.c.obj                 272    0         0      
       fd_cmp_t2.asm.obj              268    0         0      
       ctype.c.obj                    0      257       0      
       fd_mul_t2.asm.obj              252    0         0      
       memcpy_t2.asm.obj              156    0         0      
       ull_div_t2.asm.obj             150    0         0      
       vsnprintf.c.obj                136    0         0      
       memset_t2.asm.obj              122    0         0      
       copy_decompress_lzss.c.obj     104    0         0      
       s_frexp.c.obj                  100    0         0      
       ltoa.c.obj                     84     0         0      
       atoi.c.obj                     76     0         0      
       fd_toi_t2.asm.obj              72     0         0      
       autoinit.c.obj                 68     0         0      
       boot_cortex_m.c.obj            52     0         0      
       i_tofd_t2.asm.obj              46     0         0      
       copy_zero_init.c.obj           28     0         0      
       memccpy.c.obj                  28     0         0      
       s_copysign.c.obj               26     0         0      
       strcmp.c.obj                   24     0         0      
       strchr.c.obj                   22     0         0      
       strcpy.c.obj                   20     0         0      
       strlen.c.obj                   20     0         0      
       wcslen.c.obj                   18     0         0      
       copy_decompress_none.c.obj     14     0         0      
       errno.c.obj                    8      0         4      
       exit.c.obj                     4      0         0      
       pre_init.c.obj                 4      0         0      
       div0.asm.obj                   2      0         0      
    +--+------------------------------+------+---------+---------+
       Total:                         7775   257       4      
                                                              
       Stack:                         0      0         2048   
       Linker Generated:              0      59        0      
    +--+------------------------------+------+---------+---------+
       Grand Total:                   9939   944       2762   


LINKER GENERATED COPY TABLES

__TI_cinit_table @ 00002a80 records: 3, size/record: 8, table size: 24
	.bss: load addr=00002a68, load size=00000008 bytes, run addr=20000a70, run size=00000058 bytes, compression=zero_init
	.vtable: load addr=00002a70, load size=00000008 bytes, run addr=20000000, run size=0000026c bytes, compression=zero_init
	.data: load addr=00002a78, load size=00000007 bytes, run addr=20000ac8, run size=00000006 bytes, compression=lzss


LINKER GENERATED HANDLER TABLE

__TI_handler_table @ 00002a58 records: 3, size/record: 4, table size: 12
	index: 0, handler: __TI_zero_init
	index: 1, handler: __TI_decompress_lzss
	index: 2, handler: __TI_decompress_none


GLOBAL SYMBOLS: SORTED ALPHABETICALLY BY Name 

address   name                          
-------   ----                          
00002949  C$$EXIT                       
00002779  IntRegister                   
0000292f  ResetISR                      
20000a70  __STACK_END                   
00000800  __STACK_SIZE                  
20000470  __STACK_TOP                   
00002a80  __TI_CINIT_Base               
00002a98  __TI_CINIT_Limit              
00002a58  __TI_Handler_Table_Base       
00002a64  __TI_Handler_Table_Limit      
000026b5  __TI_auto_init_nobinit_nopinit
00002457  __TI_decompress_lzss          
00002921  __TI_decompress_none          
ffffffff  __TI_pprof_out_hndl           
0000026d  __TI_printfi                  
ffffffff  __TI_prof_data_size           
ffffffff  __TI_prof_data_start          
00000000  __TI_static_base__            
0000283f  __TI_zero_init_nomemset       
000021ed  __aeabi_cdcmpeq               
000021ed  __aeabi_cdcmple               
00002273  __aeabi_cdrcmple              
0000266d  __aeabi_d2iz                  
00001677  __aeabi_dadd                  
00001ad9  __aeabi_ddiv                  
00001e45  __aeabi_dmul                  
0000166d  __aeabi_dsub                  
0000293d  __aeabi_errno_addr            
00002811  __aeabi_i2d                   
00000cbb  __aeabi_idiv0                 
00000cbb  __aeabi_ldiv0                 
000022f9  __aeabi_memclr                
000022f9  __aeabi_memclr4               
000022f9  __aeabi_memclr8               
000020bb  __aeabi_memcpy                
000020bb  __aeabi_memcpy4               
000020bb  __aeabi_memcpy8               
000022fb  __aeabi_memset                
000022fb  __aeabi_memset4               
000022fb  __aeabi_memset8               
00002157  __aeabi_uldivmod              
ffffffff  __binit__                     
ffffffff  __c_args__                    
UNDEFED   __mpu_init                    
20000270  __stack                       
000027ad  _c_int00_noargs               
0000294c  _ctypes_                      
20000acc  _running                      
UNDEFED   _system_post_cinit            
00002945  _system_pre_init              
20000ac4  _timeout_ticks                
00002949  abort                         
00002621  atoi                          
ffffffff  binit                         
0000239f  button_getButton              
00002375  button_init                   
00002877  copysign                      
00002877  copysignl                     
20000ac8  errno                         
000024c1  frexp                         
000024c1  frexpl                        
20000000  g_pfnRAMVectors               
00000000  g_pfnVectors                  
00002911  lcd_clear                     
00000e91  lcd_gotoLine                  
00000cf9  lcd_init                      
00000ef7  lcd_printf                    
00000db9  lcd_putc                      
00000df1  lcd_puts                      
00000cbd  lcd_reverseNibble             
00000e0f  lcd_sendCommand               
00000e4d  lcd_sendNibble                
00000eb9  lcd_setCursorPos              
00001d35  ldexp                         
00001d35  ldexpl                        
0000257b  ltoa                          
00001f41  main                          
0000285b  memccpy                       
000020bb  memcpy                        
00002301  memset                        
00001905  move_servo                    
00001d35  scalbn                        
00001d35  scalbnl                       
000028c1  strchr                        
000028a9  strcmp                        
000028d7  strcpy                        
000028eb  strlen                        
00001825  timer1_init                   
00001373  timer_getMicros               
0000131b  timer_getMillis               
00001255  timer_init                    
000012f7  timer_pause                   
00001309  timer_resume                  
000012cd  timer_stop                    
000013cd  timer_waitMicros              
00001401  timer_waitMillis              
000026f9  vsnprintf                     
000028ff  wcslen                        


GLOBAL SYMBOLS: SORTED BY Symbol Address 

address   name                          
-------   ----                          
00000000  __TI_static_base__            
00000000  g_pfnVectors                  
0000026d  __TI_printfi                  
00000800  __STACK_SIZE                  
00000cbb  __aeabi_idiv0                 
00000cbb  __aeabi_ldiv0                 
00000cbd  lcd_reverseNibble             
00000cf9  lcd_init                      
00000db9  lcd_putc                      
00000df1  lcd_puts                      
00000e0f  lcd_sendCommand               
00000e4d  lcd_sendNibble                
00000e91  lcd_gotoLine                  
00000eb9  lcd_setCursorPos              
00000ef7  lcd_printf                    
00001255  timer_init                    
000012cd  timer_stop                    
000012f7  timer_pause                   
00001309  timer_resume                  
0000131b  timer_getMillis               
00001373  timer_getMicros               
000013cd  timer_waitMicros              
00001401  timer_waitMillis              
0000166d  __aeabi_dsub                  
00001677  __aeabi_dadd                  
00001825  timer1_init                   
00001905  move_servo                    
00001ad9  __aeabi_ddiv                  
00001d35  ldexp                         
00001d35  ldexpl                        
00001d35  scalbn                        
00001d35  scalbnl                       
00001e45  __aeabi_dmul                  
00001f41  main                          
000020bb  __aeabi_memcpy                
000020bb  __aeabi_memcpy4               
000020bb  __aeabi_memcpy8               
000020bb  memcpy                        
00002157  __aeabi_uldivmod              
000021ed  __aeabi_cdcmpeq               
000021ed  __aeabi_cdcmple               
00002273  __aeabi_cdrcmple              
000022f9  __aeabi_memclr                
000022f9  __aeabi_memclr4               
000022f9  __aeabi_memclr8               
000022fb  __aeabi_memset                
000022fb  __aeabi_memset4               
000022fb  __aeabi_memset8               
00002301  memset                        
00002375  button_init                   
0000239f  button_getButton              
00002457  __TI_decompress_lzss          
000024c1  frexp                         
000024c1  frexpl                        
0000257b  ltoa                          
00002621  atoi                          
0000266d  __aeabi_d2iz                  
000026b5  __TI_auto_init_nobinit_nopinit
000026f9  vsnprintf                     
00002779  IntRegister                   
000027ad  _c_int00_noargs               
00002811  __aeabi_i2d                   
0000283f  __TI_zero_init_nomemset       
0000285b  memccpy                       
00002877  copysign                      
00002877  copysignl                     
000028a9  strcmp                        
000028c1  strchr                        
000028d7  strcpy                        
000028eb  strlen                        
000028ff  wcslen                        
00002911  lcd_clear                     
00002921  __TI_decompress_none          
0000292f  ResetISR                      
0000293d  __aeabi_errno_addr            
00002945  _system_pre_init              
00002949  C$$EXIT                       
00002949  abort                         
0000294c  _ctypes_                      
00002a58  __TI_Handler_Table_Base       
00002a64  __TI_Handler_Table_Limit      
00002a80  __TI_CINIT_Base               
00002a98  __TI_CINIT_Limit              
20000000  g_pfnRAMVectors               
20000270  __stack                       
20000470  __STACK_TOP                   
20000a70  __STACK_END                   
20000ac4  _timeout_ticks                
20000ac8  errno                         
20000acc  _running                      
ffffffff  __TI_pprof_out_hndl           
ffffffff  __TI_prof_data_size           
ffffffff  __TI_prof_data_start          
ffffffff  __binit__                     
ffffffff  __c_args__                    
ffffffff  binit                         
UNDEFED   __mpu_init                    
UNDEFED   _system_post_cinit            

[98 symbols]
