******************************************************************************
                  TI ARM Linker PC v18.12.2                    
******************************************************************************
>> Linked Thu Sep 12 12:14:46 2019

OUTPUT FILE NAME:   <lab_1.out>
ENTRY POINT SYMBOL: "_c_int00_noargs"  address: 000025b1


MEMORY CONFIGURATION

         name            origin    length      used     unused   attr    fill
----------------------  --------  ---------  --------  --------  ----  --------
  FLASH                 00000000   00040000  000028d4  0003d72c  R  X
  SRAM                  20000000   00008000  000012c9  00006d37  RW X


SEGMENT ALLOCATION MAP

run origin  load origin   length   init length attrs members
----------  ----------- ---------- ----------- ----- -------
00000000    00000000    000028d8   000028d8    r-x
  00000000    00000000    0000026c   0000026c    r-- .intvecs
  0000026c    0000026c    000024e4   000024e4    r-x .text
  00002750    00002750    00000144   00000144    r-- .const
  00002898    00002898    00000040   00000040    r-- .cinit
20000000    20000000    000012cd   00000000    rw-
  20000000    20000000    0000026c   00000000    rw- .vtable
  20000270    20000270    00001000   00000000    rw- .stack
  20001270    20001270    00000058   00000000    rw- .bss
  200012c8    200012c8    00000005   00000000    rw- .data


SECTION ALLOCATION MAP

 output                                  attributes/
section   page    origin      length       input sections
--------  ----  ----------  ----------   ----------------
.intvecs   0    00000000    0000026c     
                  00000000    0000026c     tm4c123gh6pm_startup_ccs.obj (.intvecs)

.text      0    0000026c    000024e4     
                  0000026c    00000a4e     rtsv7M4_T_le_v4SPD16_eabi.lib : _printfi.c.obj (.text:__TI_printfi)
                  00000cba    00000002                                   : div0.asm.obj (.text)
                  00000cbc    00000328     lcd.obj (.text)
                  00000fe4    00000270     rtsv7M4_T_le_v4SPD16_eabi.lib : _printfi.c.obj (.text:_pconv_a)
                  00001254    00000244     Timer.obj (.text)
                  00001498    000001d0     rtsv7M4_T_le_v4SPD16_eabi.lib : _printfi.c.obj (.text:_pconv_g)
                  00001668    000001b6                                   : fd_add_t2.asm.obj (.text)
                  0000181e    00000002     --HOLE-- [fill = 0]
                  00001820    0000013c                                   : _printfi.c.obj (.text:_pconv_e)
                  0000195c    00000136                                   : fd_div_t2.asm.obj (.text)
                  00001a92    00000002     --HOLE-- [fill = 0]
                  00001a94    00000124                                   : _printfi.c.obj (.text:fcvt)
                  00001bb8    00000110                                   : s_scalbn.c.obj (.text:scalbn)
                  00001cc8    000000fc                                   : fd_mul_t2.asm.obj (.text)
                  00001dc4    000000c0     helloworld.obj (.text)
                  00001e84    000000b1     rtsv7M4_T_le_v4SPD16_eabi.lib : _printfi.c.obj (.text:_ltostr)
                  00001f35    00000001     --HOLE-- [fill = 0]
                  00001f36    0000009c                                   : memcpy_t2.asm.obj (.text)
                  00001fd2    00000096                                   : ull_div_t2.asm.obj (.text)
                  00002068    00000086                                   : fd_cmp_t2.asm.obj (.text:__aeabi_cdcmple)
                  000020ee    00000086                                   : fd_cmp_t2.asm.obj (.text:__aeabi_cdrcmple)
                  00002174    0000007a                                   : memset_t2.asm.obj (.text)
                  000021ee    0000006e                                   : _printfi.c.obj (.text:_mcpy)
                  0000225c    00000068                                   : copy_decompress_lzss.c.obj (.text:decompress:lzss:__TI_decompress_lzss)
                  000022c4    00000064                                   : s_frexp.c.obj (.text:frexp)
                  00002328    00000056                                   : _printfi.c.obj (.text:_pconv_f)
                  0000237e    00000054                                   : ltoa.c.obj (.text:ltoa)
                  000023d2    00000052                                   : _printfi.c.obj (.text:_ecpy)
                  00002424    0000004c                                   : atoi.c.obj (.text:atoi)
                  00002470    00000048                                   : fd_toi_t2.asm.obj (.text)
                  000024b8    00000044                                   : autoinit.c.obj (.text:__TI_auto_init_nobinit_nopinit:__TI_auto_init_nobinit_nopinit)
                  000024fc    00000040                                   : vsnprintf.c.obj (.text:vsnprintf)
                  0000253c    0000003e                                   : _printfi.c.obj (.text:_fcpy)
                  0000257a    00000002     --HOLE-- [fill = 0]
                  0000257c    00000034     driverlib.lib : interrupt.obj (.text:IntRegister)
                  000025b0    00000034     rtsv7M4_T_le_v4SPD16_eabi.lib : boot_cortex_m.c.obj (.text:_c_int00_noargs:_c_int00_noargs)
                  000025e4    00000030                                   : vsnprintf.c.obj (.text:_outs)
                  00002614    0000002e                                   : i_tofd_t2.asm.obj (.text)
                  00002642    0000001c                                   : copy_zero_init.c.obj (.text:decompress:ZI:__TI_zero_init_nomemset:__TI_zero_init_nomemset)
                  0000265e    0000001c                                   : memccpy.c.obj (.text:memccpy)
                  0000267a    0000001a                                   : s_copysign.c.obj (.text:copysign)
                  00002694    00000018                                   : vsnprintf.c.obj (.text:_outc)
                  000026ac    00000018                                   : strcmp.c.obj (.text:strcmp)
                  000026c4    00000016                                   : strchr.c.obj (.text:strchr)
                  000026da    00000014                                   : strcpy.c.obj (.text:strcpy)
                  000026ee    00000014                                   : strlen.c.obj (.text:strlen)
                  00002702    00000012                                   : wcslen.c.obj (.text:wcslen)
                  00002714    00000010     lcd.obj (.text:lcd_clear)
                  00002724    0000000e     rtsv7M4_T_le_v4SPD16_eabi.lib : copy_decompress_none.c.obj (.text:decompress:none:__TI_decompress_none)
                  00002732    0000000c     tm4c123gh6pm_startup_ccs.obj (.text)
                  0000273e    00000002     --HOLE-- [fill = 0]
                  00002740    00000008     rtsv7M4_T_le_v4SPD16_eabi.lib : errno.c.obj (.text:__aeabi_errno_addr)
                  00002748    00000004                                   : pre_init.c.obj (.text:_system_pre_init)
                  0000274c    00000004                                   : exit.c.obj (.text:abort:abort)

.const     0    00002750    00000144     
                  00002750    00000101     rtsv7M4_T_le_v4SPD16_eabi.lib : ctype.c.obj (.const:.string:_ctypes_)
                  00002851    00000026     helloworld.obj (.const:.string:$P$T0$1)
                  00002877    00000015     helloworld.obj (.const:.string:$P$T1$2)
                  0000288c    00000004     lcd.obj (.const:.string:lineAddress$1)
                  00002890    00000004     lcd.obj (.const:.string:lineAddresses$2)

.cinit     0    00002898    00000040     
                  00002898    0000000c     (__TI_handler_table)
                  000028a4    00000004     --HOLE-- [fill = 0]
                  000028a8    00000008     (.cinit..bss.load) [load image, compression = zero_init]
                  000028b0    00000008     (.cinit..vtable.load) [load image, compression = zero_init]
                  000028b8    00000007     (.cinit..data.load) [load image, compression = lzss]
                  000028bf    00000001     --HOLE-- [fill = 0]
                  000028c0    00000018     (__TI_cinit_table)

.init_array 
*          0    00000000    00000000     UNINITIALIZED

.vtable    0    20000000    0000026c     UNINITIALIZED
                  20000000    0000026c     driverlib.lib : interrupt.obj (.vtable)

.bss       0    20001270    00000058     UNINITIALIZED
                  20001270    00000054     lcd.obj (.bss:lastbuffer$3)
                  200012c4    00000004     (.common:_timeout_ticks)

.data      0    200012c8    00000005     UNINITIALIZED
                  200012c8    00000004     rtsv7M4_T_le_v4SPD16_eabi.lib : errno.c.obj (.data)
                  200012cc    00000001     Timer.obj (.data)

.stack     0    20000270    00001000     UNINITIALIZED
                  20000270    00000004     rtsv7M4_T_le_v4SPD16_eabi.lib : boot_cortex_m.c.obj (.stack)
                  20000274    00000ffc     --HOLE--

MODULE SUMMARY

       Module                         code   ro data   rw data
       ------                         ----   -------   -------
    .\
       lcd.obj                        824    8         84     
       tm4c123gh6pm_startup_ccs.obj   12     620       0      
       Timer.obj                      580    0         5      
       helloworld.obj                 192    59        0      
    +--+------------------------------+------+---------+---------+
       Total:                         1608   687       89     
                                                              
    C:/ti/TivaWare_C_Series-2.1.4.178/driverlib/ccs/Debug/driverlib.lib
       interrupt.obj                  52     0         620    
    +--+------------------------------+------+---------+---------+
       Total:                         52     0         620    
                                                              
    C:\ti\ccs910\ccs\tools\compiler\ti-cgt-arm_18.12.2.LTS\lib\rtsv7M4_T_le_v4SPD16_eabi.lib
       _printfi.c.obj                 4851   0         0      
       fd_add_t2.asm.obj              438    0         0      
       fd_div_t2.asm.obj              310    0         0      
       s_scalbn.c.obj                 272    0         0      
       fd_cmp_t2.asm.obj              268    0         0      
       ctype.c.obj                    0      257       0      
       fd_mul_t2.asm.obj              252    0         0      
       memcpy_t2.asm.obj              156    0         0      
       ull_div_t2.asm.obj             150    0         0      
       vsnprintf.c.obj                136    0         0      
       memset_t2.asm.obj              122    0         0      
       copy_decompress_lzss.c.obj     104    0         0      
       s_frexp.c.obj                  100    0         0      
       ltoa.c.obj                     84     0         0      
       atoi.c.obj                     76     0         0      
       fd_toi_t2.asm.obj              72     0         0      
       autoinit.c.obj                 68     0         0      
       boot_cortex_m.c.obj            52     0         0      
       i_tofd_t2.asm.obj              46     0         0      
       copy_zero_init.c.obj           28     0         0      
       memccpy.c.obj                  28     0         0      
       s_copysign.c.obj               26     0         0      
       strcmp.c.obj                   24     0         0      
       strchr.c.obj                   22     0         0      
       strcpy.c.obj                   20     0         0      
       strlen.c.obj                   20     0         0      
       wcslen.c.obj                   18     0         0      
       copy_decompress_none.c.obj     14     0         0      
       errno.c.obj                    8      0         4      
       exit.c.obj                     4      0         0      
       pre_init.c.obj                 4      0         0      
       div0.asm.obj                   2      0         0      
    +--+------------------------------+------+---------+---------+
       Total:                         7775   257       4      
                                                              
       Stack:                         0      0         4096   
       Linker Generated:              0      59        0      
    +--+------------------------------+------+---------+---------+
       Grand Total:                   9435   1003      4809   


LINKER GENERATED COPY TABLES

__TI_cinit_table @ 000028c0 records: 3, size/record: 8, table size: 24
	.bss: load addr=000028a8, load size=00000008 bytes, run addr=20001270, run size=00000058 bytes, compression=zero_init
	.vtable: load addr=000028b0, load size=00000008 bytes, run addr=20000000, run size=0000026c bytes, compression=zero_init
	.data: load addr=000028b8, load size=00000007 bytes, run addr=200012c8, run size=00000005 bytes, compression=lzss


LINKER GENERATED HANDLER TABLE

__TI_handler_table @ 00002898 records: 3, size/record: 4, table size: 12
	index: 0, handler: __TI_zero_init
	index: 1, handler: __TI_decompress_lzss
	index: 2, handler: __TI_decompress_none


GLOBAL SYMBOLS: SORTED ALPHABETICALLY BY Name 

address   name                          
-------   ----                          
0000274d  C$$EXIT                       
0000257d  IntRegister                   
00002733  ResetISR                      
20001270  __STACK_END                   
00001000  __STACK_SIZE                  
20000470  __STACK_TOP                   
000028c0  __TI_CINIT_Base               
000028d8  __TI_CINIT_Limit              
00002898  __TI_Handler_Table_Base       
000028a4  __TI_Handler_Table_Limit      
000024b9  __TI_auto_init_nobinit_nopinit
0000225d  __TI_decompress_lzss          
00002725  __TI_decompress_none          
ffffffff  __TI_pprof_out_hndl           
0000026d  __TI_printfi                  
ffffffff  __TI_prof_data_size           
ffffffff  __TI_prof_data_start          
00000000  __TI_static_base__            
00002643  __TI_zero_init_nomemset       
00002069  __aeabi_cdcmpeq               
00002069  __aeabi_cdcmple               
000020ef  __aeabi_cdrcmple              
00002471  __aeabi_d2iz                  
00001673  __aeabi_dadd                  
0000195d  __aeabi_ddiv                  
00001cc9  __aeabi_dmul                  
00001669  __aeabi_dsub                  
00002741  __aeabi_errno_addr            
00002615  __aeabi_i2d                   
00000cbb  __aeabi_idiv0                 
00000cbb  __aeabi_ldiv0                 
00002175  __aeabi_memclr                
00002175  __aeabi_memclr4               
00002175  __aeabi_memclr8               
00001f37  __aeabi_memcpy                
00001f37  __aeabi_memcpy4               
00001f37  __aeabi_memcpy8               
00002177  __aeabi_memset                
00002177  __aeabi_memset4               
00002177  __aeabi_memset8               
00001fd3  __aeabi_uldivmod              
ffffffff  __binit__                     
ffffffff  __c_args__                    
UNDEFED   __mpu_init                    
20000270  __stack                       
000025b1  _c_int00_noargs               
00002750  _ctypes_                      
200012cc  _running                      
UNDEFED   _system_post_cinit            
00002749  _system_pre_init              
200012c4  _timeout_ticks                
0000274d  abort                         
00002425  atoi                          
ffffffff  binit                         
0000267b  copysign                      
0000267b  copysignl                     
200012c8  errno                         
000022c5  frexp                         
000022c5  frexpl                        
20000000  g_pfnRAMVectors               
00000000  g_pfnVectors                  
00002715  lcd_clear                     
00000e91  lcd_gotoLine                  
00000cf9  lcd_init                      
00000ef7  lcd_printf                    
00000db9  lcd_putc                      
00000df1  lcd_puts                      
00000cbd  lcd_reverseNibble             
00000e0f  lcd_sendCommand               
00000e4d  lcd_sendNibble                
00000eb9  lcd_setCursorPos              
00001bb9  ldexp                         
00001bb9  ldexpl                        
0000237f  ltoa                          
00001dc5  main                          
0000265f  memccpy                       
00001f37  memcpy                        
0000217d  memset                        
00001bb9  scalbn                        
00001bb9  scalbnl                       
000026c5  strchr                        
000026ad  strcmp                        
000026db  strcpy                        
000026ef  strlen                        
00001373  timer_getMicros               
0000131b  timer_getMillis               
00001255  timer_init                    
000012f7  timer_pause                   
00001309  timer_resume                  
000012cd  timer_stop                    
000013c7  timer_waitMicros              
000013fb  timer_waitMillis              
000024fd  vsnprintf                     
00002703  wcslen                        


GLOBAL SYMBOLS: SORTED BY Symbol Address 

address   name                          
-------   ----                          
00000000  __TI_static_base__            
00000000  g_pfnVectors                  
0000026d  __TI_printfi                  
00000cbb  __aeabi_idiv0                 
00000cbb  __aeabi_ldiv0                 
00000cbd  lcd_reverseNibble             
00000cf9  lcd_init                      
00000db9  lcd_putc                      
00000df1  lcd_puts                      
00000e0f  lcd_sendCommand               
00000e4d  lcd_sendNibble                
00000e91  lcd_gotoLine                  
00000eb9  lcd_setCursorPos              
00000ef7  lcd_printf                    
00001000  __STACK_SIZE                  
00001255  timer_init                    
000012cd  timer_stop                    
000012f7  timer_pause                   
00001309  timer_resume                  
0000131b  timer_getMillis               
00001373  timer_getMicros               
000013c7  timer_waitMicros              
000013fb  timer_waitMillis              
00001669  __aeabi_dsub                  
00001673  __aeabi_dadd                  
0000195d  __aeabi_ddiv                  
00001bb9  ldexp                         
00001bb9  ldexpl                        
00001bb9  scalbn                        
00001bb9  scalbnl                       
00001cc9  __aeabi_dmul                  
00001dc5  main                          
00001f37  __aeabi_memcpy                
00001f37  __aeabi_memcpy4               
00001f37  __aeabi_memcpy8               
00001f37  memcpy                        
00001fd3  __aeabi_uldivmod              
00002069  __aeabi_cdcmpeq               
00002069  __aeabi_cdcmple               
000020ef  __aeabi_cdrcmple              
00002175  __aeabi_memclr                
00002175  __aeabi_memclr4               
00002175  __aeabi_memclr8               
00002177  __aeabi_memset                
00002177  __aeabi_memset4               
00002177  __aeabi_memset8               
0000217d  memset                        
0000225d  __TI_decompress_lzss          
000022c5  frexp                         
000022c5  frexpl                        
0000237f  ltoa                          
00002425  atoi                          
00002471  __aeabi_d2iz                  
000024b9  __TI_auto_init_nobinit_nopinit
000024fd  vsnprintf                     
0000257d  IntRegister                   
000025b1  _c_int00_noargs               
00002615  __aeabi_i2d                   
00002643  __TI_zero_init_nomemset       
0000265f  memccpy                       
0000267b  copysign                      
0000267b  copysignl                     
000026ad  strcmp                        
000026c5  strchr                        
000026db  strcpy                        
000026ef  strlen                        
00002703  wcslen                        
00002715  lcd_clear                     
00002725  __TI_decompress_none          
00002733  ResetISR                      
00002741  __aeabi_errno_addr            
00002749  _system_pre_init              
0000274d  C$$EXIT                       
0000274d  abort                         
00002750  _ctypes_                      
00002898  __TI_Handler_Table_Base       
000028a4  __TI_Handler_Table_Limit      
000028c0  __TI_CINIT_Base               
000028d8  __TI_CINIT_Limit              
20000000  g_pfnRAMVectors               
20000270  __stack                       
20000470  __STACK_TOP                   
20001270  __STACK_END                   
200012c4  _timeout_ticks                
200012c8  errno                         
200012cc  _running                      
ffffffff  __TI_pprof_out_hndl           
ffffffff  __TI_prof_data_size           
ffffffff  __TI_prof_data_start          
ffffffff  __binit__                     
ffffffff  __c_args__                    
ffffffff  binit                         
UNDEFED   __mpu_init                    
UNDEFED   _system_post_cinit            

[94 symbols]
