******************************************************************************
                  TI ARM Linker PC v18.12.2                    
******************************************************************************
>> Linked Wed Oct  2 12:39:18 2019

OUTPUT FILE NAME:   <lab_3.out>
ENTRY POINT SYMBOL: "_c_int00_noargs"  address: 00002569


MEMORY CONFIGURATION

         name            origin    length      used     unused   attr    fill
----------------------  --------  ---------  --------  --------  ----  --------
  FLASH                 00000000   00040000  00002881  0003d77f  R  X
  SRAM                  20000000   00008000  000022ca  00005d36  RW X


SEGMENT ALLOCATION MAP

run origin  load origin   length   init length attrs members
----------  ----------- ---------- ----------- ----- -------
00000000    00000000    00002888   00002888    r-x
  00000000    00000000    0000026c   0000026c    r-- .intvecs
  0000026c    0000026c    000024cc   000024cc    r-x .text
  00002738    00002738    00000109   00000109    r-- .const
  00002848    00002848    00000040   00000040    r-- .cinit
20000000    20000000    000022ce   00000000    rw-
  20000000    20000000    0000026c   00000000    rw- .vtable
  20000270    20000270    00001000   00000000    rw- .stack
  20001270    20001270    00001000   00000000    rw- .sysmem
  20002270    20002270    00000058   00000000    rw- .bss
  200022c8    200022c8    00000006   00000000    rw- .data


SECTION ALLOCATION MAP

 output                                  attributes/
section   page    origin      length       input sections
--------  ----  ----------  ----------   ----------------
.intvecs   0    00000000    0000026c     
                  00000000    0000026c     tm4c123gh6pm_startup_ccs.obj (.intvecs)

.text      0    0000026c    000024cc     
                  0000026c    00000a4e     rtsv7M4_T_le_v4SPD16_eabi.lib : _printfi.c.obj (.text:__TI_printfi)
                  00000cba    00000002                                   : div0.asm.obj (.text)
                  00000cbc    00000328     lcd.obj (.text)
                  00000fe4    00000270     rtsv7M4_T_le_v4SPD16_eabi.lib : _printfi.c.obj (.text:_pconv_a)
                  00001254    00000244     Timer.obj (.text)
                  00001498    000001d0     rtsv7M4_T_le_v4SPD16_eabi.lib : _printfi.c.obj (.text:_pconv_g)
                  00001668    000001b6                                   : fd_add_t2.asm.obj (.text)
                  0000181e    00000002     --HOLE-- [fill = 0]
                  00001820    0000013c                                   : _printfi.c.obj (.text:_pconv_e)
                  0000195c    00000136                                   : fd_div_t2.asm.obj (.text)
                  00001a92    00000002     --HOLE-- [fill = 0]
                  00001a94    00000124                                   : _printfi.c.obj (.text:fcvt)
                  00001bb8    00000110                                   : s_scalbn.c.obj (.text:scalbn)
                  00001cc8    000000fc                                   : fd_mul_t2.asm.obj (.text)
                  00001dc4    000000b1                                   : _printfi.c.obj (.text:_ltostr)
                  00001e75    00000001     --HOLE-- [fill = 0]
                  00001e76    0000009c                                   : memcpy_t2.asm.obj (.text)
                  00001f12    00000096                                   : ull_div_t2.asm.obj (.text)
                  00001fa8    00000086                                   : fd_cmp_t2.asm.obj (.text:__aeabi_cdcmple)
                  0000202e    00000086                                   : fd_cmp_t2.asm.obj (.text:__aeabi_cdrcmple)
                  000020b4    0000007a                                   : memset_t2.asm.obj (.text)
                  0000212e    00000002     --HOLE-- [fill = 0]
                  00002130    00000074     button.obj (.text)
                  000021a4    0000006e     rtsv7M4_T_le_v4SPD16_eabi.lib : _printfi.c.obj (.text:_mcpy)
                  00002212    00000068                                   : copy_decompress_lzss.c.obj (.text:decompress:lzss:__TI_decompress_lzss)
                  0000227a    00000002     --HOLE-- [fill = 0]
                  0000227c    00000064                                   : s_frexp.c.obj (.text:frexp)
                  000022e0    00000056                                   : _printfi.c.obj (.text:_pconv_f)
                  00002336    00000054                                   : ltoa.c.obj (.text:ltoa)
                  0000238a    00000052                                   : _printfi.c.obj (.text:_ecpy)
                  000023dc    0000004c                                   : atoi.c.obj (.text:atoi)
                  00002428    00000048                                   : fd_toi_t2.asm.obj (.text)
                  00002470    00000044                                   : autoinit.c.obj (.text:__TI_auto_init_nobinit_nopinit:__TI_auto_init_nobinit_nopinit)
                  000024b4    00000040                                   : vsnprintf.c.obj (.text:vsnprintf)
                  000024f4    0000003e                                   : _printfi.c.obj (.text:_fcpy)
                  00002532    00000002     --HOLE-- [fill = 0]
                  00002534    00000034     driverlib.lib : interrupt.obj (.text:IntRegister)
                  00002568    00000034     rtsv7M4_T_le_v4SPD16_eabi.lib : boot_cortex_m.c.obj (.text:_c_int00_noargs:_c_int00_noargs)
                  0000259c    00000030                                   : vsnprintf.c.obj (.text:_outs)
                  000025cc    00000030     main.obj (.text)
                  000025fc    0000002e     rtsv7M4_T_le_v4SPD16_eabi.lib : i_tofd_t2.asm.obj (.text)
                  0000262a    0000001c                                   : copy_zero_init.c.obj (.text:decompress:ZI:__TI_zero_init_nomemset:__TI_zero_init_nomemset)
                  00002646    0000001c                                   : memccpy.c.obj (.text:memccpy)
                  00002662    0000001a                                   : s_copysign.c.obj (.text:copysign)
                  0000267c    00000018                                   : vsnprintf.c.obj (.text:_outc)
                  00002694    00000018                                   : strcmp.c.obj (.text:strcmp)
                  000026ac    00000016                                   : strchr.c.obj (.text:strchr)
                  000026c2    00000014                                   : strcpy.c.obj (.text:strcpy)
                  000026d6    00000014                                   : strlen.c.obj (.text:strlen)
                  000026ea    00000012                                   : wcslen.c.obj (.text:wcslen)
                  000026fc    00000010     lcd.obj (.text:lcd_clear)
                  0000270c    0000000e     rtsv7M4_T_le_v4SPD16_eabi.lib : copy_decompress_none.c.obj (.text:decompress:none:__TI_decompress_none)
                  0000271a    0000000c     tm4c123gh6pm_startup_ccs.obj (.text)
                  00002726    00000002     --HOLE-- [fill = 0]
                  00002728    00000008     rtsv7M4_T_le_v4SPD16_eabi.lib : errno.c.obj (.text:__aeabi_errno_addr)
                  00002730    00000004                                   : pre_init.c.obj (.text:_system_pre_init)
                  00002734    00000004                                   : exit.c.obj (.text:abort:abort)

.const     0    00002738    00000109     
                  00002738    00000101     rtsv7M4_T_le_v4SPD16_eabi.lib : ctype.c.obj (.const:.string:_ctypes_)
                  00002839    00000004     lcd.obj (.const:.string:lineAddress$1)
                  0000283d    00000004     lcd.obj (.const:.string:lineAddresses$2)

.cinit     0    00002848    00000040     
                  00002848    0000000c     (__TI_handler_table)
                  00002854    00000004     --HOLE-- [fill = 0]
                  00002858    00000008     (.cinit..bss.load) [load image, compression = zero_init]
                  00002860    00000008     (.cinit..vtable.load) [load image, compression = zero_init]
                  00002868    00000007     (.cinit..data.load) [load image, compression = lzss]
                  0000286f    00000001     --HOLE-- [fill = 0]
                  00002870    00000018     (__TI_cinit_table)

.init_array 
*          0    00000000    00000000     UNINITIALIZED

.vtable    0    20000000    0000026c     UNINITIALIZED
                  20000000    0000026c     driverlib.lib : interrupt.obj (.vtable)

.stack     0    20000270    00001000     UNINITIALIZED
                  20000270    00000004     rtsv7M4_T_le_v4SPD16_eabi.lib : boot_cortex_m.c.obj (.stack)
                  20000274    00000ffc     --HOLE--

.sysmem    0    20001270    00001000     UNINITIALIZED
                  20001270    00000010     rtsv7M4_T_le_v4SPD16_eabi.lib : memory.c.obj (.sysmem)
                  20001280    00000ff0     --HOLE--

.bss       0    20002270    00000058     UNINITIALIZED
                  20002270    00000054     lcd.obj (.bss:lastbuffer$3)
                  200022c4    00000004     (.common:_timeout_ticks)

.data      0    200022c8    00000006     UNINITIALIZED
                  200022c8    00000004     rtsv7M4_T_le_v4SPD16_eabi.lib : errno.c.obj (.data)
                  200022cc    00000001     Timer.obj (.data)
                  200022cd    00000001     button.obj (.data)

MODULE SUMMARY

       Module                         code   ro data   rw data
       ------                         ----   -------   -------
    .\
       lcd.obj                        824    8         84     
       tm4c123gh6pm_startup_ccs.obj   12     620       0      
       Timer.obj                      580    0         5      
       button.obj                     116    0         1      
       main.obj                       48     0         0      
    +--+------------------------------+------+---------+---------+
       Total:                         1580   628       90     
                                                              
    C:/ti/TivaWare_C_Series-2.1.4.178/driverlib/ccs/Debug/driverlib.lib
       interrupt.obj                  52     0         620    
    +--+------------------------------+------+---------+---------+
       Total:                         52     0         620    
                                                              
    C:\ti\ccs910\ccs\tools\compiler\ti-cgt-arm_18.12.2.LTS\lib\rtsv7M4_T_le_v4SPD16_eabi.lib
       _printfi.c.obj                 4851   0         0      
       fd_add_t2.asm.obj              438    0         0      
       fd_div_t2.asm.obj              310    0         0      
       s_scalbn.c.obj                 272    0         0      
       fd_cmp_t2.asm.obj              268    0         0      
       ctype.c.obj                    0      257       0      
       fd_mul_t2.asm.obj              252    0         0      
       memcpy_t2.asm.obj              156    0         0      
       ull_div_t2.asm.obj             150    0         0      
       vsnprintf.c.obj                136    0         0      
       memset_t2.asm.obj              122    0         0      
       copy_decompress_lzss.c.obj     104    0         0      
       s_frexp.c.obj                  100    0         0      
       ltoa.c.obj                     84     0         0      
       atoi.c.obj                     76     0         0      
       fd_toi_t2.asm.obj              72     0         0      
       autoinit.c.obj                 68     0         0      
       boot_cortex_m.c.obj            52     0         0      
       i_tofd_t2.asm.obj              46     0         0      
       copy_zero_init.c.obj           28     0         0      
       memccpy.c.obj                  28     0         0      
       s_copysign.c.obj               26     0         0      
       strcmp.c.obj                   24     0         0      
       strchr.c.obj                   22     0         0      
       strcpy.c.obj                   20     0         0      
       strlen.c.obj                   20     0         0      
       wcslen.c.obj                   18     0         0      
       copy_decompress_none.c.obj     14     0         0      
       errno.c.obj                    8      0         4      
       exit.c.obj                     4      0         0      
       pre_init.c.obj                 4      0         0      
       div0.asm.obj                   2      0         0      
    +--+------------------------------+------+---------+---------+
       Total:                         7775   257       4      
                                                              
       Heap:                          0      0         4096   
       Stack:                         0      0         4096   
       Linker Generated:              0      59        0      
    +--+------------------------------+------+---------+---------+
       Grand Total:                   9407   944       8906   


LINKER GENERATED COPY TABLES

__TI_cinit_table @ 00002870 records: 3, size/record: 8, table size: 24
	.bss: load addr=00002858, load size=00000008 bytes, run addr=20002270, run size=00000058 bytes, compression=zero_init
	.vtable: load addr=00002860, load size=00000008 bytes, run addr=20000000, run size=0000026c bytes, compression=zero_init
	.data: load addr=00002868, load size=00000007 bytes, run addr=200022c8, run size=00000006 bytes, compression=lzss


LINKER GENERATED HANDLER TABLE

__TI_handler_table @ 00002848 records: 3, size/record: 4, table size: 12
	index: 0, handler: __TI_zero_init
	index: 1, handler: __TI_decompress_lzss
	index: 2, handler: __TI_decompress_none


GLOBAL SYMBOLS: SORTED ALPHABETICALLY BY Name 

address   name                          
-------   ----                          
00002735  C$$EXIT                       
00002535  IntRegister                   
0000271b  ResetISR                      
20001270  __STACK_END                   
00001000  __STACK_SIZE                  
20000470  __STACK_TOP                   
00001000  __SYSMEM_SIZE                 
00002870  __TI_CINIT_Base               
00002888  __TI_CINIT_Limit              
00002848  __TI_Handler_Table_Base       
00002854  __TI_Handler_Table_Limit      
00002471  __TI_auto_init_nobinit_nopinit
00002213  __TI_decompress_lzss          
0000270d  __TI_decompress_none          
ffffffff  __TI_pprof_out_hndl           
0000026d  __TI_printfi                  
ffffffff  __TI_prof_data_size           
ffffffff  __TI_prof_data_start          
00000000  __TI_static_base__            
0000262b  __TI_zero_init_nomemset       
00001fa9  __aeabi_cdcmpeq               
00001fa9  __aeabi_cdcmple               
0000202f  __aeabi_cdrcmple              
00002429  __aeabi_d2iz                  
00001673  __aeabi_dadd                  
0000195d  __aeabi_ddiv                  
00001cc9  __aeabi_dmul                  
00001669  __aeabi_dsub                  
00002729  __aeabi_errno_addr            
000025fd  __aeabi_i2d                   
00000cbb  __aeabi_idiv0                 
00000cbb  __aeabi_ldiv0                 
000020b5  __aeabi_memclr                
000020b5  __aeabi_memclr4               
000020b5  __aeabi_memclr8               
00001e77  __aeabi_memcpy                
00001e77  __aeabi_memcpy4               
00001e77  __aeabi_memcpy8               
000020b7  __aeabi_memset                
000020b7  __aeabi_memset4               
000020b7  __aeabi_memset8               
00001f13  __aeabi_uldivmod              
ffffffff  __binit__                     
ffffffff  __c_args__                    
UNDEFED   __mpu_init                    
20000270  __stack                       
00002569  _c_int00_noargs               
00002738  _ctypes_                      
200022cc  _running                      
20001270  _sys_memory                   
UNDEFED   _system_post_cinit            
00002731  _system_pre_init              
200022c4  _timeout_ticks                
00002735  abort                         
000023dd  atoi                          
ffffffff  binit                         
0000215b  button_getButton              
00002131  button_init                   
00002663  copysign                      
00002663  copysignl                     
200022c8  errno                         
0000227d  frexp                         
0000227d  frexpl                        
20000000  g_pfnRAMVectors               
00000000  g_pfnVectors                  
000026fd  lcd_clear                     
00000e91  lcd_gotoLine                  
00000cf9  lcd_init                      
00000ef7  lcd_printf                    
00000db9  lcd_putc                      
00000df1  lcd_puts                      
00000cbd  lcd_reverseNibble             
00000e0f  lcd_sendCommand               
00000e4d  lcd_sendNibble                
00000eb9  lcd_setCursorPos              
00001bb9  ldexp                         
00001bb9  ldexpl                        
00002337  ltoa                          
000025cd  main                          
00002647  memccpy                       
00001e77  memcpy                        
000020bd  memset                        
00001bb9  scalbn                        
00001bb9  scalbnl                       
000026ad  strchr                        
00002695  strcmp                        
000026c3  strcpy                        
000026d7  strlen                        
00001373  timer_getMicros               
0000131b  timer_getMillis               
00001255  timer_init                    
000012f7  timer_pause                   
00001309  timer_resume                  
000012cd  timer_stop                    
000013c7  timer_waitMicros              
000013fb  timer_waitMillis              
000024b5  vsnprintf                     
000026eb  wcslen                        


GLOBAL SYMBOLS: SORTED BY Symbol Address 

address   name                          
-------   ----                          
00000000  __TI_static_base__            
00000000  g_pfnVectors                  
0000026d  __TI_printfi                  
00000cbb  __aeabi_idiv0                 
00000cbb  __aeabi_ldiv0                 
00000cbd  lcd_reverseNibble             
00000cf9  lcd_init                      
00000db9  lcd_putc                      
00000df1  lcd_puts                      
00000e0f  lcd_sendCommand               
00000e4d  lcd_sendNibble                
00000e91  lcd_gotoLine                  
00000eb9  lcd_setCursorPos              
00000ef7  lcd_printf                    
00001000  __STACK_SIZE                  
00001000  __SYSMEM_SIZE                 
00001255  timer_init                    
000012cd  timer_stop                    
000012f7  timer_pause                   
00001309  timer_resume                  
0000131b  timer_getMillis               
00001373  timer_getMicros               
000013c7  timer_waitMicros              
000013fb  timer_waitMillis              
00001669  __aeabi_dsub                  
00001673  __aeabi_dadd                  
0000195d  __aeabi_ddiv                  
00001bb9  ldexp                         
00001bb9  ldexpl                        
00001bb9  scalbn                        
00001bb9  scalbnl                       
00001cc9  __aeabi_dmul                  
00001e77  __aeabi_memcpy                
00001e77  __aeabi_memcpy4               
00001e77  __aeabi_memcpy8               
00001e77  memcpy                        
00001f13  __aeabi_uldivmod              
00001fa9  __aeabi_cdcmpeq               
00001fa9  __aeabi_cdcmple               
0000202f  __aeabi_cdrcmple              
000020b5  __aeabi_memclr                
000020b5  __aeabi_memclr4               
000020b5  __aeabi_memclr8               
000020b7  __aeabi_memset                
000020b7  __aeabi_memset4               
000020b7  __aeabi_memset8               
000020bd  memset                        
00002131  button_init                   
0000215b  button_getButton              
00002213  __TI_decompress_lzss          
0000227d  frexp                         
0000227d  frexpl                        
00002337  ltoa                          
000023dd  atoi                          
00002429  __aeabi_d2iz                  
00002471  __TI_auto_init_nobinit_nopinit
000024b5  vsnprintf                     
00002535  IntRegister                   
00002569  _c_int00_noargs               
000025cd  main                          
000025fd  __aeabi_i2d                   
0000262b  __TI_zero_init_nomemset       
00002647  memccpy                       
00002663  copysign                      
00002663  copysignl                     
00002695  strcmp                        
000026ad  strchr                        
000026c3  strcpy                        
000026d7  strlen                        
000026eb  wcslen                        
000026fd  lcd_clear                     
0000270d  __TI_decompress_none          
0000271b  ResetISR                      
00002729  __aeabi_errno_addr            
00002731  _system_pre_init              
00002735  C$$EXIT                       
00002735  abort                         
00002738  _ctypes_                      
00002848  __TI_Handler_Table_Base       
00002854  __TI_Handler_Table_Limit      
00002870  __TI_CINIT_Base               
00002888  __TI_CINIT_Limit              
20000000  g_pfnRAMVectors               
20000270  __stack                       
20000470  __STACK_TOP                   
20001270  __STACK_END                   
20001270  _sys_memory                   
200022c4  _timeout_ticks                
200022c8  errno                         
200022cc  _running                      
ffffffff  __TI_pprof_out_hndl           
ffffffff  __TI_prof_data_size           
ffffffff  __TI_prof_data_start          
ffffffff  __binit__                     
ffffffff  __c_args__                    
ffffffff  binit                         
UNDEFED   __mpu_init                    
UNDEFED   _system_post_cinit            

[98 symbols]
