******************************************************************************
                  TI ARM Linker PC v18.12.2                    
******************************************************************************
>> Linked Thu Oct  3 10:55:55 2019

OUTPUT FILE NAME:   <CYBOT.out>
ENTRY POINT SYMBOL: "_c_int00_noargs"  address: 000038d5


MEMORY CONFIGURATION

         name            origin    length      used     unused   attr    fill
----------------------  --------  ---------  --------  --------  ----  --------
  FLASH                 00000000   00040000  00003c8c  0003c374  R  X
  SRAM                  20000000   00008000  0000234a  00005cb6  RW X


SEGMENT ALLOCATION MAP

run origin  load origin   length   init length attrs members
----------  ----------- ---------- ----------- ----- -------
00000000    00000000    00003c90   00003c90    r-x
  00000000    00000000    0000026c   0000026c    r-- .intvecs
  0000026c    0000026c    000038b8   000038b8    r-x .text
  00003b24    00003b24    00000118   00000118    r-- .const
  00003c40    00003c40    00000050   00000050    r-- .cinit
20000000    20000000    0000234e   00000000    rw-
  20000000    20000000    0000026c   00000000    rw- .vtable
  20000270    20000270    00001000   00000000    rw- .stack
  20001270    20001270    00001000   00000000    rw- .sysmem
  20002270    20002270    000000a4   00000000    rw- .bss
  20002314    20002314    0000003a   00000000    rw- .data


SECTION ALLOCATION MAP

 output                                  attributes/
section   page    origin      length       input sections
--------  ----  ----------  ----------   ----------------
.intvecs   0    00000000    0000026c     
                  00000000    0000026c     tm4c123gh6pm_startup_ccs.obj (.intvecs)

.text      0    0000026c    000038b8     
                  0000026c    00000c20     open_interface.obj (.text)
                  00000e8c    00000a4e     rtsv7M4_T_le_v4SPD16_eabi.lib : _printfi.c.obj (.text:__TI_printfi)
                  000018da    00000002                                   : _lock.c.obj (.text:_nop)
                  000018dc    00000328     lcd.obj (.text)
                  00001c04    00000270     rtsv7M4_T_le_v4SPD16_eabi.lib : _printfi.c.obj (.text:_pconv_a)
                  00001e74    00000244     Timer.obj (.text)
                  000020b8    00000228     move.obj (.text)
                  000022e0    000001d0     rtsv7M4_T_le_v4SPD16_eabi.lib : _printfi.c.obj (.text:_pconv_g)
                  000024b0    000001b6                                   : fd_add_t2.asm.obj (.text)
                  00002666    00000002                                   : div0.asm.obj (.text)
                  00002668    0000015c     libcybotUART.lib : uart.obj (.text)
                  000027c4    0000013c     rtsv7M4_T_le_v4SPD16_eabi.lib : _printfi.c.obj (.text:_pconv_e)
                  00002900    00000136                                   : fd_div_t2.asm.obj (.text)
                  00002a36    00000002     --HOLE-- [fill = 0]
                  00002a38    00000124                                   : _printfi.c.obj (.text:fcvt)
                  00002b5c    00000110                                   : s_scalbn.c.obj (.text:scalbn)
                  00002c6c    000000fc                                   : fd_mul_t2.asm.obj (.text)
                  00002d68    000000f4                                   : memory.c.obj (.text:aligned_alloc)
                  00002e5c    000000e8                                   : memory.c.obj (.text:free)
                  00002f44    000000cc     main.obj (.text)
                  00003010    000000b1     rtsv7M4_T_le_v4SPD16_eabi.lib : _printfi.c.obj (.text:_ltostr)
                  000030c1    00000001     --HOLE-- [fill = 0]
                  000030c2    0000009c                                   : memcpy_t2.asm.obj (.text)
                  0000315e    00000096                                   : ull_div_t2.asm.obj (.text)
                  000031f4    00000086                                   : fd_cmp_t2.asm.obj (.text:__aeabi_cdcmple)
                  0000327a    00000086                                   : fd_cmp_t2.asm.obj (.text:__aeabi_cdrcmple)
                  00003300    0000007c                                   : memory.c.obj (.text:split)
                  0000337c    0000007a                                   : memset_t2.asm.obj (.text)
                  000033f6    00000002     --HOLE-- [fill = 0]
                  000033f8    00000074     button.obj (.text)
                  0000346c    0000006e     rtsv7M4_T_le_v4SPD16_eabi.lib : _printfi.c.obj (.text:_mcpy)
                  000034da    0000006e                                   : fd_tos_t2.asm.obj (.text)
                  00003548    00000068                                   : copy_decompress_lzss.c.obj (.text:decompress:lzss:__TI_decompress_lzss)
                  000035b0    00000064                                   : s_frexp.c.obj (.text:frexp)
                  00003614    00000056                                   : _printfi.c.obj (.text:_pconv_f)
                  0000366a    00000054                                   : ltoa.c.obj (.text:ltoa)
                  000036be    00000052                                   : _printfi.c.obj (.text:_ecpy)
                  00003710    0000004c                                   : atoi.c.obj (.text:atoi)
                  0000375c    00000048                                   : fd_toi_t2.asm.obj (.text)
                  000037a4    00000044                                   : autoinit.c.obj (.text:__TI_auto_init_nobinit_nopinit:__TI_auto_init_nobinit_nopinit)
                  000037e8    00000040                                   : vsnprintf.c.obj (.text:vsnprintf)
                  00003828    0000003e                                   : _printfi.c.obj (.text:_fcpy)
                  00003866    00000038                                   : fs_tod_t2.asm.obj (.text)
                  0000389e    00000002     --HOLE-- [fill = 0]
                  000038a0    00000034     driverlib.lib : interrupt.obj (.text:IntRegister)
                  000038d4    00000034     rtsv7M4_T_le_v4SPD16_eabi.lib : boot_cortex_m.c.obj (.text:_c_int00_noargs:_c_int00_noargs)
                  00003908    00000030                                   : vsnprintf.c.obj (.text:_outs)
                  00003938    00000030                                   : memory.c.obj (.text:calloc)
                  00003968    0000002e                                   : i_tofd_t2.asm.obj (.text)
                  00003996    00000002     --HOLE-- [fill = 0]
                  00003998    00000028                                   : memory.c.obj (.text:free_list_insert)
                  000039c0    0000001c                                   : copy_zero_init.c.obj (.text:decompress:ZI:__TI_zero_init_nomemset:__TI_zero_init_nomemset)
                  000039dc    0000001c                                   : memory.c.obj (.text:free_list_remove)
                  000039f8    0000001c                                   : memccpy.c.obj (.text:memccpy)
                  00003a14    0000001a                                   : s_copysign.c.obj (.text:copysign)
                  00003a2e    00000018                                   : vsnprintf.c.obj (.text:_outc)
                  00003a46    00000018     open_interface.obj (.text:oi_parseInt)
                  00003a5e    00000018     rtsv7M4_T_le_v4SPD16_eabi.lib : strcmp.c.obj (.text:strcmp)
                  00003a76    00000016                                   : strchr.c.obj (.text:strchr)
                  00003a8c    00000014                                   : strcpy.c.obj (.text:strcpy)
                  00003aa0    00000014                                   : strlen.c.obj (.text:strlen)
                  00003ab4    00000012                                   : wcslen.c.obj (.text:wcslen)
                  00003ac6    00000010     driverlib.lib : interrupt.obj (.text:IntMasterEnable)
                  00003ad6    00000010     lcd.obj (.text:lcd_clear)
                  00003ae6    0000000e     rtsv7M4_T_le_v4SPD16_eabi.lib : copy_decompress_none.c.obj (.text:decompress:none:__TI_decompress_none)
                  00003af4    0000000c     driverlib.lib : cpu.obj (.text:CPUcpsie)
                  00003b00    0000000c     tm4c123gh6pm_startup_ccs.obj (.text)
                  00003b0c    00000008     rtsv7M4_T_le_v4SPD16_eabi.lib : errno.c.obj (.text:__aeabi_errno_addr)
                  00003b14    00000008                                   : memory.c.obj (.text:malloc)
                  00003b1c    00000004                                   : pre_init.c.obj (.text:_system_pre_init)
                  00003b20    00000004                                   : exit.c.obj (.text:abort:abort)

.const     0    00003b24    00000118     
                  00003b24    00000101     rtsv7M4_T_le_v4SPD16_eabi.lib : ctype.c.obj (.const:.string:_ctypes_)
                  00003c25    0000000f     open_interface.obj (.const:.string:$P$T0$3)
                  00003c34    00000004     lcd.obj (.const:.string:lineAddress$1)
                  00003c38    00000004     lcd.obj (.const:.string:lineAddresses$2)

.cinit     0    00003c40    00000050     
                  00003c40    00000019     (.cinit..data.load) [load image, compression = lzss]
                  00003c59    00000003     --HOLE-- [fill = 0]
                  00003c5c    0000000c     (__TI_handler_table)
                  00003c68    00000008     (.cinit..bss.load) [load image, compression = zero_init]
                  00003c70    00000008     (.cinit..vtable.load) [load image, compression = zero_init]
                  00003c78    00000018     (__TI_cinit_table)

.init_array 
*          0    00000000    00000000     UNINITIALIZED

.vtable    0    20000000    0000026c     UNINITIALIZED
                  20000000    0000026c     driverlib.lib : interrupt.obj (.vtable)

.stack     0    20000270    00001000     UNINITIALIZED
                  20000270    00000004     rtsv7M4_T_le_v4SPD16_eabi.lib : boot_cortex_m.c.obj (.stack)
                  20000274    00000ffc     --HOLE--

.sysmem    0    20001270    00001000     UNINITIALIZED
                  20001270    00000010     rtsv7M4_T_le_v4SPD16_eabi.lib : memory.c.obj (.sysmem)
                  20001280    00000ff0     --HOLE--

.bss       0    20002270    000000a4     UNINITIALIZED
                  20002270    00000054     lcd.obj (.bss:lastbuffer$3)
                  200022c4    00000034     (.common:isr_char_buffer)
                  200022f8    00000018     open_interface.obj (.bss:firmware$2)
                  20002310    00000004     (.common:_timeout_ticks)

.data      0    20002314    0000003a     UNINITIALIZED
                  20002314    00000020     open_interface.obj (.data)
                  20002334    00000008     rtsv7M4_T_le_v4SPD16_eabi.lib : _lock.c.obj (.data:$O1$$)
                  2000233c    00000008                                   : memory.c.obj (.data:$O1$$)
                  20002344    00000004     libcybotUART.lib : uart.obj (.data)
                  20002348    00000004     rtsv7M4_T_le_v4SPD16_eabi.lib : errno.c.obj (.data)
                  2000234c    00000001     Timer.obj (.data)
                  2000234d    00000001     button.obj (.data)

MODULE SUMMARY

       Module                         code    ro data   rw data
       ------                         ----    -------   -------
    .\
       open_interface.obj             3128    15        56     
       lcd.obj                        824     8         84     
       tm4c123gh6pm_startup_ccs.obj   12      620       0      
       Timer.obj                      580     0         5      
       move.obj                       552     0         0      
       main.obj                       204     0         0      
       button.obj                     116     0         1      
    +--+------------------------------+-------+---------+---------+
       Total:                         5416    643       146    
                                                               
    ../libcybotUART.lib
       uart.obj                       348     0         56     
    +--+------------------------------+-------+---------+---------+
       Total:                         348     0         56     
                                                               
    C:/ti/TivaWare_C_Series-2.1.4.178/driverlib/ccs/Debug/driverlib.lib
       interrupt.obj                  68      0         620    
       cpu.obj                        12      0         0      
    +--+------------------------------+-------+---------+---------+
       Total:                         80      0         620    
                                                               
    C:\ti\ccs910\ccs\tools\compiler\ti-cgt-arm_18.12.2.LTS\lib\rtsv7M4_T_le_v4SPD16_eabi.lib
       _printfi.c.obj                 4851    0         0      
       memory.c.obj                   724     0         8      
       fd_add_t2.asm.obj              438     0         0      
       fd_div_t2.asm.obj              310     0         0      
       s_scalbn.c.obj                 272     0         0      
       fd_cmp_t2.asm.obj              268     0         0      
       ctype.c.obj                    0       257       0      
       fd_mul_t2.asm.obj              252     0         0      
       memcpy_t2.asm.obj              156     0         0      
       ull_div_t2.asm.obj             150     0         0      
       vsnprintf.c.obj                136     0         0      
       memset_t2.asm.obj              122     0         0      
       fd_tos_t2.asm.obj              110     0         0      
       copy_decompress_lzss.c.obj     104     0         0      
       s_frexp.c.obj                  100     0         0      
       ltoa.c.obj                     84      0         0      
       atoi.c.obj                     76      0         0      
       fd_toi_t2.asm.obj              72      0         0      
       autoinit.c.obj                 68      0         0      
       fs_tod_t2.asm.obj              56      0         0      
       boot_cortex_m.c.obj            52      0         0      
       i_tofd_t2.asm.obj              46      0         0      
       copy_zero_init.c.obj           28      0         0      
       memccpy.c.obj                  28      0         0      
       s_copysign.c.obj               26      0         0      
       strcmp.c.obj                   24      0         0      
       strchr.c.obj                   22      0         0      
       strcpy.c.obj                   20      0         0      
       strlen.c.obj                   20      0         0      
       wcslen.c.obj                   18      0         0      
       copy_decompress_none.c.obj     14      0         0      
       errno.c.obj                    8       0         4      
       _lock.c.obj                    2       0         8      
       exit.c.obj                     4       0         0      
       pre_init.c.obj                 4       0         0      
       div0.asm.obj                   2       0         0      
    +--+------------------------------+-------+---------+---------+
       Total:                         8667    257       20     
                                                               
       Heap:                          0       0         4096   
       Stack:                         0       0         4096   
       Linker Generated:              0       77        0      
    +--+------------------------------+-------+---------+---------+
       Grand Total:                   14511   977       9034   


LINKER GENERATED COPY TABLES

__TI_cinit_table @ 00003c78 records: 3, size/record: 8, table size: 24
	.data: load addr=00003c40, load size=00000019 bytes, run addr=20002314, run size=0000003a bytes, compression=lzss
	.bss: load addr=00003c68, load size=00000008 bytes, run addr=20002270, run size=000000a4 bytes, compression=zero_init
	.vtable: load addr=00003c70, load size=00000008 bytes, run addr=20000000, run size=0000026c bytes, compression=zero_init


LINKER GENERATED HANDLER TABLE

__TI_handler_table @ 00003c5c records: 3, size/record: 4, table size: 12
	index: 0, handler: __TI_zero_init
	index: 1, handler: __TI_decompress_lzss
	index: 2, handler: __TI_decompress_none


GLOBAL SYMBOLS: SORTED ALPHABETICALLY BY Name 

address   name                          
-------   ----                          
00003b21  C$$EXIT                       
00003af5  CPUcpsie                      
00000bc3  GPIOF_Handler                 
00003ac7  IntMasterEnable               
000038a1  IntRegister                   
00003b01  ResetISR                      
20001270  __STACK_END                   
00001000  __STACK_SIZE                  
20000470  __STACK_TOP                   
00001000  __SYSMEM_SIZE                 
00003c78  __TI_CINIT_Base               
00003c90  __TI_CINIT_Limit              
00003c5c  __TI_Handler_Table_Base       
00003c68  __TI_Handler_Table_Limit      
000037a5  __TI_auto_init_nobinit_nopinit
00003549  __TI_decompress_lzss          
00003ae7  __TI_decompress_none          
ffffffff  __TI_pprof_out_hndl           
00000e8d  __TI_printfi                  
ffffffff  __TI_prof_data_size           
ffffffff  __TI_prof_data_start          
00000000  __TI_static_base__            
000039c1  __TI_zero_init_nomemset       
000031f5  __aeabi_cdcmpeq               
000031f5  __aeabi_cdcmple               
0000327b  __aeabi_cdrcmple              
000034db  __aeabi_d2f                   
0000375d  __aeabi_d2iz                  
000024bb  __aeabi_dadd                  
00002901  __aeabi_ddiv                  
00002c6d  __aeabi_dmul                  
000024b1  __aeabi_dsub                  
00003b0d  __aeabi_errno_addr            
00003867  __aeabi_f2d                   
00003969  __aeabi_i2d                   
00002667  __aeabi_idiv0                 
00002667  __aeabi_ldiv0                 
0000337d  __aeabi_memclr                
0000337d  __aeabi_memclr4               
0000337d  __aeabi_memclr8               
000030c3  __aeabi_memcpy                
000030c3  __aeabi_memcpy4               
000030c3  __aeabi_memcpy8               
0000337f  __aeabi_memset                
0000337f  __aeabi_memset4               
0000337f  __aeabi_memset8               
0000315f  __aeabi_uldivmod              
ffffffff  __binit__                     
ffffffff  __c_args__                    
UNDEFED   __mpu_init                    
20000270  __stack                       
000038d5  _c_int00_noargs               
00003b24  _ctypes_                      
20002334  _lock                         
000018db  _nop                          
2000234c  _running                      
20001270  _sys_memory                   
UNDEFED   _system_post_cinit            
00003b1d  _system_pre_init              
20002310  _timeout_ticks                
20002338  _unlock                       
00003b21  abort                         
00002d69  aligned_alloc                 
00003711  atoi                          
ffffffff  binit                         
00003423  button_getButton              
000033f9  button_init                   
00003939  calloc                        
00003a15  copysign                      
00003a15  copysignl                     
00002771  cyBot_UART1_Handler           
00002757  cyBot_getByte                 
00002669  cyBot_sendByte                
00002739  cyBot_uart_flush              
000026a7  cyBot_uart_init               
0000268f  cyBot_uart_sendBuffer         
00002675  cyBot_uart_sendStr            
20002348  errno                         
00002e5d  free                          
000035b1  frexp                         
000035b1  frexpl                        
20000000  g_pfnRAMVectors               
00000000  g_pfnVectors                  
0000097f  go_charge                     
200022c4  isr_char_buffer               
20002344  isr_counter                   
00003ad7  lcd_clear                     
00001ab1  lcd_gotoLine                  
00001919  lcd_init                      
00001b17  lcd_printf                    
000019d9  lcd_putc                      
00001a11  lcd_puts                      
000018dd  lcd_reverseNibble             
00001a2f  lcd_sendCommand               
00001a6d  lcd_sendNibble                
00001ad9  lcd_setCursorPos              
00002b5d  ldexp                         
00002b5d  ldexpl                        
0000366b  ltoa                          
00002f45  main                          
00003b15  malloc                        
00002d69  memalign                      
000039f9  memccpy                       
000030c3  memcpy                        
00003385  memset                        
20002314  motor_cal_factor_L            
20002318  motor_cal_factor_R            
000020b9  move_Back                     
0000212b  move_forward                  
0000026d  oi_alloc                      
00000aa9  oi_checkFirmware              
000002c7  oi_close                      
00000279  oi_free                       
00000ded  oi_getMotorCalibrationLeft    
00000e01  oi_getMotorCalibrationRight   
000002b1  oi_init                       
00000289  oi_init_noupdate              
00000915  oi_loadSong                   
00003a47  oi_parseInt                   
0000032b  oi_parsePacket                
0000096b  oi_play_song                  
0000084b  oi_setLeds                    
00000db1  oi_setMotorCalibration        
0000088f  oi_setWheels                  
00000b51  oi_shutoff_init               
0000098d  oi_uartInit                   
00000a31  oi_uartReceive                
00000a77  oi_uartSendBuff               
00000a15  oi_uartSendChar               
00000a59  oi_uartSendStr                
000002d9  oi_update                     
00002f5d  remote_control                
00002b5d  scalbn                        
00002b5d  scalbnl                       
00003a77  strchr                        
00003a5f  strcmp                        
00003a8d  strcpy                        
00003aa1  strlen                        
00001f93  timer_getMicros               
00001f3b  timer_getMillis               
00001e75  timer_init                    
00001f17  timer_pause                   
00001f29  timer_resume                  
00001eed  timer_stop                    
00001fe7  timer_waitMicros              
0000201b  timer_waitMillis              
000021f9  turn_clockwise                
00002269  turn_counterclockwise         
000037e9  vsnprintf                     
00003ab5  wcslen                        


GLOBAL SYMBOLS: SORTED BY Symbol Address 

address   name                          
-------   ----                          
00000000  __TI_static_base__            
00000000  g_pfnVectors                  
0000026d  oi_alloc                      
00000279  oi_free                       
00000289  oi_init_noupdate              
000002b1  oi_init                       
000002c7  oi_close                      
000002d9  oi_update                     
0000032b  oi_parsePacket                
0000084b  oi_setLeds                    
0000088f  oi_setWheels                  
00000915  oi_loadSong                   
0000096b  oi_play_song                  
0000097f  go_charge                     
0000098d  oi_uartInit                   
00000a15  oi_uartSendChar               
00000a31  oi_uartReceive                
00000a59  oi_uartSendStr                
00000a77  oi_uartSendBuff               
00000aa9  oi_checkFirmware              
00000b51  oi_shutoff_init               
00000bc3  GPIOF_Handler                 
00000db1  oi_setMotorCalibration        
00000ded  oi_getMotorCalibrationLeft    
00000e01  oi_getMotorCalibrationRight   
00000e8d  __TI_printfi                  
00001000  __STACK_SIZE                  
00001000  __SYSMEM_SIZE                 
000018db  _nop                          
000018dd  lcd_reverseNibble             
00001919  lcd_init                      
000019d9  lcd_putc                      
00001a11  lcd_puts                      
00001a2f  lcd_sendCommand               
00001a6d  lcd_sendNibble                
00001ab1  lcd_gotoLine                  
00001ad9  lcd_setCursorPos              
00001b17  lcd_printf                    
00001e75  timer_init                    
00001eed  timer_stop                    
00001f17  timer_pause                   
00001f29  timer_resume                  
00001f3b  timer_getMillis               
00001f93  timer_getMicros               
00001fe7  timer_waitMicros              
0000201b  timer_waitMillis              
000020b9  move_Back                     
0000212b  move_forward                  
000021f9  turn_clockwise                
00002269  turn_counterclockwise         
000024b1  __aeabi_dsub                  
000024bb  __aeabi_dadd                  
00002667  __aeabi_idiv0                 
00002667  __aeabi_ldiv0                 
00002669  cyBot_sendByte                
00002675  cyBot_uart_sendStr            
0000268f  cyBot_uart_sendBuffer         
000026a7  cyBot_uart_init               
00002739  cyBot_uart_flush              
00002757  cyBot_getByte                 
00002771  cyBot_UART1_Handler           
00002901  __aeabi_ddiv                  
00002b5d  ldexp                         
00002b5d  ldexpl                        
00002b5d  scalbn                        
00002b5d  scalbnl                       
00002c6d  __aeabi_dmul                  
00002d69  aligned_alloc                 
00002d69  memalign                      
00002e5d  free                          
00002f45  main                          
00002f5d  remote_control                
000030c3  __aeabi_memcpy                
000030c3  __aeabi_memcpy4               
000030c3  __aeabi_memcpy8               
000030c3  memcpy                        
0000315f  __aeabi_uldivmod              
000031f5  __aeabi_cdcmpeq               
000031f5  __aeabi_cdcmple               
0000327b  __aeabi_cdrcmple              
0000337d  __aeabi_memclr                
0000337d  __aeabi_memclr4               
0000337d  __aeabi_memclr8               
0000337f  __aeabi_memset                
0000337f  __aeabi_memset4               
0000337f  __aeabi_memset8               
00003385  memset                        
000033f9  button_init                   
00003423  button_getButton              
000034db  __aeabi_d2f                   
00003549  __TI_decompress_lzss          
000035b1  frexp                         
000035b1  frexpl                        
0000366b  ltoa                          
00003711  atoi                          
0000375d  __aeabi_d2iz                  
000037a5  __TI_auto_init_nobinit_nopinit
000037e9  vsnprintf                     
00003867  __aeabi_f2d                   
000038a1  IntRegister                   
000038d5  _c_int00_noargs               
00003939  calloc                        
00003969  __aeabi_i2d                   
000039c1  __TI_zero_init_nomemset       
000039f9  memccpy                       
00003a15  copysign                      
00003a15  copysignl                     
00003a47  oi_parseInt                   
00003a5f  strcmp                        
00003a77  strchr                        
00003a8d  strcpy                        
00003aa1  strlen                        
00003ab5  wcslen                        
00003ac7  IntMasterEnable               
00003ad7  lcd_clear                     
00003ae7  __TI_decompress_none          
00003af5  CPUcpsie                      
00003b01  ResetISR                      
00003b0d  __aeabi_errno_addr            
00003b15  malloc                        
00003b1d  _system_pre_init              
00003b21  C$$EXIT                       
00003b21  abort                         
00003b24  _ctypes_                      
00003c5c  __TI_Handler_Table_Base       
00003c68  __TI_Handler_Table_Limit      
00003c78  __TI_CINIT_Base               
00003c90  __TI_CINIT_Limit              
20000000  g_pfnRAMVectors               
20000270  __stack                       
20000470  __STACK_TOP                   
20001270  __STACK_END                   
20001270  _sys_memory                   
200022c4  isr_char_buffer               
20002310  _timeout_ticks                
20002314  motor_cal_factor_L            
20002318  motor_cal_factor_R            
20002334  _lock                         
20002338  _unlock                       
20002344  isr_counter                   
20002348  errno                         
2000234c  _running                      
ffffffff  __TI_pprof_out_hndl           
ffffffff  __TI_prof_data_size           
ffffffff  __TI_prof_data_start          
ffffffff  __binit__                     
ffffffff  __c_args__                    
ffffffff  binit                         
UNDEFED   __mpu_init                    
UNDEFED   _system_post_cinit            

[150 symbols]
