******************************************************************************
                  TI ARM Linker PC v18.12.2                    
******************************************************************************
>> Linked Thu Dec  5 13:35:15 2019

OUTPUT FILE NAME:   <lab_10.1.out>
ENTRY POINT SYMBOL: "_c_int00_noargs"  address: 00006395


MEMORY CONFIGURATION

         name            origin    length      used     unused   attr    fill
----------------------  --------  ---------  --------  --------  ----  --------
  FLASH                 00000000   00040000  00006947  000396b9  R  X
  SRAM                  20000000   00008000  000023e2  00005c1e  RW X


SEGMENT ALLOCATION MAP

run origin  load origin   length   init length attrs members
----------  ----------- ---------- ----------- ----- -------
00000000    00000000    00006950   00006950    r-x
  00000000    00000000    0000026c   0000026c    r-- .intvecs
  0000026c    0000026c    000063e8   000063e8    r-x .text
  00006658    00006658    000002a3   000002a3    r-- .const
  00006900    00006900    00000050   00000050    r-- .cinit
20000000    20000000    000023e9   00000000    rw-
  20000000    20000000    0000026c   00000000    rw- .vtable
  20000270    20000270    00001000   00000000    rw- .stack
  20001270    20001270    00001000   00000000    rw- .sysmem
  20002270    20002270    00000135   00000000    rw- .bss
  200023a8    200023a8    00000041   00000000    rw- .data


SECTION ALLOCATION MAP

 output                                  attributes/
section   page    origin      length       input sections
--------  ----  ----------  ----------   ----------------
.intvecs   0    00000000    0000026c     
                  00000000    0000026c     tm4c123gh6pm_startup_ccs.obj (.intvecs)

.text      0    0000026c    000063e8     
                  0000026c    00000c20     open_interface.obj (.text)
                  00000e8c    00000a4e     rtsv7M4_T_le_v4SPD16_eabi.lib : _printfi.c.obj (.text:__TI_printfi)
                  000018da    00000002                                   : _lock.c.obj (.text:_nop)
                  000018dc    000009c0                                   : e_pow.c.obj (.text:pow)
                  0000229c    000007bc     servo.obj (.text)
                  00002a58    00000738     rtsv7M4_T_le_v4SPD16_eabi.lib : k_rem_pio2.c.obj (.text:__kernel_rem_pio2)
                  00003190    000005c4                                   : s_sin.c.obj (.text:sin)
                  00003754    00000384     move.obj (.text)
                  00003ad8    00000328     lcd.obj (.text)
                  00003e00    00000278     parts.obj (.text)
                  00004078    00000274     TIMER3B.obj (.text)
                  000042ec    00000270     rtsv7M4_T_le_v4SPD16_eabi.lib : _printfi.c.obj (.text:_pconv_a)
                  0000455c    00000248     Timer.obj (.text)
                  000047a4    000001d0     rtsv7M4_T_le_v4SPD16_eabi.lib : _printfi.c.obj (.text:_pconv_g)
                  00004974    000001b6                                   : fd_add_t2.asm.obj (.text)
                  00004b2a    00000002                                   : div0.asm.obj (.text)
                  00004b2c    00000174                                   : k_sin.c.obj (.text:__kernel_sin)
                  00004ca0    0000016c                                   : k_cos.c.obj (.text:__kernel_cos)
                  00004e0c    00000158                                   : e_sqrt.c.obj (.text:sqrt)
                  00004f64    0000013c                                   : _printfi.c.obj (.text:_pconv_e)
                  000050a0    0000013c     adc2.obj (.text)
                  000051dc    00000136     rtsv7M4_T_le_v4SPD16_eabi.lib : fd_div_t2.asm.obj (.text)
                  00005312    00000002     --HOLE-- [fill = 0]
                  00005314    0000012c     uart.obj (.text)
                  00005440    00000124     rtsv7M4_T_le_v4SPD16_eabi.lib : _printfi.c.obj (.text:fcvt)
                  00005564    00000110                                   : s_scalbn.c.obj (.text:scalbn)
                  00005674    000000fc                                   : fd_mul_t2.asm.obj (.text)
                  00005770    000000f8                                   : s_floor.c.obj (.text:floor)
                  00005868    000000f4                                   : memory.c.obj (.text:aligned_alloc)
                  0000595c    000000e8                                   : memory.c.obj (.text:free)
                  00005a44    000000c0                                   : s_round.c.obj (.text:round)
                  00005b04    000000b1                                   : _printfi.c.obj (.text:_ltostr)
                  00005bb5    00000001     --HOLE-- [fill = 0]
                  00005bb6    0000009c                                   : memcpy_t2.asm.obj (.text)
                  00005c52    00000096                                   : ull_div_t2.asm.obj (.text)
                  00005ce8    00000086                                   : fd_cmp_t2.asm.obj (.text:__aeabi_cdcmple)
                  00005d6e    00000086                                   : fd_cmp_t2.asm.obj (.text:__aeabi_cdrcmple)
                  00005df4    0000007c                                   : memory.c.obj (.text:split)
                  00005e70    0000007a                                   : memset_t2.asm.obj (.text)
                  00005eea    0000006e                                   : _printfi.c.obj (.text:_mcpy)
                  00005f58    0000006e                                   : fd_tos_t2.asm.obj (.text)
                  00005fc6    00000068                                   : copy_decompress_lzss.c.obj (.text:decompress:lzss:__TI_decompress_lzss)
                  0000602e    00000002     --HOLE-- [fill = 0]
                  00006030    00000064                                   : s_frexp.c.obj (.text:frexp)
                  00006094    00000056                                   : _printfi.c.obj (.text:_pconv_f)
                  000060ea    00000054                                   : ltoa.c.obj (.text:ltoa)
                  0000613e    00000052                                   : _printfi.c.obj (.text:_ecpy)
                  00006190    0000004c                                   : atoi.c.obj (.text:atoi)
                  000061dc    00000048                                   : fd_toi_t2.asm.obj (.text)
                  00006224    00000044                                   : autoinit.c.obj (.text:__TI_auto_init_nobinit_nopinit:__TI_auto_init_nobinit_nopinit)
                  00006268    00000040                                   : sprintf.c.obj (.text:sprintf)
                  000062a8    00000040                                   : vsnprintf.c.obj (.text:vsnprintf)
                  000062e8    0000003e                                   : _printfi.c.obj (.text:_fcpy)
                  00006326    00000038                                   : fs_tod_t2.asm.obj (.text)
                  0000635e    00000002     --HOLE-- [fill = 0]
                  00006360    00000034     driverlib.lib : interrupt.obj (.text:IntRegister)
                  00006394    00000034     rtsv7M4_T_le_v4SPD16_eabi.lib : boot_cortex_m.c.obj (.text:_c_int00_noargs:_c_int00_noargs)
                  000063c8    00000030                                   : vsnprintf.c.obj (.text:_outs)
                  000063f8    00000030                                   : memory.c.obj (.text:calloc)
                  00006428    0000002e     main.obj (.text)
                  00006456    0000002e     rtsv7M4_T_le_v4SPD16_eabi.lib : i_tofd_t2.asm.obj (.text)
                  00006484    00000028                                   : memory.c.obj (.text:free_list_insert)
                  000064ac    00000020                                   : u_tofd_t2.asm.obj (.text)
                  000064cc    0000001c                                   : copy_zero_init.c.obj (.text:decompress:ZI:__TI_zero_init_nomemset:__TI_zero_init_nomemset)
                  000064e8    0000001c                                   : memory.c.obj (.text:free_list_remove)
                  00006504    0000001c                                   : memccpy.c.obj (.text:memccpy)
                  00006520    0000001a                                   : s_copysign.c.obj (.text:copysign)
                  0000653a    00000018                                   : vsnprintf.c.obj (.text:_outc)
                  00006552    00000018                                   : sprintf.c.obj (.text:_outs)
                  0000656a    00000018     open_interface.obj (.text:oi_parseInt)
                  00006582    00000018     rtsv7M4_T_le_v4SPD16_eabi.lib : strcmp.c.obj (.text:strcmp)
                  0000659a    00000016                                   : strchr.c.obj (.text:strchr)
                  000065b0    00000014                                   : strcpy.c.obj (.text:strcpy)
                  000065c4    00000014                                   : strlen.c.obj (.text:strlen)
                  000065d8    00000012                                   : wcslen.c.obj (.text:wcslen)
                  000065ea    00000010     driverlib.lib : interrupt.obj (.text:IntMasterEnable)
                  000065fa    00000010     lcd.obj (.text:lcd_clear)
                  0000660a    0000000e     rtsv7M4_T_le_v4SPD16_eabi.lib : copy_decompress_none.c.obj (.text:decompress:none:__TI_decompress_none)
                  00006618    0000000c     driverlib.lib : cpu.obj (.text:CPUcpsie)
                  00006624    0000000c     tm4c123gh6pm_startup_ccs.obj (.text)
                  00006630    0000000a     rtsv7M4_T_le_v4SPD16_eabi.lib : sprintf.c.obj (.text:_outc)
                  0000663a    00000002     --HOLE-- [fill = 0]
                  0000663c    00000008                                   : errno.c.obj (.text:__aeabi_errno_addr)
                  00006644    00000008                                   : memory.c.obj (.text:malloc)
                  0000664c    00000004                                   : pre_init.c.obj (.text:_system_pre_init)
                  00006650    00000004                                   : exit.c.obj (.text:abort:abort)

.const     0    00006658    000002a3     
                  00006658    00000158     rtsv7M4_T_le_v4SPD16_eabi.lib : k_rem_pio2.c.obj (.const:$O1$$)
                  000067b0    00000101                                   : ctype.c.obj (.const:.string:_ctypes_)
                  000068b1    00000004     lcd.obj (.const:.string:lineAddress$1)
                  000068b5    00000003     --HOLE-- [fill = 0]
                  000068b8    00000030     rtsv7M4_T_le_v4SPD16_eabi.lib : e_pow.c.obj (.const:$O1$$)
                  000068e8    0000000f     open_interface.obj (.const:.string:$P$T0$3)
                  000068f7    00000004     lcd.obj (.const:.string:lineAddresses$2)

.cinit     0    00006900    00000050     
                  00006900    00000019     (.cinit..data.load) [load image, compression = lzss]
                  00006919    00000003     --HOLE-- [fill = 0]
                  0000691c    0000000c     (__TI_handler_table)
                  00006928    00000008     (.cinit..bss.load) [load image, compression = zero_init]
                  00006930    00000008     (.cinit..vtable.load) [load image, compression = zero_init]
                  00006938    00000018     (__TI_cinit_table)

.init_array 
*          0    00000000    00000000     UNINITIALIZED

.vtable    0    20000000    0000026c     UNINITIALIZED
                  20000000    0000026c     driverlib.lib : interrupt.obj (.vtable)

.stack     0    20000270    00001000     UNINITIALIZED
                  20000270    00000004     rtsv7M4_T_le_v4SPD16_eabi.lib : boot_cortex_m.c.obj (.stack)
                  20000274    00000ffc     --HOLE--

.sysmem    0    20001270    00001000     UNINITIALIZED
                  20001270    00000010     rtsv7M4_T_le_v4SPD16_eabi.lib : memory.c.obj (.sysmem)
                  20001280    00000ff0     --HOLE--

.bss       0    20002270    00000135     UNINITIALIZED
                  20002270    000000c0     (.common:object_storage)
                  20002330    00000054     lcd.obj (.bss:lastbuffer$3)
                  20002384    00000018     open_interface.obj (.bss:firmware$2)
                  2000239c    00000004     (.common:_timeout_ticks)
                  200023a0    00000004     (.common:numOverflow)
                  200023a4    00000001     (.common:state)

.data      0    200023a8    00000041     UNINITIALIZED
                  200023a8    00000020     open_interface.obj (.data)
                  200023c8    0000000c     TIMER3B.obj (.data)
                  200023d4    00000008     rtsv7M4_T_le_v4SPD16_eabi.lib : _lock.c.obj (.data:$O1$$)
                  200023dc    00000008                                   : memory.c.obj (.data:$O1$$)
                  200023e4    00000004                                   : errno.c.obj (.data)
                  200023e8    00000001     Timer.obj (.data)

MODULE SUMMARY

       Module                         code    ro data   rw data
       ------                         ----    -------   -------
    .\
       open_interface.obj             3128    15        56     
       servo.obj                      1980    0         0      
       lcd.obj                        824     8         84     
       move.obj                       900     0         0      
       TIMER3B.obj                    628     0         17     
       parts.obj                      632     0         0      
       tm4c123gh6pm_startup_ccs.obj   12      620       0      
       Timer.obj                      584     0         5      
       adc2.obj                       316     0         0      
       uart.obj                       300     0         0      
       main.obj                       46      0         192    
    +--+------------------------------+-------+---------+---------+
       Total:                         9350    643       354    
                                                               
    C:/ti/TivaWare_C_Series-2.1.4.178/driverlib/ccs/Debug/driverlib.lib
       interrupt.obj                  68      0         620    
       cpu.obj                        12      0         0      
    +--+------------------------------+-------+---------+---------+
       Total:                         80      0         620    
                                                               
    C:\ti\ccs910\ccs\tools\compiler\ti-cgt-arm_18.12.2.LTS\lib\rtsv7M4_T_le_v4SPD16_eabi.lib
       _printfi.c.obj                 4851    0         0      
       e_pow.c.obj                    2496    48        0      
       k_rem_pio2.c.obj               1848    344       0      
       s_sin.c.obj                    1476    0         0      
       memory.c.obj                   724     0         8      
       fd_add_t2.asm.obj              438     0         0      
       k_sin.c.obj                    372     0         0      
       k_cos.c.obj                    364     0         0      
       e_sqrt.c.obj                   344     0         0      
       fd_div_t2.asm.obj              310     0         0      
       s_scalbn.c.obj                 272     0         0      
       fd_cmp_t2.asm.obj              268     0         0      
       ctype.c.obj                    0       257       0      
       fd_mul_t2.asm.obj              252     0         0      
       s_floor.c.obj                  248     0         0      
       s_round.c.obj                  192     0         0      
       memcpy_t2.asm.obj              156     0         0      
       ull_div_t2.asm.obj             150     0         0      
       vsnprintf.c.obj                136     0         0      
       memset_t2.asm.obj              122     0         0      
       fd_tos_t2.asm.obj              110     0         0      
       copy_decompress_lzss.c.obj     104     0         0      
       s_frexp.c.obj                  100     0         0      
       sprintf.c.obj                  98      0         0      
       ltoa.c.obj                     84      0         0      
       atoi.c.obj                     76      0         0      
       fd_toi_t2.asm.obj              72      0         0      
       autoinit.c.obj                 68      0         0      
       fs_tod_t2.asm.obj              56      0         0      
       boot_cortex_m.c.obj            52      0         0      
       i_tofd_t2.asm.obj              46      0         0      
       u_tofd_t2.asm.obj              32      0         0      
       copy_zero_init.c.obj           28      0         0      
       memccpy.c.obj                  28      0         0      
       s_copysign.c.obj               26      0         0      
       strcmp.c.obj                   24      0         0      
       strchr.c.obj                   22      0         0      
       strcpy.c.obj                   20      0         0      
       strlen.c.obj                   20      0         0      
       wcslen.c.obj                   18      0         0      
       copy_decompress_none.c.obj     14      0         0      
       errno.c.obj                    8       0         4      
       _lock.c.obj                    2       0         8      
       exit.c.obj                     4       0         0      
       pre_init.c.obj                 4       0         0      
       div0.asm.obj                   2       0         0      
    +--+------------------------------+-------+---------+---------+
       Total:                         16137   649       20     
                                                               
       Heap:                          0       0         4096   
       Stack:                         0       0         4096   
       Linker Generated:              0       77        0      
    +--+------------------------------+-------+---------+---------+
       Grand Total:                   25567   1369      9186   


LINKER GENERATED COPY TABLES

__TI_cinit_table @ 00006938 records: 3, size/record: 8, table size: 24
	.data: load addr=00006900, load size=00000019 bytes, run addr=200023a8, run size=00000041 bytes, compression=lzss
	.bss: load addr=00006928, load size=00000008 bytes, run addr=20002270, run size=00000135 bytes, compression=zero_init
	.vtable: load addr=00006930, load size=00000008 bytes, run addr=20000000, run size=0000026c bytes, compression=zero_init


LINKER GENERATED HANDLER TABLE

__TI_handler_table @ 0000691c records: 3, size/record: 4, table size: 12
	index: 0, handler: __TI_zero_init
	index: 1, handler: __TI_decompress_lzss
	index: 2, handler: __TI_decompress_none


GLOBAL SYMBOLS: SORTED ALPHABETICALLY BY Name 

address   name                          
-------   ----                          
00006651  C$$EXIT                       
00006619  CPUcpsie                      
00000bc3  GPIOF_Handler                 
000065eb  IntMasterEnable               
00006361  IntRegister                   
00006625  ResetISR                      
000040a1  TIMER3B_Handler               
000040d9  TIMER3B_init                  
20001270  __STACK_END                   
00001000  __STACK_SIZE                  
20000470  __STACK_TOP                   
00001000  __SYSMEM_SIZE                 
00006938  __TI_CINIT_Base               
00006950  __TI_CINIT_Limit              
0000691c  __TI_Handler_Table_Base       
00006928  __TI_Handler_Table_Limit      
00006225  __TI_auto_init_nobinit_nopinit
00005fc7  __TI_decompress_lzss          
0000660b  __TI_decompress_none          
ffffffff  __TI_pprof_out_hndl           
00000e8d  __TI_printfi                  
ffffffff  __TI_prof_data_size           
ffffffff  __TI_prof_data_start          
00000000  __TI_static_base__            
000064cd  __TI_zero_init_nomemset       
00005ce9  __aeabi_cdcmpeq               
00005ce9  __aeabi_cdcmple               
00005d6f  __aeabi_cdrcmple              
00005f59  __aeabi_d2f                   
000061dd  __aeabi_d2iz                  
0000497f  __aeabi_dadd                  
000051dd  __aeabi_ddiv                  
00005675  __aeabi_dmul                  
00004975  __aeabi_dsub                  
0000663d  __aeabi_errno_addr            
00006327  __aeabi_f2d                   
00006457  __aeabi_i2d                   
00004b2b  __aeabi_idiv0                 
00004b2b  __aeabi_ldiv0                 
00005e71  __aeabi_memclr                
00005e71  __aeabi_memclr4               
00005e71  __aeabi_memclr8               
00005bb7  __aeabi_memcpy                
00005bb7  __aeabi_memcpy4               
00005bb7  __aeabi_memcpy8               
00005e73  __aeabi_memset                
00005e73  __aeabi_memset4               
00005e73  __aeabi_memset8               
000064ad  __aeabi_ui2d                  
00005c53  __aeabi_uldivmod              
ffffffff  __binit__                     
ffffffff  __c_args__                    
00004ca1  __kernel_cos                  
00002a59  __kernel_rem_pio2             
00004b2d  __kernel_sin                  
UNDEFED   __mpu_init                    
20000270  __stack                       
00006395  _c_int00_noargs               
000067b0  _ctypes_                      
200023d4  _lock                         
000018db  _nop                          
200023e8  _running                      
20001270  _sys_memory                   
UNDEFED   _system_post_cinit            
0000664d  _system_pre_init              
2000239c  _timeout_ticks                
200023d8  _unlock                       
00006651  abort                         
00005159  adc_avg_distance              
0000513f  adc_get_raw                   
000050a1  adc_init                      
0000512d  adc_read                      
00005869  aligned_alloc                 
00006191  atoi                          
ffffffff  binit                         
00003755  bot_init                      
000063f9  calloc                        
000039c7  cliff_detect                  
00006521  copysign                      
00006521  copysignl                     
200023cc  current_time                  
200023e4  errno                         
00003f97  flag_status                   
00005771  floor                         
00005771  floorl                        
0000595d  free                          
00006031  frexp                         
00006031  frexpl                        
0000297b  full_scan                     
20000000  g_pfnRAMVectors               
00000000  g_pfnVectors                  
0000097f  go_charge                     
200023c8  last_time                     
000065fb  lcd_clear                     
00003cad  lcd_gotoLine                  
00003b15  lcd_init                      
00003d13  lcd_printf                    
00003bd5  lcd_putc                      
00003c0d  lcd_puts                      
00003ad9  lcd_reverseNibble             
00003c2b  lcd_sendCommand               
00003c69  lcd_sendNibble                
00003cd5  lcd_setCursorPos              
00005565  ldexp                         
00005565  ldexpl                        
00003a55  line_detect                   
000060eb  ltoa                          
00006429  main                          
00006645  malloc                        
00005869  memalign                      
00006505  memccpy                       
00005bb7  memcpy                        
00005e79  memset                        
200023a8  motor_cal_factor_L            
200023ac  motor_cal_factor_R            
000037b5  move_Back                     
00003827  move_forward                  
0000237b  move_servo                    
00003fe5  narrow_only                   
200023a0  numOverflow                   
00002479  obj_det                       
000023cd  object_description            
20002270  object_storage                
0000026d  oi_alloc                      
00000aa9  oi_checkFirmware              
000002c7  oi_close                      
00000279  oi_free                       
00000ded  oi_getMotorCalibrationLeft    
00000e01  oi_getMotorCalibrationRight   
000002b1  oi_init                       
00000289  oi_init_noupdate              
00000915  oi_loadSong                   
0000656b  oi_parseInt                   
0000032b  oi_parsePacket                
0000096b  oi_play_song                  
0000084b  oi_setLeds                    
00000db1  oi_setMotorCalibration        
0000088f  oi_setWheels                  
00000b51  oi_shutoff_init               
0000098d  oi_uartInit                   
00000a31  oi_uartReceive                
00000a77  oi_uartSendBuff               
00000a15  oi_uartSendChar               
00000a59  oi_uartSendStr                
000002d9  oi_update                     
00003e01  part1                         
00003f8d  part2                         
00003f95  part3                         
000041ff  ping_read                     
00004079  portb_init                    
000018dd  pow                           
000018dd  powl                          
00005a45  round                         
00005a45  roundl                        
00005565  scalbn                        
00005565  scalbnl                       
00004161  send_pulse                    
00003191  sin                           
00003191  sinl                          
00006269  sprintf                       
00004e0d  sqrt                          
00004e0d  sqrtl                         
200023a4  state                         
0000659b  strchr                        
00006583  strcmp                        
000065b1  strcpy                        
000065c5  strlen                        
000041e1  time2dist                     
0000229d  timer1_init                   
0000467b  timer_getMicros               
00004623  timer_getMillis               
0000455d  timer_init                    
000045ff  timer_pause                   
00004611  timer_resume                  
000045d5  timer_stop                    
000046d5  timer_waitMicros              
00004709  timer_waitMillis              
000038e7  turn_clockwise                
00003957  turn_counterclockwise         
00005315  uart_init                     
000053cf  uart_receive                  
000053b3  uart_sendChar                 
000053ef  uart_sendStr                  
200023d0  update_flag                   
000062a9  vsnprintf                     
000065d9  wcslen                        


GLOBAL SYMBOLS: SORTED BY Symbol Address 

address   name                          
-------   ----                          
00000000  __TI_static_base__            
00000000  g_pfnVectors                  
0000026d  oi_alloc                      
00000279  oi_free                       
00000289  oi_init_noupdate              
000002b1  oi_init                       
000002c7  oi_close                      
000002d9  oi_update                     
0000032b  oi_parsePacket                
0000084b  oi_setLeds                    
0000088f  oi_setWheels                  
00000915  oi_loadSong                   
0000096b  oi_play_song                  
0000097f  go_charge                     
0000098d  oi_uartInit                   
00000a15  oi_uartSendChar               
00000a31  oi_uartReceive                
00000a59  oi_uartSendStr                
00000a77  oi_uartSendBuff               
00000aa9  oi_checkFirmware              
00000b51  oi_shutoff_init               
00000bc3  GPIOF_Handler                 
00000db1  oi_setMotorCalibration        
00000ded  oi_getMotorCalibrationLeft    
00000e01  oi_getMotorCalibrationRight   
00000e8d  __TI_printfi                  
00001000  __STACK_SIZE                  
00001000  __SYSMEM_SIZE                 
000018db  _nop                          
000018dd  pow                           
000018dd  powl                          
0000229d  timer1_init                   
0000237b  move_servo                    
000023cd  object_description            
00002479  obj_det                       
0000297b  full_scan                     
00002a59  __kernel_rem_pio2             
00003191  sin                           
00003191  sinl                          
00003755  bot_init                      
000037b5  move_Back                     
00003827  move_forward                  
000038e7  turn_clockwise                
00003957  turn_counterclockwise         
000039c7  cliff_detect                  
00003a55  line_detect                   
00003ad9  lcd_reverseNibble             
00003b15  lcd_init                      
00003bd5  lcd_putc                      
00003c0d  lcd_puts                      
00003c2b  lcd_sendCommand               
00003c69  lcd_sendNibble                
00003cad  lcd_gotoLine                  
00003cd5  lcd_setCursorPos              
00003d13  lcd_printf                    
00003e01  part1                         
00003f8d  part2                         
00003f95  part3                         
00003f97  flag_status                   
00003fe5  narrow_only                   
00004079  portb_init                    
000040a1  TIMER3B_Handler               
000040d9  TIMER3B_init                  
00004161  send_pulse                    
000041e1  time2dist                     
000041ff  ping_read                     
0000455d  timer_init                    
000045d5  timer_stop                    
000045ff  timer_pause                   
00004611  timer_resume                  
00004623  timer_getMillis               
0000467b  timer_getMicros               
000046d5  timer_waitMicros              
00004709  timer_waitMillis              
00004975  __aeabi_dsub                  
0000497f  __aeabi_dadd                  
00004b2b  __aeabi_idiv0                 
00004b2b  __aeabi_ldiv0                 
00004b2d  __kernel_sin                  
00004ca1  __kernel_cos                  
00004e0d  sqrt                          
00004e0d  sqrtl                         
000050a1  adc_init                      
0000512d  adc_read                      
0000513f  adc_get_raw                   
00005159  adc_avg_distance              
000051dd  __aeabi_ddiv                  
00005315  uart_init                     
000053b3  uart_sendChar                 
000053cf  uart_receive                  
000053ef  uart_sendStr                  
00005565  ldexp                         
00005565  ldexpl                        
00005565  scalbn                        
00005565  scalbnl                       
00005675  __aeabi_dmul                  
00005771  floor                         
00005771  floorl                        
00005869  aligned_alloc                 
00005869  memalign                      
0000595d  free                          
00005a45  round                         
00005a45  roundl                        
00005bb7  __aeabi_memcpy                
00005bb7  __aeabi_memcpy4               
00005bb7  __aeabi_memcpy8               
00005bb7  memcpy                        
00005c53  __aeabi_uldivmod              
00005ce9  __aeabi_cdcmpeq               
00005ce9  __aeabi_cdcmple               
00005d6f  __aeabi_cdrcmple              
00005e71  __aeabi_memclr                
00005e71  __aeabi_memclr4               
00005e71  __aeabi_memclr8               
00005e73  __aeabi_memset                
00005e73  __aeabi_memset4               
00005e73  __aeabi_memset8               
00005e79  memset                        
00005f59  __aeabi_d2f                   
00005fc7  __TI_decompress_lzss          
00006031  frexp                         
00006031  frexpl                        
000060eb  ltoa                          
00006191  atoi                          
000061dd  __aeabi_d2iz                  
00006225  __TI_auto_init_nobinit_nopinit
00006269  sprintf                       
000062a9  vsnprintf                     
00006327  __aeabi_f2d                   
00006361  IntRegister                   
00006395  _c_int00_noargs               
000063f9  calloc                        
00006429  main                          
00006457  __aeabi_i2d                   
000064ad  __aeabi_ui2d                  
000064cd  __TI_zero_init_nomemset       
00006505  memccpy                       
00006521  copysign                      
00006521  copysignl                     
0000656b  oi_parseInt                   
00006583  strcmp                        
0000659b  strchr                        
000065b1  strcpy                        
000065c5  strlen                        
000065d9  wcslen                        
000065eb  IntMasterEnable               
000065fb  lcd_clear                     
0000660b  __TI_decompress_none          
00006619  CPUcpsie                      
00006625  ResetISR                      
0000663d  __aeabi_errno_addr            
00006645  malloc                        
0000664d  _system_pre_init              
00006651  C$$EXIT                       
00006651  abort                         
000067b0  _ctypes_                      
0000691c  __TI_Handler_Table_Base       
00006928  __TI_Handler_Table_Limit      
00006938  __TI_CINIT_Base               
00006950  __TI_CINIT_Limit              
20000000  g_pfnRAMVectors               
20000270  __stack                       
20000470  __STACK_TOP                   
20001270  __STACK_END                   
20001270  _sys_memory                   
20002270  object_storage                
2000239c  _timeout_ticks                
200023a0  numOverflow                   
200023a4  state                         
200023a8  motor_cal_factor_L            
200023ac  motor_cal_factor_R            
200023c8  last_time                     
200023cc  current_time                  
200023d0  update_flag                   
200023d4  _lock                         
200023d8  _unlock                       
200023e4  errno                         
200023e8  _running                      
ffffffff  __TI_pprof_out_hndl           
ffffffff  __TI_prof_data_size           
ffffffff  __TI_prof_data_start          
ffffffff  __binit__                     
ffffffff  __c_args__                    
ffffffff  binit                         
UNDEFED   __mpu_init                    
UNDEFED   _system_post_cinit            

[186 symbols]
