******************************************************************************
                  TI ARM Linker PC v18.12.2                    
******************************************************************************
>> Linked Thu Dec  5 13:53:53 2019

OUTPUT FILE NAME:   <lab_10.1.out>
ENTRY POINT SYMBOL: "_c_int00_noargs"  address: 000063c1


MEMORY CONFIGURATION

         name            origin    length      used     unused   attr    fill
----------------------  --------  ---------  --------  --------  ----  --------
  FLASH                 00000000   00040000  00006973  0003968d  R  X
  SRAM                  20000000   00008000  000023e2  00005c1e  RW X


SEGMENT ALLOCATION MAP

run origin  load origin   length   init length attrs members
----------  ----------- ---------- ----------- ----- -------
00000000    00000000    00006978   00006978    r-x
  00000000    00000000    0000026c   0000026c    r-- .intvecs
  0000026c    0000026c    00006414   00006414    r-x .text
  00006680    00006680    000002a3   000002a3    r-- .const
  00006928    00006928    00000050   00000050    r-- .cinit
20000000    20000000    000023e9   00000000    rw-
  20000000    20000000    0000026c   00000000    rw- .vtable
  20000270    20000270    00001000   00000000    rw- .stack
  20001270    20001270    00001000   00000000    rw- .sysmem
  20002270    20002270    00000135   00000000    rw- .bss
  200023a8    200023a8    00000041   00000000    rw- .data


SECTION ALLOCATION MAP

 output                                  attributes/
section   page    origin      length       input sections
--------  ----  ----------  ----------   ----------------
.intvecs   0    00000000    0000026c     
                  00000000    0000026c     tm4c123gh6pm_startup_ccs.obj (.intvecs)

.text      0    0000026c    00006414     
                  0000026c    00000c20     open_interface.obj (.text)
                  00000e8c    00000a4e     rtsv7M4_T_le_v4SPD16_eabi.lib : _printfi.c.obj (.text:__TI_printfi)
                  000018da    00000002                                   : _lock.c.obj (.text:_nop)
                  000018dc    000009c0                                   : e_pow.c.obj (.text:pow)
                  0000229c    000007bc     servo.obj (.text)
                  00002a58    00000738     rtsv7M4_T_le_v4SPD16_eabi.lib : k_rem_pio2.c.obj (.text:__kernel_rem_pio2)
                  00003190    000005c4                                   : s_sin.c.obj (.text:sin)
                  00003754    00000384     move.obj (.text)
                  00003ad8    00000328     lcd.obj (.text)
                  00003e00    000002a4     parts.obj (.text)
                  000040a4    00000274     TIMER3B.obj (.text)
                  00004318    00000270     rtsv7M4_T_le_v4SPD16_eabi.lib : _printfi.c.obj (.text:_pconv_a)
                  00004588    00000248     Timer.obj (.text)
                  000047d0    000001d0     rtsv7M4_T_le_v4SPD16_eabi.lib : _printfi.c.obj (.text:_pconv_g)
                  000049a0    000001b6                                   : fd_add_t2.asm.obj (.text)
                  00004b56    00000002                                   : div0.asm.obj (.text)
                  00004b58    00000174                                   : k_sin.c.obj (.text:__kernel_sin)
                  00004ccc    0000016c                                   : k_cos.c.obj (.text:__kernel_cos)
                  00004e38    00000158                                   : e_sqrt.c.obj (.text:sqrt)
                  00004f90    0000013c                                   : _printfi.c.obj (.text:_pconv_e)
                  000050cc    0000013c     adc2.obj (.text)
                  00005208    00000136     rtsv7M4_T_le_v4SPD16_eabi.lib : fd_div_t2.asm.obj (.text)
                  0000533e    00000002     --HOLE-- [fill = 0]
                  00005340    0000012c     uart.obj (.text)
                  0000546c    00000124     rtsv7M4_T_le_v4SPD16_eabi.lib : _printfi.c.obj (.text:fcvt)
                  00005590    00000110                                   : s_scalbn.c.obj (.text:scalbn)
                  000056a0    000000fc                                   : fd_mul_t2.asm.obj (.text)
                  0000579c    000000f8                                   : s_floor.c.obj (.text:floor)
                  00005894    000000f4                                   : memory.c.obj (.text:aligned_alloc)
                  00005988    000000e8                                   : memory.c.obj (.text:free)
                  00005a70    000000c0                                   : s_round.c.obj (.text:round)
                  00005b30    000000b1                                   : _printfi.c.obj (.text:_ltostr)
                  00005be1    00000001     --HOLE-- [fill = 0]
                  00005be2    0000009c                                   : memcpy_t2.asm.obj (.text)
                  00005c7e    00000096                                   : ull_div_t2.asm.obj (.text)
                  00005d14    00000086                                   : fd_cmp_t2.asm.obj (.text:__aeabi_cdcmple)
                  00005d9a    00000086                                   : fd_cmp_t2.asm.obj (.text:__aeabi_cdrcmple)
                  00005e20    0000007c                                   : memory.c.obj (.text:split)
                  00005e9c    0000007a                                   : memset_t2.asm.obj (.text)
                  00005f16    0000006e                                   : _printfi.c.obj (.text:_mcpy)
                  00005f84    0000006e                                   : fd_tos_t2.asm.obj (.text)
                  00005ff2    00000068                                   : copy_decompress_lzss.c.obj (.text:decompress:lzss:__TI_decompress_lzss)
                  0000605a    00000002     --HOLE-- [fill = 0]
                  0000605c    00000064                                   : s_frexp.c.obj (.text:frexp)
                  000060c0    00000056                                   : _printfi.c.obj (.text:_pconv_f)
                  00006116    00000054                                   : ltoa.c.obj (.text:ltoa)
                  0000616a    00000052                                   : _printfi.c.obj (.text:_ecpy)
                  000061bc    0000004c                                   : atoi.c.obj (.text:atoi)
                  00006208    00000048                                   : fd_toi_t2.asm.obj (.text)
                  00006250    00000044                                   : autoinit.c.obj (.text:__TI_auto_init_nobinit_nopinit:__TI_auto_init_nobinit_nopinit)
                  00006294    00000040                                   : sprintf.c.obj (.text:sprintf)
                  000062d4    00000040                                   : vsnprintf.c.obj (.text:vsnprintf)
                  00006314    0000003e                                   : _printfi.c.obj (.text:_fcpy)
                  00006352    00000038                                   : fs_tod_t2.asm.obj (.text)
                  0000638a    00000002     --HOLE-- [fill = 0]
                  0000638c    00000034     driverlib.lib : interrupt.obj (.text:IntRegister)
                  000063c0    00000034     rtsv7M4_T_le_v4SPD16_eabi.lib : boot_cortex_m.c.obj (.text:_c_int00_noargs:_c_int00_noargs)
                  000063f4    00000030                                   : vsnprintf.c.obj (.text:_outs)
                  00006424    00000030                                   : memory.c.obj (.text:calloc)
                  00006454    0000002e     main.obj (.text)
                  00006482    0000002e     rtsv7M4_T_le_v4SPD16_eabi.lib : i_tofd_t2.asm.obj (.text)
                  000064b0    00000028                                   : memory.c.obj (.text:free_list_insert)
                  000064d8    00000020                                   : u_tofd_t2.asm.obj (.text)
                  000064f8    0000001c                                   : copy_zero_init.c.obj (.text:decompress:ZI:__TI_zero_init_nomemset:__TI_zero_init_nomemset)
                  00006514    0000001c                                   : memory.c.obj (.text:free_list_remove)
                  00006530    0000001c                                   : memccpy.c.obj (.text:memccpy)
                  0000654c    0000001a                                   : s_copysign.c.obj (.text:copysign)
                  00006566    00000018                                   : vsnprintf.c.obj (.text:_outc)
                  0000657e    00000018                                   : sprintf.c.obj (.text:_outs)
                  00006596    00000018     open_interface.obj (.text:oi_parseInt)
                  000065ae    00000018     rtsv7M4_T_le_v4SPD16_eabi.lib : strcmp.c.obj (.text:strcmp)
                  000065c6    00000016                                   : strchr.c.obj (.text:strchr)
                  000065dc    00000014                                   : strcpy.c.obj (.text:strcpy)
                  000065f0    00000014                                   : strlen.c.obj (.text:strlen)
                  00006604    00000012                                   : wcslen.c.obj (.text:wcslen)
                  00006616    00000010     driverlib.lib : interrupt.obj (.text:IntMasterEnable)
                  00006626    00000010     lcd.obj (.text:lcd_clear)
                  00006636    0000000e     rtsv7M4_T_le_v4SPD16_eabi.lib : copy_decompress_none.c.obj (.text:decompress:none:__TI_decompress_none)
                  00006644    0000000c     driverlib.lib : cpu.obj (.text:CPUcpsie)
                  00006650    0000000c     tm4c123gh6pm_startup_ccs.obj (.text)
                  0000665c    0000000a     rtsv7M4_T_le_v4SPD16_eabi.lib : sprintf.c.obj (.text:_outc)
                  00006666    00000002     --HOLE-- [fill = 0]
                  00006668    00000008                                   : errno.c.obj (.text:__aeabi_errno_addr)
                  00006670    00000008                                   : memory.c.obj (.text:malloc)
                  00006678    00000004                                   : pre_init.c.obj (.text:_system_pre_init)
                  0000667c    00000004                                   : exit.c.obj (.text:abort:abort)

.const     0    00006680    000002a3     
                  00006680    00000158     rtsv7M4_T_le_v4SPD16_eabi.lib : k_rem_pio2.c.obj (.const:$O1$$)
                  000067d8    00000101                                   : ctype.c.obj (.const:.string:_ctypes_)
                  000068d9    00000004     lcd.obj (.const:.string:lineAddress$1)
                  000068dd    00000003     --HOLE-- [fill = 0]
                  000068e0    00000030     rtsv7M4_T_le_v4SPD16_eabi.lib : e_pow.c.obj (.const:$O1$$)
                  00006910    0000000f     open_interface.obj (.const:.string:$P$T0$3)
                  0000691f    00000004     lcd.obj (.const:.string:lineAddresses$2)

.cinit     0    00006928    00000050     
                  00006928    00000019     (.cinit..data.load) [load image, compression = lzss]
                  00006941    00000003     --HOLE-- [fill = 0]
                  00006944    0000000c     (__TI_handler_table)
                  00006950    00000008     (.cinit..bss.load) [load image, compression = zero_init]
                  00006958    00000008     (.cinit..vtable.load) [load image, compression = zero_init]
                  00006960    00000018     (__TI_cinit_table)

.init_array 
*          0    00000000    00000000     UNINITIALIZED

.vtable    0    20000000    0000026c     UNINITIALIZED
                  20000000    0000026c     driverlib.lib : interrupt.obj (.vtable)

.stack     0    20000270    00001000     UNINITIALIZED
                  20000270    00000004     rtsv7M4_T_le_v4SPD16_eabi.lib : boot_cortex_m.c.obj (.stack)
                  20000274    00000ffc     --HOLE--

.sysmem    0    20001270    00001000     UNINITIALIZED
                  20001270    00000010     rtsv7M4_T_le_v4SPD16_eabi.lib : memory.c.obj (.sysmem)
                  20001280    00000ff0     --HOLE--

.bss       0    20002270    00000135     UNINITIALIZED
                  20002270    000000c0     (.common:object_storage)
                  20002330    00000054     lcd.obj (.bss:lastbuffer$3)
                  20002384    00000018     open_interface.obj (.bss:firmware$2)
                  2000239c    00000004     (.common:_timeout_ticks)
                  200023a0    00000004     (.common:numOverflow)
                  200023a4    00000001     (.common:state)

.data      0    200023a8    00000041     UNINITIALIZED
                  200023a8    00000020     open_interface.obj (.data)
                  200023c8    0000000c     TIMER3B.obj (.data)
                  200023d4    00000008     rtsv7M4_T_le_v4SPD16_eabi.lib : _lock.c.obj (.data:$O1$$)
                  200023dc    00000008                                   : memory.c.obj (.data:$O1$$)
                  200023e4    00000004                                   : errno.c.obj (.data)
                  200023e8    00000001     Timer.obj (.data)

MODULE SUMMARY

       Module                         code    ro data   rw data
       ------                         ----    -------   -------
    .\
       open_interface.obj             3128    15        56     
       servo.obj                      1980    0         0      
       lcd.obj                        824     8         84     
       move.obj                       900     0         0      
       parts.obj                      676     0         0      
       TIMER3B.obj                    628     0         17     
       tm4c123gh6pm_startup_ccs.obj   12      620       0      
       Timer.obj                      584     0         5      
       adc2.obj                       316     0         0      
       uart.obj                       300     0         0      
       main.obj                       46      0         192    
    +--+------------------------------+-------+---------+---------+
       Total:                         9394    643       354    
                                                               
    C:/ti/TivaWare_C_Series-2.1.4.178/driverlib/ccs/Debug/driverlib.lib
       interrupt.obj                  68      0         620    
       cpu.obj                        12      0         0      
    +--+------------------------------+-------+---------+---------+
       Total:                         80      0         620    
                                                               
    C:\ti\ccs910\ccs\tools\compiler\ti-cgt-arm_18.12.2.LTS\lib\rtsv7M4_T_le_v4SPD16_eabi.lib
       _printfi.c.obj                 4851    0         0      
       e_pow.c.obj                    2496    48        0      
       k_rem_pio2.c.obj               1848    344       0      
       s_sin.c.obj                    1476    0         0      
       memory.c.obj                   724     0         8      
       fd_add_t2.asm.obj              438     0         0      
       k_sin.c.obj                    372     0         0      
       k_cos.c.obj                    364     0         0      
       e_sqrt.c.obj                   344     0         0      
       fd_div_t2.asm.obj              310     0         0      
       s_scalbn.c.obj                 272     0         0      
       fd_cmp_t2.asm.obj              268     0         0      
       ctype.c.obj                    0       257       0      
       fd_mul_t2.asm.obj              252     0         0      
       s_floor.c.obj                  248     0         0      
       s_round.c.obj                  192     0         0      
       memcpy_t2.asm.obj              156     0         0      
       ull_div_t2.asm.obj             150     0         0      
       vsnprintf.c.obj                136     0         0      
       memset_t2.asm.obj              122     0         0      
       fd_tos_t2.asm.obj              110     0         0      
       copy_decompress_lzss.c.obj     104     0         0      
       s_frexp.c.obj                  100     0         0      
       sprintf.c.obj                  98      0         0      
       ltoa.c.obj                     84      0         0      
       atoi.c.obj                     76      0         0      
       fd_toi_t2.asm.obj              72      0         0      
       autoinit.c.obj                 68      0         0      
       fs_tod_t2.asm.obj              56      0         0      
       boot_cortex_m.c.obj            52      0         0      
       i_tofd_t2.asm.obj              46      0         0      
       u_tofd_t2.asm.obj              32      0         0      
       copy_zero_init.c.obj           28      0         0      
       memccpy.c.obj                  28      0         0      
       s_copysign.c.obj               26      0         0      
       strcmp.c.obj                   24      0         0      
       strchr.c.obj                   22      0         0      
       strcpy.c.obj                   20      0         0      
       strlen.c.obj                   20      0         0      
       wcslen.c.obj                   18      0         0      
       copy_decompress_none.c.obj     14      0         0      
       errno.c.obj                    8       0         4      
       _lock.c.obj                    2       0         8      
       exit.c.obj                     4       0         0      
       pre_init.c.obj                 4       0         0      
       div0.asm.obj                   2       0         0      
    +--+------------------------------+-------+---------+---------+
       Total:                         16137   649       20     
                                                               
       Heap:                          0       0         4096   
       Stack:                         0       0         4096   
       Linker Generated:              0       77        0      
    +--+------------------------------+-------+---------+---------+
       Grand Total:                   25611   1369      9186   


LINKER GENERATED COPY TABLES

__TI_cinit_table @ 00006960 records: 3, size/record: 8, table size: 24
	.data: load addr=00006928, load size=00000019 bytes, run addr=200023a8, run size=00000041 bytes, compression=lzss
	.bss: load addr=00006950, load size=00000008 bytes, run addr=20002270, run size=00000135 bytes, compression=zero_init
	.vtable: load addr=00006958, load size=00000008 bytes, run addr=20000000, run size=0000026c bytes, compression=zero_init


LINKER GENERATED HANDLER TABLE

__TI_handler_table @ 00006944 records: 3, size/record: 4, table size: 12
	index: 0, handler: __TI_zero_init
	index: 1, handler: __TI_decompress_lzss
	index: 2, handler: __TI_decompress_none


GLOBAL SYMBOLS: SORTED ALPHABETICALLY BY Name 

address   name                          
-------   ----                          
0000667d  C$$EXIT                       
00006645  CPUcpsie                      
00000bc3  GPIOF_Handler                 
00006617  IntMasterEnable               
0000638d  IntRegister                   
00006651  ResetISR                      
000040cd  TIMER3B_Handler               
00004105  TIMER3B_init                  
20001270  __STACK_END                   
00001000  __STACK_SIZE                  
20000470  __STACK_TOP                   
00001000  __SYSMEM_SIZE                 
00006960  __TI_CINIT_Base               
00006978  __TI_CINIT_Limit              
00006944  __TI_Handler_Table_Base       
00006950  __TI_Handler_Table_Limit      
00006251  __TI_auto_init_nobinit_nopinit
00005ff3  __TI_decompress_lzss          
00006637  __TI_decompress_none          
ffffffff  __TI_pprof_out_hndl           
00000e8d  __TI_printfi                  
ffffffff  __TI_prof_data_size           
ffffffff  __TI_prof_data_start          
00000000  __TI_static_base__            
000064f9  __TI_zero_init_nomemset       
00005d15  __aeabi_cdcmpeq               
00005d15  __aeabi_cdcmple               
00005d9b  __aeabi_cdrcmple              
00005f85  __aeabi_d2f                   
00006209  __aeabi_d2iz                  
000049ab  __aeabi_dadd                  
00005209  __aeabi_ddiv                  
000056a1  __aeabi_dmul                  
000049a1  __aeabi_dsub                  
00006669  __aeabi_errno_addr            
00006353  __aeabi_f2d                   
00006483  __aeabi_i2d                   
00004b57  __aeabi_idiv0                 
00004b57  __aeabi_ldiv0                 
00005e9d  __aeabi_memclr                
00005e9d  __aeabi_memclr4               
00005e9d  __aeabi_memclr8               
00005be3  __aeabi_memcpy                
00005be3  __aeabi_memcpy4               
00005be3  __aeabi_memcpy8               
00005e9f  __aeabi_memset                
00005e9f  __aeabi_memset4               
00005e9f  __aeabi_memset8               
000064d9  __aeabi_ui2d                  
00005c7f  __aeabi_uldivmod              
ffffffff  __binit__                     
ffffffff  __c_args__                    
00004ccd  __kernel_cos                  
00002a59  __kernel_rem_pio2             
00004b59  __kernel_sin                  
UNDEFED   __mpu_init                    
20000270  __stack                       
000063c1  _c_int00_noargs               
000067d8  _ctypes_                      
200023d4  _lock                         
000018db  _nop                          
200023e8  _running                      
20001270  _sys_memory                   
UNDEFED   _system_post_cinit            
00006679  _system_pre_init              
2000239c  _timeout_ticks                
200023d8  _unlock                       
0000667d  abort                         
00005185  adc_avg_distance              
0000516b  adc_get_raw                   
000050cd  adc_init                      
00005159  adc_read                      
00005895  aligned_alloc                 
000061bd  atoi                          
ffffffff  binit                         
00003755  bot_init                      
00006425  calloc                        
000039c7  cliff_detect                  
0000654d  copysign                      
0000654d  copysignl                     
200023cc  current_time                  
200023e4  errno                         
00003e4f  flag_status                   
0000579d  floor                         
0000579d  floorl                        
00005989  free                          
0000605d  frexp                         
0000605d  frexpl                        
0000297b  full_scan                     
20000000  g_pfnRAMVectors               
00000000  g_pfnVectors                  
0000097f  go_charge                     
200023c8  last_time                     
00006627  lcd_clear                     
00003cad  lcd_gotoLine                  
00003b15  lcd_init                      
00003d13  lcd_printf                    
00003bd5  lcd_putc                      
00003c0d  lcd_puts                      
00003ad9  lcd_reverseNibble             
00003c2b  lcd_sendCommand               
00003c69  lcd_sendNibble                
00003cd5  lcd_setCursorPos              
00005591  ldexp                         
00005591  ldexpl                        
00003a55  line_detect                   
00006117  ltoa                          
00006455  main                          
00006671  malloc                        
00005895  memalign                      
00006531  memccpy                       
00005be3  memcpy                        
00005ea5  memset                        
200023a8  motor_cal_factor_L            
200023ac  motor_cal_factor_R            
000037b5  move_Back                     
00003827  move_forward                  
0000237b  move_servo                    
00003f1d  multi_obj                     
00003e9d  narrow_only                   
200023a0  numOverflow                   
00002479  obj_det                       
000023cd  object_description            
20002270  object_storage                
0000026d  oi_alloc                      
00000aa9  oi_checkFirmware              
000002c7  oi_close                      
00000279  oi_free                       
00000ded  oi_getMotorCalibrationLeft    
00000e01  oi_getMotorCalibrationRight   
000002b1  oi_init                       
00000289  oi_init_noupdate              
00000915  oi_loadSong                   
00006597  oi_parseInt                   
0000032b  oi_parsePacket                
0000096b  oi_play_song                  
0000084b  oi_setLeds                    
00000db1  oi_setMotorCalibration        
0000088f  oi_setWheels                  
00000b51  oi_shutoff_init               
0000098d  oi_uartInit                   
00000a31  oi_uartReceive                
00000a77  oi_uartSendBuff               
00000a15  oi_uartSendChar               
00000a59  oi_uartSendStr                
000002d9  oi_update                     
00003e01  part1                         
00003e45  part2                         
00003e4d  part3                         
0000422b  ping_read                     
000040a5  portb_init                    
000018dd  pow                           
000018dd  powl                          
00005a71  round                         
00005a71  roundl                        
00005591  scalbn                        
00005591  scalbnl                       
0000418d  send_pulse                    
00003191  sin                           
00003191  sinl                          
00006295  sprintf                       
00004e39  sqrt                          
00004e39  sqrtl                         
200023a4  state                         
000065c7  strchr                        
000065af  strcmp                        
000065dd  strcpy                        
000065f1  strlen                        
0000420d  time2dist                     
0000229d  timer1_init                   
000046a7  timer_getMicros               
0000464f  timer_getMillis               
00004589  timer_init                    
0000462b  timer_pause                   
0000463d  timer_resume                  
00004601  timer_stop                    
00004701  timer_waitMicros              
00004735  timer_waitMillis              
000038e7  turn_clockwise                
00003957  turn_counterclockwise         
00005341  uart_init                     
000053fb  uart_receive                  
000053df  uart_sendChar                 
0000541b  uart_sendStr                  
200023d0  update_flag                   
000062d5  vsnprintf                     
00006605  wcslen                        


GLOBAL SYMBOLS: SORTED BY Symbol Address 

address   name                          
-------   ----                          
00000000  __TI_static_base__            
00000000  g_pfnVectors                  
0000026d  oi_alloc                      
00000279  oi_free                       
00000289  oi_init_noupdate              
000002b1  oi_init                       
000002c7  oi_close                      
000002d9  oi_update                     
0000032b  oi_parsePacket                
0000084b  oi_setLeds                    
0000088f  oi_setWheels                  
00000915  oi_loadSong                   
0000096b  oi_play_song                  
0000097f  go_charge                     
0000098d  oi_uartInit                   
00000a15  oi_uartSendChar               
00000a31  oi_uartReceive                
00000a59  oi_uartSendStr                
00000a77  oi_uartSendBuff               
00000aa9  oi_checkFirmware              
00000b51  oi_shutoff_init               
00000bc3  GPIOF_Handler                 
00000db1  oi_setMotorCalibration        
00000ded  oi_getMotorCalibrationLeft    
00000e01  oi_getMotorCalibrationRight   
00000e8d  __TI_printfi                  
00001000  __STACK_SIZE                  
00001000  __SYSMEM_SIZE                 
000018db  _nop                          
000018dd  pow                           
000018dd  powl                          
0000229d  timer1_init                   
0000237b  move_servo                    
000023cd  object_description            
00002479  obj_det                       
0000297b  full_scan                     
00002a59  __kernel_rem_pio2             
00003191  sin                           
00003191  sinl                          
00003755  bot_init                      
000037b5  move_Back                     
00003827  move_forward                  
000038e7  turn_clockwise                
00003957  turn_counterclockwise         
000039c7  cliff_detect                  
00003a55  line_detect                   
00003ad9  lcd_reverseNibble             
00003b15  lcd_init                      
00003bd5  lcd_putc                      
00003c0d  lcd_puts                      
00003c2b  lcd_sendCommand               
00003c69  lcd_sendNibble                
00003cad  lcd_gotoLine                  
00003cd5  lcd_setCursorPos              
00003d13  lcd_printf                    
00003e01  part1                         
00003e45  part2                         
00003e4d  part3                         
00003e4f  flag_status                   
00003e9d  narrow_only                   
00003f1d  multi_obj                     
000040a5  portb_init                    
000040cd  TIMER3B_Handler               
00004105  TIMER3B_init                  
0000418d  send_pulse                    
0000420d  time2dist                     
0000422b  ping_read                     
00004589  timer_init                    
00004601  timer_stop                    
0000462b  timer_pause                   
0000463d  timer_resume                  
0000464f  timer_getMillis               
000046a7  timer_getMicros               
00004701  timer_waitMicros              
00004735  timer_waitMillis              
000049a1  __aeabi_dsub                  
000049ab  __aeabi_dadd                  
00004b57  __aeabi_idiv0                 
00004b57  __aeabi_ldiv0                 
00004b59  __kernel_sin                  
00004ccd  __kernel_cos                  
00004e39  sqrt                          
00004e39  sqrtl                         
000050cd  adc_init                      
00005159  adc_read                      
0000516b  adc_get_raw                   
00005185  adc_avg_distance              
00005209  __aeabi_ddiv                  
00005341  uart_init                     
000053df  uart_sendChar                 
000053fb  uart_receive                  
0000541b  uart_sendStr                  
00005591  ldexp                         
00005591  ldexpl                        
00005591  scalbn                        
00005591  scalbnl                       
000056a1  __aeabi_dmul                  
0000579d  floor                         
0000579d  floorl                        
00005895  aligned_alloc                 
00005895  memalign                      
00005989  free                          
00005a71  round                         
00005a71  roundl                        
00005be3  __aeabi_memcpy                
00005be3  __aeabi_memcpy4               
00005be3  __aeabi_memcpy8               
00005be3  memcpy                        
00005c7f  __aeabi_uldivmod              
00005d15  __aeabi_cdcmpeq               
00005d15  __aeabi_cdcmple               
00005d9b  __aeabi_cdrcmple              
00005e9d  __aeabi_memclr                
00005e9d  __aeabi_memclr4               
00005e9d  __aeabi_memclr8               
00005e9f  __aeabi_memset                
00005e9f  __aeabi_memset4               
00005e9f  __aeabi_memset8               
00005ea5  memset                        
00005f85  __aeabi_d2f                   
00005ff3  __TI_decompress_lzss          
0000605d  frexp                         
0000605d  frexpl                        
00006117  ltoa                          
000061bd  atoi                          
00006209  __aeabi_d2iz                  
00006251  __TI_auto_init_nobinit_nopinit
00006295  sprintf                       
000062d5  vsnprintf                     
00006353  __aeabi_f2d                   
0000638d  IntRegister                   
000063c1  _c_int00_noargs               
00006425  calloc                        
00006455  main                          
00006483  __aeabi_i2d                   
000064d9  __aeabi_ui2d                  
000064f9  __TI_zero_init_nomemset       
00006531  memccpy                       
0000654d  copysign                      
0000654d  copysignl                     
00006597  oi_parseInt                   
000065af  strcmp                        
000065c7  strchr                        
000065dd  strcpy                        
000065f1  strlen                        
00006605  wcslen                        
00006617  IntMasterEnable               
00006627  lcd_clear                     
00006637  __TI_decompress_none          
00006645  CPUcpsie                      
00006651  ResetISR                      
00006669  __aeabi_errno_addr            
00006671  malloc                        
00006679  _system_pre_init              
0000667d  C$$EXIT                       
0000667d  abort                         
000067d8  _ctypes_                      
00006944  __TI_Handler_Table_Base       
00006950  __TI_Handler_Table_Limit      
00006960  __TI_CINIT_Base               
00006978  __TI_CINIT_Limit              
20000000  g_pfnRAMVectors               
20000270  __stack                       
20000470  __STACK_TOP                   
20001270  __STACK_END                   
20001270  _sys_memory                   
20002270  object_storage                
2000239c  _timeout_ticks                
200023a0  numOverflow                   
200023a4  state                         
200023a8  motor_cal_factor_L            
200023ac  motor_cal_factor_R            
200023c8  last_time                     
200023cc  current_time                  
200023d0  update_flag                   
200023d4  _lock                         
200023d8  _unlock                       
200023e4  errno                         
200023e8  _running                      
ffffffff  __TI_pprof_out_hndl           
ffffffff  __TI_prof_data_size           
ffffffff  __TI_prof_data_start          
ffffffff  __binit__                     
ffffffff  __c_args__                    
ffffffff  binit                         
UNDEFED   __mpu_init                    
UNDEFED   _system_post_cinit            

[187 symbols]
