<?xml version="1.0" encoding="ISO-8859-1" ?>
<link_info>
   <banner>TI ARM Linker PC v18.12.2.LTS</banner>
   <copyright>Copyright (c) 1996-2018 Texas Instruments Incorporated</copyright>
   <link_time>0x5de956b0</link_time>
   <link_errors>0x0</link_errors>
   <output_file>lab_9.out</output_file>
   <entry_point>
      <name>_c_int00_noargs</name>
      <address>0x60ed</address>
   </entry_point>
   <input_file_list>
      <input_file id="fl-2">
         <path>.\</path>
         <kind>object</kind>
         <file>TIMER3B.obj</file>
         <name>TIMER3B.obj</name>
      </input_file>
      <input_file id="fl-3">
         <path>.\</path>
         <kind>object</kind>
         <file>Timer.obj</file>
         <name>Timer.obj</name>
      </input_file>
      <input_file id="fl-4">
         <path>.\</path>
         <kind>object</kind>
         <file>adc.obj</file>
         <name>adc.obj</name>
      </input_file>
      <input_file id="fl-5">
         <path>.\</path>
         <kind>object</kind>
         <file>adc2.obj</file>
         <name>adc2.obj</name>
      </input_file>
      <input_file id="fl-6">
         <path>.\</path>
         <kind>object</kind>
         <file>button.obj</file>
         <name>button.obj</name>
      </input_file>
      <input_file id="fl-7">
         <path>.\</path>
         <kind>object</kind>
         <file>lcd.obj</file>
         <name>lcd.obj</name>
      </input_file>
      <input_file id="fl-8">
         <path>.\</path>
         <kind>object</kind>
         <file>main.obj</file>
         <name>main.obj</name>
      </input_file>
      <input_file id="fl-9">
         <path>.\</path>
         <kind>object</kind>
         <file>move.obj</file>
         <name>move.obj</name>
      </input_file>
      <input_file id="fl-a">
         <path>.\</path>
         <kind>object</kind>
         <file>open_interface.obj</file>
         <name>open_interface.obj</name>
      </input_file>
      <input_file id="fl-b">
         <path>.\</path>
         <kind>object</kind>
         <file>servo.obj</file>
         <name>servo.obj</name>
      </input_file>
      <input_file id="fl-c">
         <path>.\</path>
         <kind>object</kind>
         <file>tm4c123gh6pm_startup_ccs.obj</file>
         <name>tm4c123gh6pm_startup_ccs.obj</name>
      </input_file>
      <input_file id="fl-d">
         <path>.\</path>
         <kind>object</kind>
         <file>uart.obj</file>
         <name>uart.obj</name>
      </input_file>
      <input_file id="fl-12">
         <kind>object</kind>
         <file>&lt;internal&gt;</file>
         <name>&lt;internal&gt;</name>
      </input_file>
      <input_file id="fl-13">
         <path>C:\ti\TivaWare_C_Series-2.1.4.178\driverlib\ccs\Debug\</path>
         <kind>archive</kind>
         <file>driverlib.lib</file>
         <name>interrupt.obj</name>
      </input_file>
      <input_file id="fl-14">
         <path>C:\ti\TivaWare_C_Series-2.1.4.178\driverlib\ccs\Debug\</path>
         <kind>archive</kind>
         <file>driverlib.lib</file>
         <name>cpu.obj</name>
      </input_file>
      <input_file id="fl-ca">
         <path>C:\ti\ccs910\ccs\tools\compiler\ti-cgt-arm_18.12.2.LTS\lib\</path>
         <kind>archive</kind>
         <file>rtsv7M4_T_le_v4SPD16_eabi.lib</file>
         <name>sprintf.c.obj</name>
      </input_file>
      <input_file id="fl-cb">
         <path>C:\ti\ccs910\ccs\tools\compiler\ti-cgt-arm_18.12.2.LTS\lib\</path>
         <kind>archive</kind>
         <file>rtsv7M4_T_le_v4SPD16_eabi.lib</file>
         <name>vsnprintf.c.obj</name>
      </input_file>
      <input_file id="fl-cc">
         <path>C:\ti\ccs910\ccs\tools\compiler\ti-cgt-arm_18.12.2.LTS\lib\</path>
         <kind>archive</kind>
         <file>rtsv7M4_T_le_v4SPD16_eabi.lib</file>
         <name>e_pow.c.obj</name>
      </input_file>
      <input_file id="fl-cd">
         <path>C:\ti\ccs910\ccs\tools\compiler\ti-cgt-arm_18.12.2.LTS\lib\</path>
         <kind>archive</kind>
         <file>rtsv7M4_T_le_v4SPD16_eabi.lib</file>
         <name>e_sqrt.c.obj</name>
      </input_file>
      <input_file id="fl-ce">
         <path>C:\ti\ccs910\ccs\tools\compiler\ti-cgt-arm_18.12.2.LTS\lib\</path>
         <kind>archive</kind>
         <file>rtsv7M4_T_le_v4SPD16_eabi.lib</file>
         <name>s_round.c.obj</name>
      </input_file>
      <input_file id="fl-cf">
         <path>C:\ti\ccs910\ccs\tools\compiler\ti-cgt-arm_18.12.2.LTS\lib\</path>
         <kind>archive</kind>
         <file>rtsv7M4_T_le_v4SPD16_eabi.lib</file>
         <name>s_scalbn.c.obj</name>
      </input_file>
      <input_file id="fl-d0">
         <path>C:\ti\ccs910\ccs\tools\compiler\ti-cgt-arm_18.12.2.LTS\lib\</path>
         <kind>archive</kind>
         <file>rtsv7M4_T_le_v4SPD16_eabi.lib</file>
         <name>s_sin.c.obj</name>
      </input_file>
      <input_file id="fl-d1">
         <path>C:\ti\ccs910\ccs\tools\compiler\ti-cgt-arm_18.12.2.LTS\lib\</path>
         <kind>archive</kind>
         <file>rtsv7M4_T_le_v4SPD16_eabi.lib</file>
         <name>memset_t2.asm.obj</name>
      </input_file>
      <input_file id="fl-d2">
         <path>C:\ti\ccs910\ccs\tools\compiler\ti-cgt-arm_18.12.2.LTS\lib\</path>
         <kind>archive</kind>
         <file>rtsv7M4_T_le_v4SPD16_eabi.lib</file>
         <name>fd_add_t2.asm.obj</name>
      </input_file>
      <input_file id="fl-d3">
         <path>C:\ti\ccs910\ccs\tools\compiler\ti-cgt-arm_18.12.2.LTS\lib\</path>
         <kind>archive</kind>
         <file>rtsv7M4_T_le_v4SPD16_eabi.lib</file>
         <name>fd_cmp_t2.asm.obj</name>
      </input_file>
      <input_file id="fl-d4">
         <path>C:\ti\ccs910\ccs\tools\compiler\ti-cgt-arm_18.12.2.LTS\lib\</path>
         <kind>archive</kind>
         <file>rtsv7M4_T_le_v4SPD16_eabi.lib</file>
         <name>fd_div_t2.asm.obj</name>
      </input_file>
      <input_file id="fl-d5">
         <path>C:\ti\ccs910\ccs\tools\compiler\ti-cgt-arm_18.12.2.LTS\lib\</path>
         <kind>archive</kind>
         <file>rtsv7M4_T_le_v4SPD16_eabi.lib</file>
         <name>fd_mul_t2.asm.obj</name>
      </input_file>
      <input_file id="fl-d6">
         <path>C:\ti\ccs910\ccs\tools\compiler\ti-cgt-arm_18.12.2.LTS\lib\</path>
         <kind>archive</kind>
         <file>rtsv7M4_T_le_v4SPD16_eabi.lib</file>
         <name>fd_toi_t2.asm.obj</name>
      </input_file>
      <input_file id="fl-d7">
         <path>C:\ti\ccs910\ccs\tools\compiler\ti-cgt-arm_18.12.2.LTS\lib\</path>
         <kind>archive</kind>
         <file>rtsv7M4_T_le_v4SPD16_eabi.lib</file>
         <name>fd_tos_t2.asm.obj</name>
      </input_file>
      <input_file id="fl-d8">
         <path>C:\ti\ccs910\ccs\tools\compiler\ti-cgt-arm_18.12.2.LTS\lib\</path>
         <kind>archive</kind>
         <file>rtsv7M4_T_le_v4SPD16_eabi.lib</file>
         <name>fs_tod_t2.asm.obj</name>
      </input_file>
      <input_file id="fl-d9">
         <path>C:\ti\ccs910\ccs\tools\compiler\ti-cgt-arm_18.12.2.LTS\lib\</path>
         <kind>archive</kind>
         <file>rtsv7M4_T_le_v4SPD16_eabi.lib</file>
         <name>i_tofd_t2.asm.obj</name>
      </input_file>
      <input_file id="fl-da">
         <path>C:\ti\ccs910\ccs\tools\compiler\ti-cgt-arm_18.12.2.LTS\lib\</path>
         <kind>archive</kind>
         <file>rtsv7M4_T_le_v4SPD16_eabi.lib</file>
         <name>memcpy_t2.asm.obj</name>
      </input_file>
      <input_file id="fl-db">
         <path>C:\ti\ccs910\ccs\tools\compiler\ti-cgt-arm_18.12.2.LTS\lib\</path>
         <kind>archive</kind>
         <file>rtsv7M4_T_le_v4SPD16_eabi.lib</file>
         <name>u_tofd_t2.asm.obj</name>
      </input_file>
      <input_file id="fl-dc">
         <path>C:\ti\ccs910\ccs\tools\compiler\ti-cgt-arm_18.12.2.LTS\lib\</path>
         <kind>archive</kind>
         <file>rtsv7M4_T_le_v4SPD16_eabi.lib</file>
         <name>copy_zero_init.c.obj</name>
      </input_file>
      <input_file id="fl-dd">
         <path>C:\ti\ccs910\ccs\tools\compiler\ti-cgt-arm_18.12.2.LTS\lib\</path>
         <kind>archive</kind>
         <file>rtsv7M4_T_le_v4SPD16_eabi.lib</file>
         <name>copy_decompress_none.c.obj</name>
      </input_file>
      <input_file id="fl-de">
         <path>C:\ti\ccs910\ccs\tools\compiler\ti-cgt-arm_18.12.2.LTS\lib\</path>
         <kind>archive</kind>
         <file>rtsv7M4_T_le_v4SPD16_eabi.lib</file>
         <name>copy_decompress_lzss.c.obj</name>
      </input_file>
      <input_file id="fl-df">
         <path>C:\ti\ccs910\ccs\tools\compiler\ti-cgt-arm_18.12.2.LTS\lib\</path>
         <kind>archive</kind>
         <file>rtsv7M4_T_le_v4SPD16_eabi.lib</file>
         <name>memory.c.obj</name>
      </input_file>
      <input_file id="fl-e0">
         <path>C:\ti\ccs910\ccs\tools\compiler\ti-cgt-arm_18.12.2.LTS\lib\</path>
         <kind>archive</kind>
         <file>rtsv7M4_T_le_v4SPD16_eabi.lib</file>
         <name>strcmp.c.obj</name>
      </input_file>
      <input_file id="fl-e1">
         <path>C:\ti\ccs910\ccs\tools\compiler\ti-cgt-arm_18.12.2.LTS\lib\</path>
         <kind>archive</kind>
         <file>rtsv7M4_T_le_v4SPD16_eabi.lib</file>
         <name>strcpy.c.obj</name>
      </input_file>
      <input_file id="fl-e2">
         <path>C:\ti\ccs910\ccs\tools\compiler\ti-cgt-arm_18.12.2.LTS\lib\</path>
         <kind>archive</kind>
         <file>rtsv7M4_T_le_v4SPD16_eabi.lib</file>
         <name>k_rem_pio2.c.obj</name>
      </input_file>
      <input_file id="fl-e3">
         <path>C:\ti\ccs910\ccs\tools\compiler\ti-cgt-arm_18.12.2.LTS\lib\</path>
         <kind>archive</kind>
         <file>rtsv7M4_T_le_v4SPD16_eabi.lib</file>
         <name>boot_cortex_m.c.obj</name>
      </input_file>
      <input_file id="fl-e4">
         <path>C:\ti\ccs910\ccs\tools\compiler\ti-cgt-arm_18.12.2.LTS\lib\</path>
         <kind>archive</kind>
         <file>rtsv7M4_T_le_v4SPD16_eabi.lib</file>
         <name>errno.c.obj</name>
      </input_file>
      <input_file id="fl-e5">
         <path>C:\ti\ccs910\ccs\tools\compiler\ti-cgt-arm_18.12.2.LTS\lib\</path>
         <kind>archive</kind>
         <file>rtsv7M4_T_le_v4SPD16_eabi.lib</file>
         <name>s_copysign.c.obj</name>
      </input_file>
      <input_file id="fl-e6">
         <path>C:\ti\ccs910\ccs\tools\compiler\ti-cgt-arm_18.12.2.LTS\lib\</path>
         <kind>archive</kind>
         <file>rtsv7M4_T_le_v4SPD16_eabi.lib</file>
         <name>_printfi.c.obj</name>
      </input_file>
      <input_file id="fl-e7">
         <path>C:\ti\ccs910\ccs\tools\compiler\ti-cgt-arm_18.12.2.LTS\lib\</path>
         <kind>archive</kind>
         <file>rtsv7M4_T_le_v4SPD16_eabi.lib</file>
         <name>k_cos.c.obj</name>
      </input_file>
      <input_file id="fl-e8">
         <path>C:\ti\ccs910\ccs\tools\compiler\ti-cgt-arm_18.12.2.LTS\lib\</path>
         <kind>archive</kind>
         <file>rtsv7M4_T_le_v4SPD16_eabi.lib</file>
         <name>k_sin.c.obj</name>
      </input_file>
      <input_file id="fl-e9">
         <path>C:\ti\ccs910\ccs\tools\compiler\ti-cgt-arm_18.12.2.LTS\lib\</path>
         <kind>archive</kind>
         <file>rtsv7M4_T_le_v4SPD16_eabi.lib</file>
         <name>s_floor.c.obj</name>
      </input_file>
      <input_file id="fl-ea">
         <path>C:\ti\ccs910\ccs\tools\compiler\ti-cgt-arm_18.12.2.LTS\lib\</path>
         <kind>archive</kind>
         <file>rtsv7M4_T_le_v4SPD16_eabi.lib</file>
         <name>s_frexp.c.obj</name>
      </input_file>
      <input_file id="fl-eb">
         <path>C:\ti\ccs910\ccs\tools\compiler\ti-cgt-arm_18.12.2.LTS\lib\</path>
         <kind>archive</kind>
         <file>rtsv7M4_T_le_v4SPD16_eabi.lib</file>
         <name>ull_div_t2.asm.obj</name>
      </input_file>
      <input_file id="fl-ec">
         <path>C:\ti\ccs910\ccs\tools\compiler\ti-cgt-arm_18.12.2.LTS\lib\</path>
         <kind>archive</kind>
         <file>rtsv7M4_T_le_v4SPD16_eabi.lib</file>
         <name>autoinit.c.obj</name>
      </input_file>
      <input_file id="fl-ed">
         <path>C:\ti\ccs910\ccs\tools\compiler\ti-cgt-arm_18.12.2.LTS\lib\</path>
         <kind>archive</kind>
         <file>rtsv7M4_T_le_v4SPD16_eabi.lib</file>
         <name>pre_init.c.obj</name>
      </input_file>
      <input_file id="fl-ee">
         <path>C:\ti\ccs910\ccs\tools\compiler\ti-cgt-arm_18.12.2.LTS\lib\</path>
         <kind>archive</kind>
         <file>rtsv7M4_T_le_v4SPD16_eabi.lib</file>
         <name>cpy_tbl.c.obj</name>
      </input_file>
      <input_file id="fl-ef">
         <path>C:\ti\ccs910\ccs\tools\compiler\ti-cgt-arm_18.12.2.LTS\lib\</path>
         <kind>archive</kind>
         <file>rtsv7M4_T_le_v4SPD16_eabi.lib</file>
         <name>exit.c.obj</name>
      </input_file>
      <input_file id="fl-f0">
         <path>C:\ti\ccs910\ccs\tools\compiler\ti-cgt-arm_18.12.2.LTS\lib\</path>
         <kind>archive</kind>
         <file>rtsv7M4_T_le_v4SPD16_eabi.lib</file>
         <name>_lock.c.obj</name>
      </input_file>
      <input_file id="fl-f1">
         <path>C:\ti\ccs910\ccs\tools\compiler\ti-cgt-arm_18.12.2.LTS\lib\</path>
         <kind>archive</kind>
         <file>rtsv7M4_T_le_v4SPD16_eabi.lib</file>
         <name>args_main.c.obj</name>
      </input_file>
      <input_file id="fl-f2">
         <path>C:\ti\ccs910\ccs\tools\compiler\ti-cgt-arm_18.12.2.LTS\lib\</path>
         <kind>archive</kind>
         <file>rtsv7M4_T_le_v4SPD16_eabi.lib</file>
         <name>atoi.c.obj</name>
      </input_file>
      <input_file id="fl-f3">
         <path>C:\ti\ccs910\ccs\tools\compiler\ti-cgt-arm_18.12.2.LTS\lib\</path>
         <kind>archive</kind>
         <file>rtsv7M4_T_le_v4SPD16_eabi.lib</file>
         <name>ctype.c.obj</name>
      </input_file>
      <input_file id="fl-f4">
         <path>C:\ti\ccs910\ccs\tools\compiler\ti-cgt-arm_18.12.2.LTS\lib\</path>
         <kind>archive</kind>
         <file>rtsv7M4_T_le_v4SPD16_eabi.lib</file>
         <name>ltoa.c.obj</name>
      </input_file>
      <input_file id="fl-f5">
         <path>C:\ti\ccs910\ccs\tools\compiler\ti-cgt-arm_18.12.2.LTS\lib\</path>
         <kind>archive</kind>
         <file>rtsv7M4_T_le_v4SPD16_eabi.lib</file>
         <name>memccpy.c.obj</name>
      </input_file>
      <input_file id="fl-f6">
         <path>C:\ti\ccs910\ccs\tools\compiler\ti-cgt-arm_18.12.2.LTS\lib\</path>
         <kind>archive</kind>
         <file>rtsv7M4_T_le_v4SPD16_eabi.lib</file>
         <name>strchr.c.obj</name>
      </input_file>
      <input_file id="fl-f7">
         <path>C:\ti\ccs910\ccs\tools\compiler\ti-cgt-arm_18.12.2.LTS\lib\</path>
         <kind>archive</kind>
         <file>rtsv7M4_T_le_v4SPD16_eabi.lib</file>
         <name>strlen.c.obj</name>
      </input_file>
      <input_file id="fl-f8">
         <path>C:\ti\ccs910\ccs\tools\compiler\ti-cgt-arm_18.12.2.LTS\lib\</path>
         <kind>archive</kind>
         <file>rtsv7M4_T_le_v4SPD16_eabi.lib</file>
         <name>wcslen.c.obj</name>
      </input_file>
      <input_file id="fl-f9">
         <path>C:\ti\ccs910\ccs\tools\compiler\ti-cgt-arm_18.12.2.LTS\lib\</path>
         <kind>archive</kind>
         <file>rtsv7M4_T_le_v4SPD16_eabi.lib</file>
         <name>div0.asm.obj</name>
      </input_file>
   </input_file_list>
   <object_component_list>
      <object_component id="oc-f">
         <name>.intvecs</name>
         <load_address>0x0</load_address>
         <run_address>0x0</run_address>
         <size>0x26c</size>
         <input_file_ref idref="fl-c"/>
      </object_component>
      <object_component id="oc-fd">
         <name>.text</name>
         <load_address>0x26c</load_address>
         <run_address>0x26c</run_address>
         <size>0xc20</size>
         <input_file_ref idref="fl-a"/>
      </object_component>
      <object_component id="oc-253">
         <name>.text:__TI_printfi</name>
         <load_address>0xe8c</load_address>
         <run_address>0xe8c</run_address>
         <size>0xa4e</size>
         <input_file_ref idref="fl-e6"/>
      </object_component>
      <object_component id="oc-2dd">
         <name>.text:_nop</name>
         <load_address>0x18da</load_address>
         <run_address>0x18da</run_address>
         <size>0x2</size>
         <input_file_ref idref="fl-f0"/>
      </object_component>
      <object_component id="oc-167">
         <name>.text:pow</name>
         <load_address>0x18dc</load_address>
         <run_address>0x18dc</run_address>
         <size>0x9c0</size>
         <input_file_ref idref="fl-cc"/>
      </object_component>
      <object_component id="oc-df">
         <name>.text</name>
         <load_address>0x229c</load_address>
         <run_address>0x229c</run_address>
         <size>0x754</size>
         <input_file_ref idref="fl-b"/>
      </object_component>
      <object_component id="oc-26e">
         <name>.text:__kernel_rem_pio2</name>
         <load_address>0x29f0</load_address>
         <run_address>0x29f0</run_address>
         <size>0x738</size>
         <input_file_ref idref="fl-e2"/>
      </object_component>
      <object_component id="oc-17d">
         <name>.text:sin</name>
         <load_address>0x3128</load_address>
         <run_address>0x3128</run_address>
         <size>0x5c4</size>
         <input_file_ref idref="fl-d0"/>
      </object_component>
      <object_component id="oc-f7">
         <name>.text</name>
         <load_address>0x36ec</load_address>
         <run_address>0x36ec</run_address>
         <size>0x384</size>
         <input_file_ref idref="fl-9"/>
      </object_component>
      <object_component id="oc-e5">
         <name>.text</name>
         <load_address>0x3a70</load_address>
         <run_address>0x3a70</run_address>
         <size>0x328</size>
         <input_file_ref idref="fl-7"/>
      </object_component>
      <object_component id="oc-eb">
         <name>.text</name>
         <load_address>0x3d98</load_address>
         <run_address>0x3d98</run_address>
         <size>0x274</size>
         <input_file_ref idref="fl-2"/>
      </object_component>
      <object_component id="oc-346">
         <name>.text:_pconv_a</name>
         <load_address>0x400c</load_address>
         <run_address>0x400c</run_address>
         <size>0x270</size>
         <input_file_ref idref="fl-e6"/>
      </object_component>
      <object_component id="oc-14a">
         <name>.text</name>
         <load_address>0x427c</load_address>
         <run_address>0x427c</run_address>
         <size>0x248</size>
         <input_file_ref idref="fl-3"/>
      </object_component>
      <object_component id="oc-334">
         <name>.text:_pconv_g</name>
         <load_address>0x44c4</load_address>
         <run_address>0x44c4</run_address>
         <size>0x1d0</size>
         <input_file_ref idref="fl-e6"/>
      </object_component>
      <object_component id="oc-1c8">
         <name>.text</name>
         <load_address>0x4694</load_address>
         <run_address>0x4694</run_address>
         <size>0x1b6</size>
         <input_file_ref idref="fl-d2"/>
      </object_component>
      <object_component id="oc-414">
         <name>.text</name>
         <load_address>0x484a</load_address>
         <run_address>0x484a</run_address>
         <size>0x2</size>
         <input_file_ref idref="fl-f9"/>
      </object_component>
      <object_component id="oc-268">
         <name>.text:__kernel_sin</name>
         <load_address>0x484c</load_address>
         <run_address>0x484c</run_address>
         <size>0x174</size>
         <input_file_ref idref="fl-e8"/>
      </object_component>
      <object_component id="oc-274">
         <name>.text:__kernel_cos</name>
         <load_address>0x49c0</load_address>
         <run_address>0x49c0</run_address>
         <size>0x16c</size>
         <input_file_ref idref="fl-e7"/>
      </object_component>
      <object_component id="oc-230">
         <name>.text:sqrt</name>
         <load_address>0x4b2c</load_address>
         <run_address>0x4b2c</run_address>
         <size>0x158</size>
         <input_file_ref idref="fl-cd"/>
      </object_component>
      <object_component id="oc-340">
         <name>.text:_pconv_e</name>
         <load_address>0x4c84</load_address>
         <run_address>0x4c84</run_address>
         <size>0x13c</size>
         <input_file_ref idref="fl-e6"/>
      </object_component>
      <object_component id="oc-f1">
         <name>.text</name>
         <load_address>0x4dc0</load_address>
         <run_address>0x4dc0</run_address>
         <size>0x13c</size>
         <input_file_ref idref="fl-5"/>
      </object_component>
      <object_component id="oc-1e5">
         <name>.text</name>
         <load_address>0x4efc</load_address>
         <run_address>0x4efc</run_address>
         <size>0x136</size>
         <input_file_ref idref="fl-d4"/>
      </object_component>
      <object_component id="oc-d9">
         <name>.text</name>
         <load_address>0x5034</load_address>
         <run_address>0x5034</run_address>
         <size>0x12c</size>
         <input_file_ref idref="fl-d"/>
      </object_component>
      <object_component id="oc-3cc">
         <name>.text:fcvt</name>
         <load_address>0x5160</load_address>
         <run_address>0x5160</run_address>
         <size>0x124</size>
         <input_file_ref idref="fl-e6"/>
      </object_component>
      <object_component id="oc-244">
         <name>.text:scalbn</name>
         <load_address>0x5284</load_address>
         <run_address>0x5284</run_address>
         <size>0x110</size>
         <input_file_ref idref="fl-cf"/>
      </object_component>
      <object_component id="oc-178">
         <name>.text</name>
         <load_address>0x5394</load_address>
         <run_address>0x5394</run_address>
         <size>0xfc</size>
         <input_file_ref idref="fl-d5"/>
      </object_component>
      <object_component id="oc-226">
         <name>.text:floor</name>
         <load_address>0x5490</load_address>
         <run_address>0x5490</run_address>
         <size>0xf8</size>
         <input_file_ref idref="fl-e9"/>
      </object_component>
      <object_component id="oc-381">
         <name>.text:aligned_alloc</name>
         <load_address>0x5588</load_address>
         <run_address>0x5588</run_address>
         <size>0xf4</size>
         <input_file_ref idref="fl-df"/>
      </object_component>
      <object_component id="oc-1d5">
         <name>.text:free</name>
         <load_address>0x567c</load_address>
         <run_address>0x567c</run_address>
         <size>0xe8</size>
         <input_file_ref idref="fl-df"/>
      </object_component>
      <object_component id="oc-157">
         <name>.text:round</name>
         <load_address>0x5764</load_address>
         <run_address>0x5764</run_address>
         <size>0xc0</size>
         <input_file_ref idref="fl-ce"/>
      </object_component>
      <object_component id="oc-32e">
         <name>.text:_ltostr</name>
         <load_address>0x5824</load_address>
         <run_address>0x5824</run_address>
         <size>0xb1</size>
         <input_file_ref idref="fl-e6"/>
      </object_component>
      <object_component id="oc-3b">
         <name>.text</name>
         <load_address>0x58d6</load_address>
         <run_address>0x58d6</run_address>
         <size>0x9c</size>
         <input_file_ref idref="fl-da"/>
      </object_component>
      <object_component id="oc-3b3">
         <name>.text</name>
         <load_address>0x5972</load_address>
         <run_address>0x5972</run_address>
         <size>0x96</size>
         <input_file_ref idref="fl-eb"/>
      </object_component>
      <object_component id="oc-1c3">
         <name>.text:__aeabi_cdcmple</name>
         <load_address>0x5a08</load_address>
         <run_address>0x5a08</run_address>
         <size>0x86</size>
         <input_file_ref idref="fl-d3"/>
      </object_component>
      <object_component id="oc-23f">
         <name>.text:__aeabi_cdrcmple</name>
         <load_address>0x5a8e</load_address>
         <run_address>0x5a8e</run_address>
         <size>0x86</size>
         <input_file_ref idref="fl-d3"/>
      </object_component>
      <object_component id="oc-404">
         <name>.text:split</name>
         <load_address>0x5b14</load_address>
         <run_address>0x5b14</run_address>
         <size>0x7c</size>
         <input_file_ref idref="fl-df"/>
      </object_component>
      <object_component id="oc-93">
         <name>.text</name>
         <load_address>0x5b90</load_address>
         <run_address>0x5b90</run_address>
         <size>0x7a</size>
         <input_file_ref idref="fl-d1"/>
      </object_component>
      <object_component id="oc-3c5">
         <name>.text:_mcpy</name>
         <load_address>0x5c0a</load_address>
         <run_address>0x5c0a</run_address>
         <size>0x6e</size>
         <input_file_ref idref="fl-e6"/>
      </object_component>
      <object_component id="oc-16d">
         <name>.text</name>
         <load_address>0x5c78</load_address>
         <run_address>0x5c78</run_address>
         <size>0x6e</size>
         <input_file_ref idref="fl-d7"/>
      </object_component>
      <object_component id="oc-12">
         <name>.text:decompress:lzss:__TI_decompress_lzss</name>
         <load_address>0x5ce6</load_address>
         <run_address>0x5ce6</run_address>
         <size>0x68</size>
         <input_file_ref idref="fl-de"/>
      </object_component>
      <object_component id="oc-3da">
         <name>.text:frexp</name>
         <load_address>0x5d50</load_address>
         <run_address>0x5d50</run_address>
         <size>0x64</size>
         <input_file_ref idref="fl-ea"/>
      </object_component>
      <object_component id="oc-33a">
         <name>.text:_pconv_f</name>
         <load_address>0x5db4</load_address>
         <run_address>0x5db4</run_address>
         <size>0x56</size>
         <input_file_ref idref="fl-e6"/>
      </object_component>
      <object_component id="oc-3b9">
         <name>.text:ltoa</name>
         <load_address>0x5e0a</load_address>
         <run_address>0x5e0a</run_address>
         <size>0x54</size>
         <input_file_ref idref="fl-f4"/>
      </object_component>
      <object_component id="oc-3bf">
         <name>.text:_ecpy</name>
         <load_address>0x5e5e</load_address>
         <run_address>0x5e5e</run_address>
         <size>0x52</size>
         <input_file_ref idref="fl-e6"/>
      </object_component>
      <object_component id="oc-328">
         <name>.text:atoi</name>
         <load_address>0x5eb0</load_address>
         <run_address>0x5eb0</run_address>
         <size>0x4c</size>
         <input_file_ref idref="fl-f2"/>
      </object_component>
      <object_component id="oc-15d">
         <name>.text</name>
         <load_address>0x5efc</load_address>
         <run_address>0x5efc</run_address>
         <size>0x48</size>
         <input_file_ref idref="fl-d6"/>
      </object_component>
      <object_component id="oc-112">
         <name>.text:__TI_auto_init_nobinit_nopinit:__TI_auto_init_nobinit_nopinit</name>
         <load_address>0x5f44</load_address>
         <run_address>0x5f44</run_address>
         <size>0x44</size>
         <input_file_ref idref="fl-ec"/>
      </object_component>
      <object_component id="oc-172">
         <name>.text:sprintf</name>
         <load_address>0x5f88</load_address>
         <run_address>0x5f88</run_address>
         <size>0x40</size>
         <input_file_ref idref="fl-ca"/>
      </object_component>
      <object_component id="oc-193">
         <name>.text:vsnprintf</name>
         <load_address>0x5fc8</load_address>
         <run_address>0x5fc8</run_address>
         <size>0x40</size>
         <input_file_ref idref="fl-cb"/>
      </object_component>
      <object_component id="oc-3d2">
         <name>.text:_fcpy</name>
         <load_address>0x6008</load_address>
         <run_address>0x6008</run_address>
         <size>0x3e</size>
         <input_file_ref idref="fl-e6"/>
      </object_component>
      <object_component id="oc-9f">
         <name>.text</name>
         <load_address>0x6046</load_address>
         <run_address>0x6046</run_address>
         <size>0x3a</size>
         <input_file_ref idref="fl-8"/>
      </object_component>
      <object_component id="oc-183">
         <name>.text</name>
         <load_address>0x6080</load_address>
         <run_address>0x6080</run_address>
         <size>0x38</size>
         <input_file_ref idref="fl-d8"/>
      </object_component>
      <object_component id="oc-1af">
         <name>.text:IntRegister</name>
         <load_address>0x60b8</load_address>
         <run_address>0x60b8</run_address>
         <size>0x34</size>
         <input_file_ref idref="fl-13"/>
      </object_component>
      <object_component id="oc-59">
         <name>.text:_c_int00_noargs:_c_int00_noargs</name>
         <load_address>0x60ec</load_address>
         <run_address>0x60ec</run_address>
         <size>0x34</size>
         <input_file_ref idref="fl-e3"/>
      </object_component>
      <object_component id="oc-284">
         <name>.text:_outs</name>
         <load_address>0x6120</load_address>
         <run_address>0x6120</run_address>
         <size>0x30</size>
         <input_file_ref idref="fl-cb"/>
      </object_component>
      <object_component id="oc-1cf">
         <name>.text:calloc</name>
         <load_address>0x6150</load_address>
         <run_address>0x6150</run_address>
         <size>0x30</size>
         <input_file_ref idref="fl-df"/>
      </object_component>
      <object_component id="oc-162">
         <name>.text</name>
         <load_address>0x6180</load_address>
         <run_address>0x6180</run_address>
         <size>0x2e</size>
         <input_file_ref idref="fl-d9"/>
      </object_component>
      <object_component id="oc-2cd">
         <name>.text:free_list_insert</name>
         <load_address>0x61b0</load_address>
         <run_address>0x61b0</run_address>
         <size>0x28</size>
         <input_file_ref idref="fl-df"/>
      </object_component>
      <object_component id="oc-152">
         <name>.text</name>
         <load_address>0x61d8</load_address>
         <run_address>0x61d8</run_address>
         <size>0x20</size>
         <input_file_ref idref="fl-db"/>
      </object_component>
      <object_component id="oc-47">
         <name>.text:decompress:ZI:__TI_zero_init_nomemset:__TI_zero_init_nomemset</name>
         <load_address>0x61f8</load_address>
         <run_address>0x61f8</run_address>
         <size>0x1c</size>
         <input_file_ref idref="fl-dc"/>
      </object_component>
      <object_component id="oc-2c7">
         <name>.text:free_list_remove</name>
         <load_address>0x6214</load_address>
         <run_address>0x6214</run_address>
         <size>0x1c</size>
         <input_file_ref idref="fl-df"/>
      </object_component>
      <object_component id="oc-34c">
         <name>.text:memccpy</name>
         <load_address>0x6230</load_address>
         <run_address>0x6230</run_address>
         <size>0x1c</size>
         <input_file_ref idref="fl-f5"/>
      </object_component>
      <object_component id="oc-30e">
         <name>.text:copysign</name>
         <load_address>0x624c</load_address>
         <run_address>0x624c</run_address>
         <size>0x1a</size>
         <input_file_ref idref="fl-e5"/>
      </object_component>
      <object_component id="oc-28a">
         <name>.text:_outc</name>
         <load_address>0x6266</load_address>
         <run_address>0x6266</run_address>
         <size>0x18</size>
         <input_file_ref idref="fl-cb"/>
      </object_component>
      <object_component id="oc-259">
         <name>.text:_outs</name>
         <load_address>0x627e</load_address>
         <run_address>0x627e</run_address>
         <size>0x18</size>
         <input_file_ref idref="fl-ca"/>
      </object_component>
      <object_component id="oc-1db">
         <name>.text:oi_parseInt</name>
         <load_address>0x6296</load_address>
         <run_address>0x6296</run_address>
         <size>0x18</size>
         <input_file_ref idref="fl-a"/>
      </object_component>
      <object_component id="oc-199">
         <name>.text:strcmp</name>
         <load_address>0x62ae</load_address>
         <run_address>0x62ae</run_address>
         <size>0x18</size>
         <input_file_ref idref="fl-e0"/>
      </object_component>
      <object_component id="oc-3e0">
         <name>.text:strchr</name>
         <load_address>0x62c6</load_address>
         <run_address>0x62c6</run_address>
         <size>0x16</size>
         <input_file_ref idref="fl-f6"/>
      </object_component>
      <object_component id="oc-19f">
         <name>.text:strcpy</name>
         <load_address>0x62dc</load_address>
         <run_address>0x62dc</run_address>
         <size>0x14</size>
         <input_file_ref idref="fl-e1"/>
      </object_component>
      <object_component id="oc-322">
         <name>.text:strlen</name>
         <load_address>0x62f0</load_address>
         <run_address>0x62f0</run_address>
         <size>0x14</size>
         <input_file_ref idref="fl-f7"/>
      </object_component>
      <object_component id="oc-352">
         <name>.text:wcslen</name>
         <load_address>0x6304</load_address>
         <run_address>0x6304</run_address>
         <size>0x12</size>
         <input_file_ref idref="fl-f8"/>
      </object_component>
      <object_component id="oc-1b5">
         <name>.text:IntMasterEnable</name>
         <load_address>0x6316</load_address>
         <run_address>0x6316</run_address>
         <size>0x10</size>
         <input_file_ref idref="fl-13"/>
      </object_component>
      <object_component id="oc-18c">
         <name>.text:lcd_clear</name>
         <load_address>0x6326</load_address>
         <run_address>0x6326</run_address>
         <size>0x10</size>
         <input_file_ref idref="fl-7"/>
      </object_component>
      <object_component id="oc-18">
         <name>.text:decompress:none:__TI_decompress_none</name>
         <load_address>0x6336</load_address>
         <run_address>0x6336</run_address>
         <size>0xe</size>
         <input_file_ref idref="fl-dd"/>
      </object_component>
      <object_component id="oc-2b1">
         <name>.text:CPUcpsie</name>
         <load_address>0x6344</load_address>
         <run_address>0x6344</run_address>
         <size>0xc</size>
         <input_file_ref idref="fl-14"/>
      </object_component>
      <object_component id="oc-27">
         <name>.text</name>
         <load_address>0x6350</load_address>
         <run_address>0x6350</run_address>
         <size>0xc</size>
         <input_file_ref idref="fl-c"/>
      </object_component>
      <object_component id="oc-25f">
         <name>.text:_outc</name>
         <load_address>0x635c</load_address>
         <run_address>0x635c</run_address>
         <size>0xa</size>
         <input_file_ref idref="fl-ca"/>
      </object_component>
      <object_component id="oc-236">
         <name>.text:__aeabi_errno_addr</name>
         <load_address>0x6368</load_address>
         <run_address>0x6368</run_address>
         <size>0x8</size>
         <input_file_ref idref="fl-e4"/>
      </object_component>
      <object_component id="oc-2c0">
         <name>.text:malloc</name>
         <load_address>0x6370</load_address>
         <run_address>0x6370</run_address>
         <size>0x8</size>
         <input_file_ref idref="fl-df"/>
      </object_component>
      <object_component id="oc-99">
         <name>.text:_system_pre_init</name>
         <load_address>0x6378</load_address>
         <run_address>0x6378</run_address>
         <size>0x4</size>
         <input_file_ref idref="fl-ed"/>
      </object_component>
      <object_component id="oc-106">
         <name>.text:abort:abort</name>
         <load_address>0x637c</load_address>
         <run_address>0x637c</run_address>
         <size>0x4</size>
         <input_file_ref idref="fl-ef"/>
      </object_component>
      <object_component id="oc-36a">
         <name>.const:$O1$$</name>
         <load_address>0x6380</load_address>
         <run_address>0x6380</run_address>
         <size>0x158</size>
         <input_file_ref idref="fl-e2"/>
      </object_component>
      <object_component id="oc-3ae">
         <name>.const:.string:_ctypes_</name>
         <load_address>0x64d8</load_address>
         <run_address>0x64d8</run_address>
         <size>0x101</size>
         <input_file_ref idref="fl-f3"/>
      </object_component>
      <object_component id="oc-1a5">
         <name>.const:.string:lineAddress$1</name>
         <load_address>0x65d9</load_address>
         <run_address>0x65d9</run_address>
         <size>0x4</size>
         <input_file_ref idref="fl-7"/>
      </object_component>
      <object_component id="oc-23c">
         <name>.const:$O1$$</name>
         <load_address>0x65e0</load_address>
         <run_address>0x65e0</run_address>
         <size>0x30</size>
         <input_file_ref idref="fl-cc"/>
      </object_component>
      <object_component id="oc-1ea">
         <name>.const:.string:$P$T0$3</name>
         <load_address>0x6610</load_address>
         <run_address>0x6610</run_address>
         <size>0xf</size>
         <input_file_ref idref="fl-a"/>
      </object_component>
      <object_component id="oc-1a6">
         <name>.const:.string:lineAddresses$2</name>
         <load_address>0x661f</load_address>
         <run_address>0x661f</run_address>
         <size>0x4</size>
         <input_file_ref idref="fl-7"/>
      </object_component>
      <object_component id="oc-466">
         <name>.cinit..data.load</name>
         <load_address>0x6628</load_address>
         <run_address>0x6628</run_address>
         <size>0x19</size>
      </object_component>
      <object_component id="oc-463">
         <name>__TI_handler_table</name>
         <load_address>0x6644</load_address>
         <run_address>0x6644</run_address>
         <size>0xc</size>
      </object_component>
      <object_component id="oc-467">
         <name>.cinit..bss.load</name>
         <load_address>0x6650</load_address>
         <run_address>0x6650</run_address>
         <size>0x8</size>
      </object_component>
      <object_component id="oc-465">
         <name>.cinit..vtable.load</name>
         <load_address>0x6658</load_address>
         <run_address>0x6658</run_address>
         <size>0x8</size>
      </object_component>
      <object_component id="oc-464">
         <name>__TI_cinit_table</name>
         <load_address>0x6660</load_address>
         <run_address>0x6660</run_address>
         <size>0x18</size>
      </object_component>
      <object_component id="oc-2a7">
         <name>.vtable</name>
         <uninitialized>true</uninitialized>
         <run_address>0x20000000</run_address>
         <size>0x26c</size>
         <input_file_ref idref="fl-13"/>
      </object_component>
      <object_component id="oc-1bc">
         <name>.data</name>
         <load_address>0x20002398</load_address>
         <run_address>0x20002398</run_address>
         <size>0xc</size>
         <input_file_ref idref="fl-2"/>
      </object_component>
      <object_component id="oc-21c">
         <name>.data</name>
         <load_address>0x200023b8</load_address>
         <run_address>0x200023b8</run_address>
         <size>0x1</size>
         <input_file_ref idref="fl-3"/>
      </object_component>
      <object_component id="oc-1e2">
         <name>.data</name>
         <load_address>0x20002378</load_address>
         <run_address>0x20002378</run_address>
         <size>0x20</size>
         <input_file_ref idref="fl-a"/>
      </object_component>
      <object_component id="oc-388">
         <name>.data:$O1$$</name>
         <load_address>0x200023ac</load_address>
         <run_address>0x200023ac</run_address>
         <size>0x8</size>
         <input_file_ref idref="fl-df"/>
      </object_component>
      <object_component id="oc-306">
         <name>.data</name>
         <load_address>0x200023b4</load_address>
         <run_address>0x200023b4</run_address>
         <size>0x4</size>
         <input_file_ref idref="fl-e4"/>
      </object_component>
      <object_component id="oc-200">
         <name>.data:$O1$$</name>
         <load_address>0x200023a4</load_address>
         <run_address>0x200023a4</run_address>
         <size>0x8</size>
         <input_file_ref idref="fl-f0"/>
      </object_component>
      <object_component id="oc-1a7">
         <name>.bss:lastbuffer$3</name>
         <uninitialized>true</uninitialized>
         <run_address>0x20002300</run_address>
         <size>0x54</size>
         <input_file_ref idref="fl-7"/>
      </object_component>
      <object_component id="oc-1ed">
         <name>.bss:firmware$2</name>
         <uninitialized>true</uninitialized>
         <run_address>0x20002354</run_address>
         <size>0x18</size>
         <input_file_ref idref="fl-a"/>
      </object_component>
      <object_component id="oc-1bb">
         <name>.common:state</name>
         <uninitialized>true</uninitialized>
         <run_address>0x20002374</run_address>
         <size>0x1</size>
      </object_component>
      <object_component id="oc-1bf">
         <name>.common:numOverflow</name>
         <uninitialized>true</uninitialized>
         <run_address>0x20002370</run_address>
         <size>0x4</size>
      </object_component>
      <object_component id="oc-21f">
         <name>.common:_timeout_ticks</name>
         <uninitialized>true</uninitialized>
         <run_address>0x2000236c</run_address>
         <size>0x4</size>
      </object_component>
      <object_component id="oc-188">
         <name>.common:object_storage</name>
         <uninitialized>true</uninitialized>
         <run_address>0x20002270</run_address>
         <size>0x90</size>
      </object_component>
      <object_component id="oc-21">
         <name>.sysmem</name>
         <uninitialized>true</uninitialized>
         <run_address>0x20001270</run_address>
         <size>0x10</size>
         <input_file_ref idref="fl-df"/>
      </object_component>
      <object_component id="oc-469">
         <name>.sysmem</name>
         <uninitialized>true</uninitialized>
         <run_address>0x20001270</run_address>
         <size>0x0</size>
      </object_component>
      <object_component id="oc-24">
         <name>.stack</name>
         <uninitialized>true</uninitialized>
         <run_address>0x20000270</run_address>
         <size>0x4</size>
         <input_file_ref idref="fl-e3"/>
      </object_component>
      <object_component id="oc-468">
         <name>.stack</name>
         <uninitialized>true</uninitialized>
         <run_address>0x20000270</run_address>
         <size>0x0</size>
      </object_component>
      <object_component id="oc-c7">
         <name>.debug_info</name>
         <load_address>0x0</load_address>
         <run_address>0x0</run_address>
         <size>0x413</size>
         <input_file_ref idref="fl-2"/>
      </object_component>
      <object_component id="oc-1bd">
         <name>.debug_info</name>
         <load_address>0x413</load_address>
         <run_address>0x413</run_address>
         <size>0x13e</size>
         <input_file_ref idref="fl-2"/>
      </object_component>
      <object_component id="oc-ec">
         <name>.debug_info</name>
         <load_address>0x551</load_address>
         <run_address>0x551</run_address>
         <size>0x3e3</size>
         <input_file_ref idref="fl-2"/>
      </object_component>
      <object_component id="oc-146">
         <name>.debug_info</name>
         <load_address>0x934</load_address>
         <run_address>0x934</run_address>
         <size>0x44</size>
         <input_file_ref idref="fl-2"/>
      </object_component>
      <object_component id="oc-74">
         <name>.debug_info</name>
         <load_address>0x978</load_address>
         <run_address>0x978</run_address>
         <size>0x26b</size>
         <input_file_ref idref="fl-2"/>
      </object_component>
      <object_component id="oc-c2">
         <name>.debug_info</name>
         <load_address>0xbe3</load_address>
         <run_address>0xbe3</run_address>
         <size>0x8b</size>
         <input_file_ref idref="fl-2"/>
      </object_component>
      <object_component id="oc-bd">
         <name>.debug_info</name>
         <load_address>0xc6e</load_address>
         <run_address>0xc6e</run_address>
         <size>0x297</size>
         <input_file_ref idref="fl-2"/>
      </object_component>
      <object_component id="oc-79">
         <name>.debug_info</name>
         <load_address>0xf05</load_address>
         <run_address>0xf05</run_address>
         <size>0xbb</size>
         <input_file_ref idref="fl-2"/>
      </object_component>
      <object_component id="oc-2a2">
         <name>.debug_info</name>
         <load_address>0xfc0</load_address>
         <run_address>0xfc0</run_address>
         <size>0xcc</size>
         <input_file_ref idref="fl-2"/>
      </object_component>
      <object_component id="oc-1aa">
         <name>.debug_info</name>
         <load_address>0x108c</load_address>
         <run_address>0x108c</run_address>
         <size>0x2c</size>
         <input_file_ref idref="fl-2"/>
      </object_component>
      <object_component id="oc-220">
         <name>.debug_info</name>
         <load_address>0x10b8</load_address>
         <run_address>0x10b8</run_address>
         <size>0x2dc</size>
         <input_file_ref idref="fl-3"/>
      </object_component>
      <object_component id="oc-21d">
         <name>.debug_info</name>
         <load_address>0x1394</load_address>
         <run_address>0x1394</run_address>
         <size>0xea</size>
         <input_file_ref idref="fl-3"/>
      </object_component>
      <object_component id="oc-14e">
         <name>.debug_info</name>
         <load_address>0x147e</load_address>
         <run_address>0x147e</run_address>
         <size>0x532</size>
         <input_file_ref idref="fl-3"/>
      </object_component>
      <object_component id="oc-36">
         <name>.debug_info</name>
         <load_address>0x19b0</load_address>
         <run_address>0x19b0</run_address>
         <size>0x84</size>
         <input_file_ref idref="fl-3"/>
      </object_component>
      <object_component id="oc-1c2">
         <name>.debug_info</name>
         <load_address>0x1a34</load_address>
         <run_address>0x1a34</run_address>
         <size>0x2bb</size>
         <input_file_ref idref="fl-5"/>
      </object_component>
      <object_component id="oc-f2">
         <name>.debug_info</name>
         <load_address>0x1cef</load_address>
         <run_address>0x1cef</run_address>
         <size>0x269</size>
         <input_file_ref idref="fl-5"/>
      </object_component>
      <object_component id="oc-1a9">
         <name>.debug_info</name>
         <load_address>0x1f58</load_address>
         <run_address>0x1f58</run_address>
         <size>0x3a4</size>
         <input_file_ref idref="fl-7"/>
      </object_component>
      <object_component id="oc-18e">
         <name>.debug_info</name>
         <load_address>0x22fc</load_address>
         <run_address>0x22fc</run_address>
         <size>0x13f</size>
         <input_file_ref idref="fl-7"/>
      </object_component>
      <object_component id="oc-e7">
         <name>.debug_info</name>
         <load_address>0x243b</load_address>
         <run_address>0x243b</run_address>
         <size>0x8cb</size>
         <input_file_ref idref="fl-7"/>
      </object_component>
      <object_component id="oc-104">
         <name>.debug_info</name>
         <load_address>0x2d06</load_address>
         <run_address>0x2d06</run_address>
         <size>0x434</size>
         <input_file_ref idref="fl-8"/>
      </object_component>
      <object_component id="oc-a2">
         <name>.debug_info</name>
         <load_address>0x313a</load_address>
         <run_address>0x313a</run_address>
         <size>0x1dc</size>
         <input_file_ref idref="fl-8"/>
      </object_component>
      <object_component id="oc-1f2">
         <name>.debug_info</name>
         <load_address>0x3316</load_address>
         <run_address>0x3316</run_address>
         <size>0x5aa</size>
         <input_file_ref idref="fl-8"/>
      </object_component>
      <object_component id="oc-1f7">
         <name>.debug_info</name>
         <load_address>0x38c0</load_address>
         <run_address>0x38c0</run_address>
         <size>0x69</size>
         <input_file_ref idref="fl-8"/>
      </object_component>
      <object_component id="oc-1ce">
         <name>.debug_info</name>
         <load_address>0x3929</load_address>
         <run_address>0x3929</run_address>
         <size>0x333</size>
         <input_file_ref idref="fl-9"/>
      </object_component>
      <object_component id="oc-f8">
         <name>.debug_info</name>
         <load_address>0x3c5c</load_address>
         <run_address>0x3c5c</run_address>
         <size>0xa83</size>
         <input_file_ref idref="fl-9"/>
      </object_component>
      <object_component id="oc-1ef">
         <name>.debug_info</name>
         <load_address>0x46df</load_address>
         <run_address>0x46df</run_address>
         <size>0x421</size>
         <input_file_ref idref="fl-a"/>
      </object_component>
      <object_component id="oc-1e3">
         <name>.debug_info</name>
         <load_address>0x4b00</load_address>
         <run_address>0x4b00</run_address>
         <size>0x13c</size>
         <input_file_ref idref="fl-a"/>
      </object_component>
      <object_component id="oc-1eb">
         <name>.debug_info</name>
         <load_address>0x4c3c</load_address>
         <run_address>0x4c3c</run_address>
         <size>0xf1</size>
         <input_file_ref idref="fl-a"/>
      </object_component>
      <object_component id="oc-1dc">
         <name>.debug_info</name>
         <load_address>0x4d2d</load_address>
         <run_address>0x4d2d</run_address>
         <size>0x169</size>
         <input_file_ref idref="fl-a"/>
      </object_component>
      <object_component id="oc-fe">
         <name>.debug_info</name>
         <load_address>0x4e96</load_address>
         <run_address>0x4e96</run_address>
         <size>0x19b3</size>
         <input_file_ref idref="fl-a"/>
      </object_component>
      <object_component id="oc-189">
         <name>.debug_info</name>
         <load_address>0x6849</load_address>
         <run_address>0x6849</run_address>
         <size>0x45c</size>
         <input_file_ref idref="fl-b"/>
      </object_component>
      <object_component id="oc-e0">
         <name>.debug_info</name>
         <load_address>0x6ca5</load_address>
         <run_address>0x6ca5</run_address>
         <size>0x7a8</size>
         <input_file_ref idref="fl-b"/>
      </object_component>
      <object_component id="oc-27f">
         <name>.debug_info</name>
         <load_address>0x744d</load_address>
         <run_address>0x744d</run_address>
         <size>0x69</size>
         <input_file_ref idref="fl-b"/>
      </object_component>
      <object_component id="oc-2f">
         <name>.debug_info</name>
         <load_address>0x74b6</load_address>
         <run_address>0x74b6</run_address>
         <size>0x2c6</size>
         <input_file_ref idref="fl-c"/>
      </object_component>
      <object_component id="oc-10">
         <name>.debug_info</name>
         <load_address>0x777c</load_address>
         <run_address>0x777c</run_address>
         <size>0x105</size>
         <input_file_ref idref="fl-c"/>
      </object_component>
      <object_component id="oc-2a">
         <name>.debug_info</name>
         <load_address>0x7881</load_address>
         <run_address>0x7881</run_address>
         <size>0x281</size>
         <input_file_ref idref="fl-c"/>
      </object_component>
      <object_component id="oc-151">
         <name>.debug_info</name>
         <load_address>0x7b02</load_address>
         <run_address>0x7b02</run_address>
         <size>0x2b1</size>
         <input_file_ref idref="fl-d"/>
      </object_component>
      <object_component id="oc-da">
         <name>.debug_info</name>
         <load_address>0x7db3</load_address>
         <run_address>0x7db3</run_address>
         <size>0x2ba</size>
         <input_file_ref idref="fl-d"/>
      </object_component>
      <object_component id="oc-2b0">
         <name>.debug_info</name>
         <load_address>0x806d</load_address>
         <run_address>0x806d</run_address>
         <size>0x20e</size>
         <input_file_ref idref="fl-13"/>
      </object_component>
      <object_component id="oc-2a8">
         <name>.debug_info</name>
         <load_address>0x827b</load_address>
         <run_address>0x827b</run_address>
         <size>0x157</size>
         <input_file_ref idref="fl-13"/>
      </object_component>
      <object_component id="oc-1b1">
         <name>.debug_info</name>
         <load_address>0x83d2</load_address>
         <run_address>0x83d2</run_address>
         <size>0x2c1</size>
         <input_file_ref idref="fl-13"/>
      </object_component>
      <object_component id="oc-1b6">
         <name>.debug_info</name>
         <load_address>0x8693</load_address>
         <run_address>0x8693</run_address>
         <size>0x23e</size>
         <input_file_ref idref="fl-13"/>
      </object_component>
      <object_component id="oc-2ab">
         <name>.debug_info</name>
         <load_address>0x88d1</load_address>
         <run_address>0x88d1</run_address>
         <size>0x18b</size>
         <input_file_ref idref="fl-13"/>
      </object_component>
      <object_component id="oc-2b2">
         <name>.debug_info</name>
         <load_address>0x8a5c</load_address>
         <run_address>0x8a5c</run_address>
         <size>0x212</size>
         <input_file_ref idref="fl-14"/>
      </object_component>
      <object_component id="oc-266">
         <name>.debug_info</name>
         <load_address>0x8c6e</load_address>
         <run_address>0x8c6e</run_address>
         <size>0x334</size>
         <input_file_ref idref="fl-ca"/>
      </object_component>
      <object_component id="oc-175">
         <name>.debug_info</name>
         <load_address>0x8fa2</load_address>
         <run_address>0x8fa2</run_address>
         <size>0x1d2</size>
         <input_file_ref idref="fl-ca"/>
      </object_component>
      <object_component id="oc-25a">
         <name>.debug_info</name>
         <load_address>0x9174</load_address>
         <run_address>0x9174</run_address>
         <size>0x18e</size>
         <input_file_ref idref="fl-ca"/>
      </object_component>
      <object_component id="oc-263">
         <name>.debug_info</name>
         <load_address>0x9302</load_address>
         <run_address>0x9302</run_address>
         <size>0x16e</size>
         <input_file_ref idref="fl-ca"/>
      </object_component>
      <object_component id="oc-292">
         <name>.debug_info</name>
         <load_address>0x9470</load_address>
         <run_address>0x9470</run_address>
         <size>0x2c</size>
         <input_file_ref idref="fl-ca"/>
      </object_component>
      <object_component id="oc-291">
         <name>.debug_info</name>
         <load_address>0x949c</load_address>
         <run_address>0x949c</run_address>
         <size>0x341</size>
         <input_file_ref idref="fl-cb"/>
      </object_component>
      <object_component id="oc-196">
         <name>.debug_info</name>
         <load_address>0x97dd</load_address>
         <run_address>0x97dd</run_address>
         <size>0x209</size>
         <input_file_ref idref="fl-cb"/>
      </object_component>
      <object_component id="oc-288">
         <name>.debug_info</name>
         <load_address>0x99e6</load_address>
         <run_address>0x99e6</run_address>
         <size>0x1c7</size>
         <input_file_ref idref="fl-cb"/>
      </object_component>
      <object_component id="oc-28e">
         <name>.debug_info</name>
         <load_address>0x9bad</load_address>
         <run_address>0x9bad</run_address>
         <size>0x17a</size>
         <input_file_ref idref="fl-cb"/>
      </object_component>
      <object_component id="oc-297">
         <name>.debug_info</name>
         <load_address>0x9d27</load_address>
         <run_address>0x9d27</run_address>
         <size>0x69</size>
         <input_file_ref idref="fl-cb"/>
      </object_component>
      <object_component id="oc-250">
         <name>.debug_info</name>
         <load_address>0x9d90</load_address>
         <run_address>0x9d90</run_address>
         <size>0x364</size>
         <input_file_ref idref="fl-cc"/>
      </object_component>
      <object_component id="oc-23d">
         <name>.debug_info</name>
         <load_address>0xa0f4</load_address>
         <run_address>0xa0f4</run_address>
         <size>0x129</size>
         <input_file_ref idref="fl-cc"/>
      </object_component>
      <object_component id="oc-169">
         <name>.debug_info</name>
         <load_address>0xa21d</load_address>
         <run_address>0xa21d</run_address>
         <size>0xbe0</size>
         <input_file_ref idref="fl-cc"/>
      </object_component>
      <object_component id="oc-31b">
         <name>.debug_info</name>
         <load_address>0xadfd</load_address>
         <run_address>0xadfd</run_address>
         <size>0x46</size>
         <input_file_ref idref="fl-cc"/>
      </object_component>
      <object_component id="oc-24b">
         <name>.debug_info</name>
         <load_address>0xae43</load_address>
         <run_address>0xae43</run_address>
         <size>0x39</size>
         <input_file_ref idref="fl-cc"/>
      </object_component>
      <object_component id="oc-305">
         <name>.debug_info</name>
         <load_address>0xae7c</load_address>
         <run_address>0xae7c</run_address>
         <size>0x2cb</size>
         <input_file_ref idref="fl-cd"/>
      </object_component>
      <object_component id="oc-233">
         <name>.debug_info</name>
         <load_address>0xb147</load_address>
         <run_address>0xb147</run_address>
         <size>0x24e</size>
         <input_file_ref idref="fl-cd"/>
      </object_component>
      <object_component id="oc-22d">
         <name>.debug_info</name>
         <load_address>0xb395</load_address>
         <run_address>0xb395</run_address>
         <size>0x2b1</size>
         <input_file_ref idref="fl-ce"/>
      </object_component>
      <object_component id="oc-159">
         <name>.debug_info</name>
         <load_address>0xb646</load_address>
         <run_address>0xb646</run_address>
         <size>0x21a</size>
         <input_file_ref idref="fl-ce"/>
      </object_component>
      <object_component id="oc-315">
         <name>.debug_info</name>
         <load_address>0xb860</load_address>
         <run_address>0xb860</run_address>
         <size>0x2fe</size>
         <input_file_ref idref="fl-cf"/>
      </object_component>
      <object_component id="oc-245">
         <name>.debug_info</name>
         <load_address>0xbb5e</load_address>
         <run_address>0xbb5e</run_address>
         <size>0x226</size>
         <input_file_ref idref="fl-cf"/>
      </object_component>
      <object_component id="oc-3a7">
         <name>.debug_info</name>
         <load_address>0xbd84</load_address>
         <run_address>0xbd84</run_address>
         <size>0x39</size>
         <input_file_ref idref="fl-cf"/>
      </object_component>
      <object_component id="oc-316">
         <name>.debug_info</name>
         <load_address>0xbdbd</load_address>
         <run_address>0xbdbd</run_address>
         <size>0x2c</size>
         <input_file_ref idref="fl-cf"/>
      </object_component>
      <object_component id="oc-27b">
         <name>.debug_info</name>
         <load_address>0xbde9</load_address>
         <run_address>0xbde9</run_address>
         <size>0x367</size>
         <input_file_ref idref="fl-d0"/>
      </object_component>
      <object_component id="oc-17f">
         <name>.debug_info</name>
         <load_address>0xc150</load_address>
         <run_address>0xc150</run_address>
         <size>0x797</size>
         <input_file_ref idref="fl-d0"/>
      </object_component>
      <object_component id="oc-96">
         <name>.debug_info</name>
         <load_address>0xc8e7</load_address>
         <run_address>0xc8e7</run_address>
         <size>0x148</size>
         <input_file_ref idref="fl-d1"/>
      </object_component>
      <object_component id="oc-1ca">
         <name>.debug_info</name>
         <load_address>0xca2f</load_address>
         <run_address>0xca2f</run_address>
         <size>0x14d</size>
         <input_file_ref idref="fl-d2"/>
      </object_component>
      <object_component id="oc-1c4">
         <name>.debug_info</name>
         <load_address>0xcb7c</load_address>
         <run_address>0xcb7c</run_address>
         <size>0x129</size>
         <input_file_ref idref="fl-d3"/>
      </object_component>
      <object_component id="oc-241">
         <name>.debug_info</name>
         <load_address>0xcca5</load_address>
         <run_address>0xcca5</run_address>
         <size>0x12b</size>
         <input_file_ref idref="fl-d3"/>
      </object_component>
      <object_component id="oc-1e7">
         <name>.debug_info</name>
         <load_address>0xcdd0</load_address>
         <run_address>0xcdd0</run_address>
         <size>0x13b</size>
         <input_file_ref idref="fl-d4"/>
      </object_component>
      <object_component id="oc-17a">
         <name>.debug_info</name>
         <load_address>0xcf0b</load_address>
         <run_address>0xcf0b</run_address>
         <size>0x13b</size>
         <input_file_ref idref="fl-d5"/>
      </object_component>
      <object_component id="oc-15f">
         <name>.debug_info</name>
         <load_address>0xd046</load_address>
         <run_address>0xd046</run_address>
         <size>0x12f</size>
         <input_file_ref idref="fl-d6"/>
      </object_component>
      <object_component id="oc-16e">
         <name>.debug_info</name>
         <load_address>0xd175</load_address>
         <run_address>0xd175</run_address>
         <size>0x13f</size>
         <input_file_ref idref="fl-d7"/>
      </object_component>
      <object_component id="oc-184">
         <name>.debug_info</name>
         <load_address>0xd2b4</load_address>
         <run_address>0xd2b4</run_address>
         <size>0x12d</size>
         <input_file_ref idref="fl-d8"/>
      </object_component>
      <object_component id="oc-165">
         <name>.debug_info</name>
         <load_address>0xd3e1</load_address>
         <run_address>0xd3e1</run_address>
         <size>0x12d</size>
         <input_file_ref idref="fl-d9"/>
      </object_component>
      <object_component id="oc-3e">
         <name>.debug_info</name>
         <load_address>0xd50e</load_address>
         <run_address>0xd50e</run_address>
         <size>0x11a</size>
         <input_file_ref idref="fl-da"/>
      </object_component>
      <object_component id="oc-155">
         <name>.debug_info</name>
         <load_address>0xd628</load_address>
         <run_address>0xd628</run_address>
         <size>0x12f</size>
         <input_file_ref idref="fl-db"/>
      </object_component>
      <object_component id="oc-92">
         <name>.debug_info</name>
         <load_address>0xd757</load_address>
         <run_address>0xd757</run_address>
         <size>0x2d5</size>
         <input_file_ref idref="fl-dc"/>
      </object_component>
      <object_component id="oc-4a">
         <name>.debug_info</name>
         <load_address>0xda2c</load_address>
         <run_address>0xda2c</run_address>
         <size>0x1d3</size>
         <input_file_ref idref="fl-dc"/>
      </object_component>
      <object_component id="oc-8d">
         <name>.debug_info</name>
         <load_address>0xdbff</load_address>
         <run_address>0xdbff</run_address>
         <size>0x46</size>
         <input_file_ref idref="fl-dc"/>
      </object_component>
      <object_component id="oc-d0">
         <name>.debug_info</name>
         <load_address>0xdc45</load_address>
         <run_address>0xdc45</run_address>
         <size>0x2c</size>
         <input_file_ref idref="fl-dc"/>
      </object_component>
      <object_component id="oc-46">
         <name>.debug_info</name>
         <load_address>0xdc71</load_address>
         <run_address>0xdc71</run_address>
         <size>0x2a9</size>
         <input_file_ref idref="fl-dd"/>
      </object_component>
      <object_component id="oc-1b">
         <name>.debug_info</name>
         <load_address>0xdf1a</load_address>
         <run_address>0xdf1a</run_address>
         <size>0x1eb</size>
         <input_file_ref idref="fl-dd"/>
      </object_component>
      <object_component id="oc-41">
         <name>.debug_info</name>
         <load_address>0xe105</load_address>
         <run_address>0xe105</run_address>
         <size>0x46</size>
         <input_file_ref idref="fl-dd"/>
      </object_component>
      <object_component id="oc-85">
         <name>.debug_info</name>
         <load_address>0xe14b</load_address>
         <run_address>0xe14b</run_address>
         <size>0x2c</size>
         <input_file_ref idref="fl-dd"/>
      </object_component>
      <object_component id="oc-83">
         <name>.debug_info</name>
         <load_address>0xe177</load_address>
         <run_address>0xe177</run_address>
         <size>0x29f</size>
         <input_file_ref idref="fl-de"/>
      </object_component>
      <object_component id="oc-15">
         <name>.debug_info</name>
         <load_address>0xe416</load_address>
         <run_address>0xe416</run_address>
         <size>0x251</size>
         <input_file_ref idref="fl-de"/>
      </object_component>
      <object_component id="oc-31">
         <name>.debug_info</name>
         <load_address>0xe667</load_address>
         <run_address>0xe667</run_address>
         <size>0x60</size>
         <input_file_ref idref="fl-de"/>
      </object_component>
      <object_component id="oc-c9">
         <name>.debug_info</name>
         <load_address>0xe6c7</load_address>
         <run_address>0xe6c7</run_address>
         <size>0x46</size>
         <input_file_ref idref="fl-de"/>
      </object_component>
      <object_component id="oc-7e">
         <name>.debug_info</name>
         <load_address>0xe70d</load_address>
         <run_address>0xe70d</run_address>
         <size>0x39</size>
         <input_file_ref idref="fl-de"/>
      </object_component>
      <object_component id="oc-6d">
         <name>.debug_info</name>
         <load_address>0xe746</load_address>
         <run_address>0xe746</run_address>
         <size>0x3b3</size>
         <input_file_ref idref="fl-df"/>
      </object_component>
      <object_component id="oc-22">
         <name>.debug_info</name>
         <load_address>0xeaf9</load_address>
         <run_address>0xeaf9</run_address>
         <size>0x10d</size>
         <input_file_ref idref="fl-df"/>
      </object_component>
      <object_component id="oc-389">
         <name>.debug_info</name>
         <load_address>0xec06</load_address>
         <run_address>0xec06</run_address>
         <size>0x140</size>
         <input_file_ref idref="fl-df"/>
      </object_component>
      <object_component id="oc-2c2">
         <name>.debug_info</name>
         <load_address>0xed46</load_address>
         <run_address>0xed46</run_address>
         <size>0x169</size>
         <input_file_ref idref="fl-df"/>
      </object_component>
      <object_component id="oc-2c9">
         <name>.debug_info</name>
         <load_address>0xeeaf</load_address>
         <run_address>0xeeaf</run_address>
         <size>0x18f</size>
         <input_file_ref idref="fl-df"/>
      </object_component>
      <object_component id="oc-2cf">
         <name>.debug_info</name>
         <load_address>0xf03e</load_address>
         <run_address>0xf03e</run_address>
         <size>0x1a0</size>
         <input_file_ref idref="fl-df"/>
      </object_component>
      <object_component id="oc-1d7">
         <name>.debug_info</name>
         <load_address>0xf1de</load_address>
         <run_address>0xf1de</run_address>
         <size>0x204</size>
         <input_file_ref idref="fl-df"/>
      </object_component>
      <object_component id="oc-406">
         <name>.debug_info</name>
         <load_address>0xf3e2</load_address>
         <run_address>0xf3e2</run_address>
         <size>0x1dc</size>
         <input_file_ref idref="fl-df"/>
      </object_component>
      <object_component id="oc-1d1">
         <name>.debug_info</name>
         <load_address>0xf5be</load_address>
         <run_address>0xf5be</run_address>
         <size>0x1a6</size>
         <input_file_ref idref="fl-df"/>
      </object_component>
      <object_component id="oc-383">
         <name>.debug_info</name>
         <load_address>0xf764</load_address>
         <run_address>0xf764</run_address>
         <size>0x29a</size>
         <input_file_ref idref="fl-df"/>
      </object_component>
      <object_component id="oc-b8">
         <name>.debug_info</name>
         <load_address>0xf9fe</load_address>
         <run_address>0xf9fe</run_address>
         <size>0xb2</size>
         <input_file_ref idref="fl-df"/>
      </object_component>
      <object_component id="oc-b3">
         <name>.debug_info</name>
         <load_address>0xfab0</load_address>
         <run_address>0xfab0</run_address>
         <size>0x2c</size>
         <input_file_ref idref="fl-df"/>
      </object_component>
      <object_component id="oc-29d">
         <name>.debug_info</name>
         <load_address>0xfadc</load_address>
         <run_address>0xfadc</run_address>
         <size>0x28b</size>
         <input_file_ref idref="fl-e0"/>
      </object_component>
      <object_component id="oc-19b">
         <name>.debug_info</name>
         <load_address>0xfd67</load_address>
         <run_address>0xfd67</run_address>
         <size>0x274</size>
         <input_file_ref idref="fl-e0"/>
      </object_component>
      <object_component id="oc-29f">
         <name>.debug_info</name>
         <load_address>0xffdb</load_address>
         <run_address>0xffdb</run_address>
         <size>0x2a5</size>
         <input_file_ref idref="fl-e1"/>
      </object_component>
      <object_component id="oc-1a0">
         <name>.debug_info</name>
         <load_address>0x10280</load_address>
         <run_address>0x10280</run_address>
         <size>0x24d</size>
         <input_file_ref idref="fl-e1"/>
      </object_component>
      <object_component id="oc-36e">
         <name>.debug_info</name>
         <load_address>0x104cd</load_address>
         <run_address>0x104cd</run_address>
         <size>0x3ab</size>
         <input_file_ref idref="fl-e2"/>
      </object_component>
      <object_component id="oc-36b">
         <name>.debug_info</name>
         <load_address>0x10878</load_address>
         <run_address>0x10878</run_address>
         <size>0x13b</size>
         <input_file_ref idref="fl-e2"/>
      </object_component>
      <object_component id="oc-270">
         <name>.debug_info</name>
         <load_address>0x109b3</load_address>
         <run_address>0x109b3</run_address>
         <size>0x730</size>
         <input_file_ref idref="fl-e2"/>
      </object_component>
      <object_component id="oc-25">
         <name>.debug_info</name>
         <load_address>0x110e3</load_address>
         <run_address>0x110e3</run_address>
         <size>0x10c</size>
         <input_file_ref idref="fl-e3"/>
      </object_component>
      <object_component id="oc-5c">
         <name>.debug_info</name>
         <load_address>0x111ef</load_address>
         <run_address>0x111ef</run_address>
         <size>0x1aa</size>
         <input_file_ref idref="fl-e3"/>
      </object_component>
      <object_component id="oc-30a">
         <name>.debug_info</name>
         <load_address>0x11399</load_address>
         <run_address>0x11399</run_address>
         <size>0x28a</size>
         <input_file_ref idref="fl-e4"/>
      </object_component>
      <object_component id="oc-307">
         <name>.debug_info</name>
         <load_address>0x11623</load_address>
         <run_address>0x11623</run_address>
         <size>0x10f</size>
         <input_file_ref idref="fl-e4"/>
      </object_component>
      <object_component id="oc-239">
         <name>.debug_info</name>
         <load_address>0x11732</load_address>
         <run_address>0x11732</run_address>
         <size>0x14f</size>
         <input_file_ref idref="fl-e4"/>
      </object_component>
      <object_component id="oc-310">
         <name>.debug_info</name>
         <load_address>0x11881</load_address>
         <run_address>0x11881</run_address>
         <size>0x162</size>
         <input_file_ref idref="fl-e5"/>
      </object_component>
      <object_component id="oc-359">
         <name>.debug_info</name>
         <load_address>0x119e3</load_address>
         <run_address>0x119e3</run_address>
         <size>0x57c</size>
         <input_file_ref idref="fl-e6"/>
      </object_component>
      <object_component id="oc-332">
         <name>.debug_info</name>
         <load_address>0x11f5f</load_address>
         <run_address>0x11f5f</run_address>
         <size>0x21f</size>
         <input_file_ref idref="fl-e6"/>
      </object_component>
      <object_component id="oc-3c3">
         <name>.debug_info</name>
         <load_address>0x1217e</load_address>
         <run_address>0x1217e</run_address>
         <size>0x1b4</size>
         <input_file_ref idref="fl-e6"/>
      </object_component>
      <object_component id="oc-3c9">
         <name>.debug_info</name>
         <load_address>0x12332</load_address>
         <run_address>0x12332</run_address>
         <size>0x21c</size>
         <input_file_ref idref="fl-e6"/>
      </object_component>
      <object_component id="oc-338">
         <name>.debug_info</name>
         <load_address>0x1254e</load_address>
         <run_address>0x1254e</run_address>
         <size>0x3bc</size>
         <input_file_ref idref="fl-e6"/>
      </object_component>
      <object_component id="oc-3d0">
         <name>.debug_info</name>
         <load_address>0x1290a</load_address>
         <run_address>0x1290a</run_address>
         <size>0x306</size>
         <input_file_ref idref="fl-e6"/>
      </object_component>
      <object_component id="oc-3d6">
         <name>.debug_info</name>
         <load_address>0x12c10</load_address>
         <run_address>0x12c10</run_address>
         <size>0x216</size>
         <input_file_ref idref="fl-e6"/>
      </object_component>
      <object_component id="oc-33e">
         <name>.debug_info</name>
         <load_address>0x12e26</load_address>
         <run_address>0x12e26</run_address>
         <size>0x216</size>
         <input_file_ref idref="fl-e6"/>
      </object_component>
      <object_component id="oc-344">
         <name>.debug_info</name>
         <load_address>0x1303c</load_address>
         <run_address>0x1303c</run_address>
         <size>0x305</size>
         <input_file_ref idref="fl-e6"/>
      </object_component>
      <object_component id="oc-34a">
         <name>.debug_info</name>
         <load_address>0x13341</load_address>
         <run_address>0x13341</run_address>
         <size>0x4b1</size>
         <input_file_ref idref="fl-e6"/>
      </object_component>
      <object_component id="oc-257">
         <name>.debug_info</name>
         <load_address>0x137f2</load_address>
         <run_address>0x137f2</run_address>
         <size>0x5f5</size>
         <input_file_ref idref="fl-e6"/>
      </object_component>
      <object_component id="oc-35a">
         <name>.debug_info</name>
         <load_address>0x13de7</load_address>
         <run_address>0x13de7</run_address>
         <size>0x86</size>
         <input_file_ref idref="fl-e6"/>
      </object_component>
      <object_component id="oc-3f2">
         <name>.debug_info</name>
         <load_address>0x13e6d</load_address>
         <run_address>0x13e6d</run_address>
         <size>0x39</size>
         <input_file_ref idref="fl-e6"/>
      </object_component>
      <object_component id="oc-42d">
         <name>.debug_info</name>
         <load_address>0x13ea6</load_address>
         <run_address>0x13ea6</run_address>
         <size>0xb6</size>
         <input_file_ref idref="fl-e6"/>
      </object_component>
      <object_component id="oc-3f7">
         <name>.debug_info</name>
         <load_address>0x13f5c</load_address>
         <run_address>0x13f5c</run_address>
         <size>0x46</size>
         <input_file_ref idref="fl-e6"/>
      </object_component>
      <object_component id="oc-35f">
         <name>.debug_info</name>
         <load_address>0x13fa2</load_address>
         <run_address>0x13fa2</run_address>
         <size>0x46</size>
         <input_file_ref idref="fl-e6"/>
      </object_component>
      <object_component id="oc-371">
         <name>.debug_info</name>
         <load_address>0x13fe8</load_address>
         <run_address>0x13fe8</run_address>
         <size>0x28e</size>
         <input_file_ref idref="fl-e7"/>
      </object_component>
      <object_component id="oc-276">
         <name>.debug_info</name>
         <load_address>0x14276</load_address>
         <run_address>0x14276</run_address>
         <size>0x328</size>
         <input_file_ref idref="fl-e7"/>
      </object_component>
      <object_component id="oc-369">
         <name>.debug_info</name>
         <load_address>0x1459e</load_address>
         <run_address>0x1459e</run_address>
         <size>0x293</size>
         <input_file_ref idref="fl-e8"/>
      </object_component>
      <object_component id="oc-26a">
         <name>.debug_info</name>
         <load_address>0x14831</load_address>
         <run_address>0x14831</run_address>
         <size>0x381</size>
[...]
      <symbol id="sm-18b">
         <name>line_detect</name>
         <value>0x39ed</value>
         <object_component_ref idref="oc-f7"/>
      </symbol>
      <symbol id="sm-18c">
         <name>cliff_detect</name>
         <value>0x395f</value>
         <object_component_ref idref="oc-f7"/>
      </symbol>
      <symbol id="sm-18d">
         <name>bot_init</name>
         <value>0x36ed</value>
         <object_component_ref idref="oc-f7"/>
      </symbol>
      <symbol id="sm-18e">
         <name>move_Back</name>
         <value>0x374d</value>
         <object_component_ref idref="oc-f7"/>
      </symbol>
      <symbol id="sm-257">
         <name>go_charge</name>
         <value>0x97f</value>
         <object_component_ref idref="oc-fd"/>
      </symbol>
      <symbol id="sm-258">
         <name>GPIOF_Handler</name>
         <value>0xbc3</value>
         <object_component_ref idref="oc-fd"/>
      </symbol>
      <symbol id="sm-259">
         <name>oi_free</name>
         <value>0x279</value>
         <object_component_ref idref="oc-fd"/>
      </symbol>
      <symbol id="sm-25a">
         <name>oi_getMotorCalibrationRight</name>
         <value>0xe01</value>
         <object_component_ref idref="oc-fd"/>
      </symbol>
      <symbol id="sm-25b">
         <name>oi_uartReceive</name>
         <value>0xa31</value>
         <object_component_ref idref="oc-fd"/>
      </symbol>
      <symbol id="sm-25c">
         <name>oi_setWheels</name>
         <value>0x88f</value>
         <object_component_ref idref="oc-fd"/>
      </symbol>
      <symbol id="sm-25d">
         <name>oi_shutoff_init</name>
         <value>0xb51</value>
         <object_component_ref idref="oc-fd"/>
      </symbol>
      <symbol id="sm-25e">
         <name>motor_cal_factor_L</name>
         <value>0x20002378</value>
         <object_component_ref idref="oc-1e2"/>
      </symbol>
      <symbol id="sm-25f">
         <name>motor_cal_factor_R</name>
         <value>0x2000237c</value>
         <object_component_ref idref="oc-1e2"/>
      </symbol>
      <symbol id="sm-260">
         <name>oi_parseInt</name>
         <value>0x6297</value>
         <object_component_ref idref="oc-1db"/>
      </symbol>
      <symbol id="sm-261">
         <name>oi_setMotorCalibration</name>
         <value>0xdb1</value>
         <object_component_ref idref="oc-fd"/>
      </symbol>
      <symbol id="sm-262">
         <name>oi_uartSendStr</name>
         <value>0xa59</value>
         <object_component_ref idref="oc-fd"/>
      </symbol>
      <symbol id="sm-263">
         <name>oi_close</name>
         <value>0x2c7</value>
         <object_component_ref idref="oc-fd"/>
      </symbol>
      <symbol id="sm-264">
         <name>oi_uartSendBuff</name>
         <value>0xa77</value>
         <object_component_ref idref="oc-fd"/>
      </symbol>
      <symbol id="sm-265">
         <name>oi_checkFirmware</name>
         <value>0xaa9</value>
         <object_component_ref idref="oc-fd"/>
      </symbol>
      <symbol id="sm-266">
         <name>oi_init_noupdate</name>
         <value>0x289</value>
         <object_component_ref idref="oc-fd"/>
      </symbol>
      <symbol id="sm-267">
         <name>oi_uartSendChar</name>
         <value>0xa15</value>
         <object_component_ref idref="oc-fd"/>
      </symbol>
      <symbol id="sm-268">
         <name>oi_alloc</name>
         <value>0x26d</value>
         <object_component_ref idref="oc-fd"/>
      </symbol>
      <symbol id="sm-269">
         <name>oi_getMotorCalibrationLeft</name>
         <value>0xded</value>
         <object_component_ref idref="oc-fd"/>
      </symbol>
      <symbol id="sm-26a">
         <name>oi_loadSong</name>
         <value>0x915</value>
         <object_component_ref idref="oc-fd"/>
      </symbol>
      <symbol id="sm-26b">
         <name>oi_play_song</name>
         <value>0x96b</value>
         <object_component_ref idref="oc-fd"/>
      </symbol>
      <symbol id="sm-26c">
         <name>oi_parsePacket</name>
         <value>0x32b</value>
         <object_component_ref idref="oc-fd"/>
      </symbol>
      <symbol id="sm-26d">
         <name>oi_setLeds</name>
         <value>0x84b</value>
         <object_component_ref idref="oc-fd"/>
      </symbol>
      <symbol id="sm-26e">
         <name>oi_init</name>
         <value>0x2b1</value>
         <object_component_ref idref="oc-fd"/>
      </symbol>
      <symbol id="sm-26f">
         <name>oi_update</name>
         <value>0x2d9</value>
         <object_component_ref idref="oc-fd"/>
      </symbol>
      <symbol id="sm-270">
         <name>oi_uartInit</name>
         <value>0x98d</value>
         <object_component_ref idref="oc-fd"/>
      </symbol>
      <symbol id="sm-2c1">
         <name>move_servo</name>
         <value>0x237b</value>
         <object_component_ref idref="oc-df"/>
      </symbol>
      <symbol id="sm-2c2">
         <name>timer1_init</name>
         <value>0x229d</value>
         <object_component_ref idref="oc-df"/>
      </symbol>
      <symbol id="sm-2c3">
         <name>obj_det</name>
         <value>0x2405</value>
         <object_component_ref idref="oc-df"/>
      </symbol>
      <symbol id="sm-2df">
         <name>ResetISR</name>
         <value>0x6351</value>
         <object_component_ref idref="oc-27"/>
      </symbol>
      <symbol id="sm-2e0">
         <name>g_pfnVectors</name>
         <value>0x0</value>
         <object_component_ref idref="oc-f"/>
      </symbol>
      <symbol id="sm-302">
         <name>uart_sendChar</name>
         <value>0x50d3</value>
         <object_component_ref idref="oc-d9"/>
      </symbol>
      <symbol id="sm-303">
         <name>uart_init</name>
         <value>0x5035</value>
         <object_component_ref idref="oc-d9"/>
      </symbol>
      <symbol id="sm-304">
         <name>uart_receive</name>
         <value>0x50ef</value>
         <object_component_ref idref="oc-d9"/>
      </symbol>
      <symbol id="sm-305">
         <name>uart_sendStr</name>
         <value>0x510f</value>
         <object_component_ref idref="oc-d9"/>
      </symbol>
      <symbol id="sm-32a">
         <name>IntRegister</name>
         <value>0x60b9</value>
         <object_component_ref idref="oc-1af"/>
      </symbol>
      <symbol id="sm-32b">
         <name>g_pfnRAMVectors</name>
         <value>0x20000000</value>
         <object_component_ref idref="oc-2a7"/>
      </symbol>
      <symbol id="sm-32c">
         <name>IntMasterEnable</name>
         <value>0x6317</value>
         <object_component_ref idref="oc-1b5"/>
      </symbol>
      <symbol id="sm-336">
         <name>CPUcpsie</name>
         <value>0x6345</value>
         <object_component_ref idref="oc-2b1"/>
      </symbol>
      <symbol id="sm-35d">
         <name>sprintf</name>
         <value>0x5f89</value>
         <object_component_ref idref="oc-172"/>
      </symbol>
      <symbol id="sm-387">
         <name>vsnprintf</name>
         <value>0x5fc9</value>
         <object_component_ref idref="oc-193"/>
      </symbol>
      <symbol id="sm-41e">
         <name>pow</name>
         <value>0x18dd</value>
         <object_component_ref idref="oc-167"/>
      </symbol>
      <symbol id="sm-41f">
         <name>powl</name>
         <value>0x18dd</value>
         <object_component_ref idref="oc-167"/>
      </symbol>
      <symbol id="sm-441">
         <name>sqrtl</name>
         <value>0x4b2d</value>
         <object_component_ref idref="oc-230"/>
      </symbol>
      <symbol id="sm-442">
         <name>sqrt</name>
         <value>0x4b2d</value>
         <object_component_ref idref="oc-230"/>
      </symbol>
      <symbol id="sm-45a">
         <name>roundl</name>
         <value>0x5765</value>
         <object_component_ref idref="oc-157"/>
      </symbol>
      <symbol id="sm-45b">
         <name>round</name>
         <value>0x5765</value>
         <object_component_ref idref="oc-157"/>
      </symbol>
      <symbol id="sm-482">
         <name>scalbn</name>
         <value>0x5285</value>
         <object_component_ref idref="oc-244"/>
      </symbol>
      <symbol id="sm-483">
         <name>scalbnl</name>
         <value>0x5285</value>
         <object_component_ref idref="oc-244"/>
      </symbol>
      <symbol id="sm-484">
         <name>ldexpl</name>
         <value>0x5285</value>
         <object_component_ref idref="oc-244"/>
      </symbol>
      <symbol id="sm-485">
         <name>ldexp</name>
         <value>0x5285</value>
         <object_component_ref idref="oc-244"/>
      </symbol>
      <symbol id="sm-4d1">
         <name>sin</name>
         <value>0x3129</value>
         <object_component_ref idref="oc-17d"/>
      </symbol>
      <symbol id="sm-4d2">
         <name>sinl</name>
         <value>0x3129</value>
         <object_component_ref idref="oc-17d"/>
      </symbol>
      <symbol id="sm-4e1">
         <name>__aeabi_memset</name>
         <value>0x5b93</value>
         <object_component_ref idref="oc-93"/>
      </symbol>
      <symbol id="sm-4e2">
         <name>memset</name>
         <value>0x5b99</value>
         <object_component_ref idref="oc-93"/>
      </symbol>
      <symbol id="sm-4e3">
         <name>__aeabi_memset8</name>
         <value>0x5b93</value>
         <object_component_ref idref="oc-93"/>
      </symbol>
      <symbol id="sm-4e4">
         <name>__aeabi_memset4</name>
         <value>0x5b93</value>
         <object_component_ref idref="oc-93"/>
      </symbol>
      <symbol id="sm-4e5">
         <name>__aeabi_memclr8</name>
         <value>0x5b91</value>
         <object_component_ref idref="oc-93"/>
      </symbol>
      <symbol id="sm-4e6">
         <name>__aeabi_memclr4</name>
         <value>0x5b91</value>
         <object_component_ref idref="oc-93"/>
      </symbol>
      <symbol id="sm-4e7">
         <name>__aeabi_memclr</name>
         <value>0x5b91</value>
         <object_component_ref idref="oc-93"/>
      </symbol>
      <symbol id="sm-4fe">
         <name>__aeabi_dsub</name>
         <value>0x4695</value>
         <object_component_ref idref="oc-1c8"/>
      </symbol>
      <symbol id="sm-4ff">
         <name>__aeabi_dadd</name>
         <value>0x469f</value>
         <object_component_ref idref="oc-1c8"/>
      </symbol>
      <symbol id="sm-521">
         <name>__aeabi_cdcmpeq</name>
         <value>0x5a09</value>
         <object_component_ref idref="oc-1c3"/>
      </symbol>
      <symbol id="sm-522">
         <name>__aeabi_cdcmple</name>
         <value>0x5a09</value>
         <object_component_ref idref="oc-1c3"/>
      </symbol>
      <symbol id="sm-523">
         <name>__aeabi_cdrcmple</name>
         <value>0x5a8f</value>
         <object_component_ref idref="oc-23f"/>
      </symbol>
      <symbol id="sm-537">
         <name>__aeabi_ddiv</name>
         <value>0x4efd</value>
         <object_component_ref idref="oc-1e5"/>
      </symbol>
      <symbol id="sm-542">
         <name>__aeabi_dmul</name>
         <value>0x5395</value>
         <object_component_ref idref="oc-178"/>
      </symbol>
      <symbol id="sm-54c">
         <name>__aeabi_d2iz</name>
         <value>0x5efd</value>
         <object_component_ref idref="oc-15d"/>
      </symbol>
      <symbol id="sm-558">
         <name>__aeabi_d2f</name>
         <value>0x5c79</value>
         <object_component_ref idref="oc-16d"/>
      </symbol>
      <symbol id="sm-563">
         <name>__aeabi_f2d</name>
         <value>0x6081</value>
         <object_component_ref idref="oc-183"/>
      </symbol>
      <symbol id="sm-56d">
         <name>__aeabi_i2d</name>
         <value>0x6181</value>
         <object_component_ref idref="oc-162"/>
      </symbol>
      <symbol id="sm-588">
         <name>memcpy</name>
         <value>0x58d7</value>
         <object_component_ref idref="oc-3b"/>
      </symbol>
      <symbol id="sm-589">
         <name>__aeabi_memcpy</name>
         <value>0x58d7</value>
         <object_component_ref idref="oc-3b"/>
      </symbol>
      <symbol id="sm-58a">
         <name>__aeabi_memcpy8</name>
         <value>0x58d7</value>
         <object_component_ref idref="oc-3b"/>
      </symbol>
      <symbol id="sm-58b">
         <name>__aeabi_memcpy4</name>
         <value>0x58d7</value>
         <object_component_ref idref="oc-3b"/>
      </symbol>
      <symbol id="sm-595">
         <name>__aeabi_ui2d</name>
         <value>0x61d9</value>
         <object_component_ref idref="oc-152"/>
      </symbol>
      <symbol id="sm-5ae">
         <name>__TI_zero_init_nomemset</name>
         <value>0x61f9</value>
         <object_component_ref idref="oc-47"/>
      </symbol>
      <symbol id="sm-5c5">
         <name>__TI_decompress_none</name>
         <value>0x6337</value>
         <object_component_ref idref="oc-18"/>
      </symbol>
      <symbol id="sm-5e8">
         <name>__TI_decompress_lzss</name>
         <value>0x5ce7</value>
         <object_component_ref idref="oc-12"/>
      </symbol>
      <symbol id="sm-67b">
         <name>_sys_memory</name>
         <value>0x20001270</value>
         <object_component_ref idref="oc-21"/>
      </symbol>
      <symbol id="sm-67c">
         <name>free</name>
         <value>0x567d</value>
         <object_component_ref idref="oc-1d5"/>
      </symbol>
      <symbol id="sm-67d">
         <name>memalign</name>
         <value>0x5589</value>
         <object_component_ref idref="oc-381"/>
      </symbol>
      <symbol id="sm-67e">
         <name>calloc</name>
         <value>0x6151</value>
         <object_component_ref idref="oc-1cf"/>
      </symbol>
      <symbol id="sm-67f">
         <name>malloc</name>
         <value>0x6371</value>
         <object_component_ref idref="oc-2c0"/>
      </symbol>
      <symbol id="sm-680">
         <name>aligned_alloc</name>
         <value>0x5589</value>
         <object_component_ref idref="oc-381"/>
      </symbol>
      <symbol id="sm-68f">
         <name>strcmp</name>
         <value>0x62af</value>
         <object_component_ref idref="oc-199"/>
      </symbol>
      <symbol id="sm-69d">
         <name>strcpy</name>
         <value>0x62dd</value>
         <object_component_ref idref="oc-19f"/>
      </symbol>
      <symbol id="sm-703">
         <name>__kernel_rem_pio2</name>
         <value>0x29f1</value>
         <object_component_ref idref="oc-26e"/>
      </symbol>
      <symbol id="sm-716">
         <name>__stack</name>
         <value>0x20000270</value>
         <object_component_ref idref="oc-24"/>
      </symbol>
      <symbol id="sm-717">
         <name>_c_int00_noargs</name>
         <value>0x60ed</value>
         <object_component_ref idref="oc-59"/>
      </symbol>
      <symbol id="sm-72d">
         <name>__aeabi_errno_addr</name>
         <value>0x6369</value>
         <object_component_ref idref="oc-236"/>
      </symbol>
      <symbol id="sm-72e">
         <name>errno</name>
         <value>0x200023b4</value>
         <object_component_ref idref="oc-306"/>
      </symbol>
      <symbol id="sm-738">
         <name>copysign</name>
         <value>0x624d</value>
         <object_component_ref idref="oc-30e"/>
      </symbol>
      <symbol id="sm-739">
         <name>copysignl</name>
         <value>0x624d</value>
         <object_component_ref idref="oc-30e"/>
      </symbol>
      <symbol id="sm-89e">
         <name>__TI_printfi</name>
         <value>0xe8d</value>
         <object_component_ref idref="oc-253"/>
      </symbol>
      <symbol id="sm-8b4">
         <name>__kernel_cos</name>
         <value>0x49c1</value>
         <object_component_ref idref="oc-274"/>
      </symbol>
      <symbol id="sm-8cb">
         <name>__kernel_sin</name>
         <value>0x484d</value>
         <object_component_ref idref="oc-268"/>
      </symbol>
      <symbol id="sm-8e8">
         <name>floorl</name>
         <value>0x5491</value>
         <object_component_ref idref="oc-226"/>
      </symbol>
      <symbol id="sm-8e9">
         <name>floor</name>
         <value>0x5491</value>
         <object_component_ref idref="oc-226"/>
      </symbol>
      <symbol id="sm-8ff">
         <name>frexpl</name>
         <value>0x5d51</value>
         <object_component_ref idref="oc-3da"/>
      </symbol>
      <symbol id="sm-900">
         <name>frexp</name>
         <value>0x5d51</value>
         <object_component_ref idref="oc-3da"/>
      </symbol>
      <symbol id="sm-90d">
         <name>__aeabi_uldivmod</name>
         <value>0x5973</value>
         <object_component_ref idref="oc-3b3"/>
      </symbol>
      <symbol id="sm-935">
         <name>__TI_auto_init_nobinit_nopinit</name>
         <value>0x5f45</value>
         <object_component_ref idref="oc-112"/>
      </symbol>
      <symbol id="sm-93f">
         <name>_system_pre_init</name>
         <value>0x6379</value>
         <object_component_ref idref="oc-99"/>
      </symbol>
      <symbol id="sm-94b">
         <name>C$$EXIT</name>
         <value>0x637d</value>
         <object_component_ref idref="oc-106"/>
      </symbol>
      <symbol id="sm-94c">
         <name>abort</name>
         <value>0x637d</value>
         <object_component_ref idref="oc-106"/>
      </symbol>
      <symbol id="sm-961">
         <name>_nop</name>
         <value>0x18db</value>
         <object_component_ref idref="oc-2dd"/>
      </symbol>
      <symbol id="sm-962">
         <name>_lock</name>
         <value>0x200023a4</value>
         <object_component_ref idref="oc-200"/>
      </symbol>
      <symbol id="sm-963">
         <name>_unlock</name>
         <value>0x200023a8</value>
         <object_component_ref idref="oc-200"/>
      </symbol>
      <symbol id="sm-97a">
         <name>atoi</name>
         <value>0x5eb1</value>
         <object_component_ref idref="oc-328"/>
      </symbol>
      <symbol id="sm-985">
         <name>_ctypes_</name>
         <value>0x64d8</value>
         <object_component_ref idref="oc-3ae"/>
      </symbol>
      <symbol id="sm-994">
         <name>ltoa</name>
         <value>0x5e0b</value>
         <object_component_ref idref="oc-3b9"/>
      </symbol>
      <symbol id="sm-9a4">
         <name>memccpy</name>
         <value>0x6231</value>
         <object_component_ref idref="oc-34c"/>
      </symbol>
      <symbol id="sm-9b4">
         <name>strchr</name>
         <value>0x62c7</value>
         <object_component_ref idref="oc-3e0"/>
      </symbol>
      <symbol id="sm-9c2">
         <name>strlen</name>
         <value>0x62f1</value>
         <object_component_ref idref="oc-322"/>
      </symbol>
      <symbol id="sm-9db">
         <name>wcslen</name>
         <value>0x6305</value>
         <object_component_ref idref="oc-352"/>
      </symbol>
      <symbol id="sm-9e5">
         <name>__aeabi_idiv0</name>
         <value>0x484b</value>
         <object_component_ref idref="oc-414"/>
      </symbol>
      <symbol id="sm-9e6">
         <name>__aeabi_ldiv0</name>
         <value>0x484b</value>
         <object_component_ref idref="oc-414"/>
      </symbol>
      <symbol id="sm-9e7">
         <name>__TI_static_base__</name>
         <value>0x0</value>
      </symbol>
      <symbol id="sm-9ea">
         <name>__mpu_init</name>
         <value>0x0</value>
      </symbol>
      <symbol id="sm-9eb">
         <name>_system_post_cinit</name>
         <value>0x0</value>
      </symbol>
   </symbol_table>
   <title>Link successful</title>
</link_info>
