******************************************************************************
                  TI ARM Linker PC v18.12.2                    
******************************************************************************
>> Linked Thu Dec  5 13:12:48 2019

OUTPUT FILE NAME:   <lab_9.out>
ENTRY POINT SYMBOL: "_c_int00_noargs"  address: 000060ed


MEMORY CONFIGURATION

         name            origin    length      used     unused   attr    fill
----------------------  --------  ---------  --------  --------  ----  --------
  FLASH                 00000000   00040000  00006673  0003998d  R  X
  SRAM                  20000000   00008000  000023b2  00005c4e  RW X


SEGMENT ALLOCATION MAP

run origin  load origin   length   init length attrs members
----------  ----------- ---------- ----------- ----- -------
00000000    00000000    00006678   00006678    r-x
  00000000    00000000    0000026c   0000026c    r-- .intvecs
  0000026c    0000026c    00006114   00006114    r-x .text
  00006380    00006380    000002a3   000002a3    r-- .const
  00006628    00006628    00000050   00000050    r-- .cinit
20000000    20000000    000023b9   00000000    rw-
  20000000    20000000    0000026c   00000000    rw- .vtable
  20000270    20000270    00001000   00000000    rw- .stack
  20001270    20001270    00001000   00000000    rw- .sysmem
  20002270    20002270    00000105   00000000    rw- .bss
  20002378    20002378    00000041   00000000    rw- .data


SECTION ALLOCATION MAP

 output                                  attributes/
section   page    origin      length       input sections
--------  ----  ----------  ----------   ----------------
.intvecs   0    00000000    0000026c     
                  00000000    0000026c     tm4c123gh6pm_startup_ccs.obj (.intvecs)

.text      0    0000026c    00006114     
                  0000026c    00000c20     open_interface.obj (.text)
                  00000e8c    00000a4e     rtsv7M4_T_le_v4SPD16_eabi.lib : _printfi.c.obj (.text:__TI_printfi)
                  000018da    00000002                                   : _lock.c.obj (.text:_nop)
                  000018dc    000009c0                                   : e_pow.c.obj (.text:pow)
                  0000229c    00000754     servo.obj (.text)
                  000029f0    00000738     rtsv7M4_T_le_v4SPD16_eabi.lib : k_rem_pio2.c.obj (.text:__kernel_rem_pio2)
                  00003128    000005c4                                   : s_sin.c.obj (.text:sin)
                  000036ec    00000384     move.obj (.text)
                  00003a70    00000328     lcd.obj (.text)
                  00003d98    00000274     TIMER3B.obj (.text)
                  0000400c    00000270     rtsv7M4_T_le_v4SPD16_eabi.lib : _printfi.c.obj (.text:_pconv_a)
                  0000427c    00000248     Timer.obj (.text)
                  000044c4    000001d0     rtsv7M4_T_le_v4SPD16_eabi.lib : _printfi.c.obj (.text:_pconv_g)
                  00004694    000001b6                                   : fd_add_t2.asm.obj (.text)
                  0000484a    00000002                                   : div0.asm.obj (.text)
                  0000484c    00000174                                   : k_sin.c.obj (.text:__kernel_sin)
                  000049c0    0000016c                                   : k_cos.c.obj (.text:__kernel_cos)
                  00004b2c    00000158                                   : e_sqrt.c.obj (.text:sqrt)
                  00004c84    0000013c                                   : _printfi.c.obj (.text:_pconv_e)
                  00004dc0    0000013c     adc2.obj (.text)
                  00004efc    00000136     rtsv7M4_T_le_v4SPD16_eabi.lib : fd_div_t2.asm.obj (.text)
                  00005032    00000002     --HOLE-- [fill = 0]
                  00005034    0000012c     uart.obj (.text)
                  00005160    00000124     rtsv7M4_T_le_v4SPD16_eabi.lib : _printfi.c.obj (.text:fcvt)
                  00005284    00000110                                   : s_scalbn.c.obj (.text:scalbn)
                  00005394    000000fc                                   : fd_mul_t2.asm.obj (.text)
                  00005490    000000f8                                   : s_floor.c.obj (.text:floor)
                  00005588    000000f4                                   : memory.c.obj (.text:aligned_alloc)
                  0000567c    000000e8                                   : memory.c.obj (.text:free)
                  00005764    000000c0                                   : s_round.c.obj (.text:round)
                  00005824    000000b1                                   : _printfi.c.obj (.text:_ltostr)
                  000058d5    00000001     --HOLE-- [fill = 0]
                  000058d6    0000009c                                   : memcpy_t2.asm.obj (.text)
                  00005972    00000096                                   : ull_div_t2.asm.obj (.text)
                  00005a08    00000086                                   : fd_cmp_t2.asm.obj (.text:__aeabi_cdcmple)
                  00005a8e    00000086                                   : fd_cmp_t2.asm.obj (.text:__aeabi_cdrcmple)
                  00005b14    0000007c                                   : memory.c.obj (.text:split)
                  00005b90    0000007a                                   : memset_t2.asm.obj (.text)
                  00005c0a    0000006e                                   : _printfi.c.obj (.text:_mcpy)
                  00005c78    0000006e                                   : fd_tos_t2.asm.obj (.text)
                  00005ce6    00000068                                   : copy_decompress_lzss.c.obj (.text:decompress:lzss:__TI_decompress_lzss)
                  00005d4e    00000002     --HOLE-- [fill = 0]
                  00005d50    00000064                                   : s_frexp.c.obj (.text:frexp)
                  00005db4    00000056                                   : _printfi.c.obj (.text:_pconv_f)
                  00005e0a    00000054                                   : ltoa.c.obj (.text:ltoa)
                  00005e5e    00000052                                   : _printfi.c.obj (.text:_ecpy)
                  00005eb0    0000004c                                   : atoi.c.obj (.text:atoi)
                  00005efc    00000048                                   : fd_toi_t2.asm.obj (.text)
                  00005f44    00000044                                   : autoinit.c.obj (.text:__TI_auto_init_nobinit_nopinit:__TI_auto_init_nobinit_nopinit)
                  00005f88    00000040                                   : sprintf.c.obj (.text:sprintf)
                  00005fc8    00000040                                   : vsnprintf.c.obj (.text:vsnprintf)
                  00006008    0000003e                                   : _printfi.c.obj (.text:_fcpy)
                  00006046    0000003a     main.obj (.text)
                  00006080    00000038     rtsv7M4_T_le_v4SPD16_eabi.lib : fs_tod_t2.asm.obj (.text)
                  000060b8    00000034     driverlib.lib : interrupt.obj (.text:IntRegister)
                  000060ec    00000034     rtsv7M4_T_le_v4SPD16_eabi.lib : boot_cortex_m.c.obj (.text:_c_int00_noargs:_c_int00_noargs)
                  00006120    00000030                                   : vsnprintf.c.obj (.text:_outs)
                  00006150    00000030                                   : memory.c.obj (.text:calloc)
                  00006180    0000002e                                   : i_tofd_t2.asm.obj (.text)
                  000061ae    00000002     --HOLE-- [fill = 0]
                  000061b0    00000028                                   : memory.c.obj (.text:free_list_insert)
                  000061d8    00000020                                   : u_tofd_t2.asm.obj (.text)
                  000061f8    0000001c                                   : copy_zero_init.c.obj (.text:decompress:ZI:__TI_zero_init_nomemset:__TI_zero_init_nomemset)
                  00006214    0000001c                                   : memory.c.obj (.text:free_list_remove)
                  00006230    0000001c                                   : memccpy.c.obj (.text:memccpy)
                  0000624c    0000001a                                   : s_copysign.c.obj (.text:copysign)
                  00006266    00000018                                   : vsnprintf.c.obj (.text:_outc)
                  0000627e    00000018                                   : sprintf.c.obj (.text:_outs)
                  00006296    00000018     open_interface.obj (.text:oi_parseInt)
                  000062ae    00000018     rtsv7M4_T_le_v4SPD16_eabi.lib : strcmp.c.obj (.text:strcmp)
                  000062c6    00000016                                   : strchr.c.obj (.text:strchr)
                  000062dc    00000014                                   : strcpy.c.obj (.text:strcpy)
                  000062f0    00000014                                   : strlen.c.obj (.text:strlen)
                  00006304    00000012                                   : wcslen.c.obj (.text:wcslen)
                  00006316    00000010     driverlib.lib : interrupt.obj (.text:IntMasterEnable)
                  00006326    00000010     lcd.obj (.text:lcd_clear)
                  00006336    0000000e     rtsv7M4_T_le_v4SPD16_eabi.lib : copy_decompress_none.c.obj (.text:decompress:none:__TI_decompress_none)
                  00006344    0000000c     driverlib.lib : cpu.obj (.text:CPUcpsie)
                  00006350    0000000c     tm4c123gh6pm_startup_ccs.obj (.text)
                  0000635c    0000000a     rtsv7M4_T_le_v4SPD16_eabi.lib : sprintf.c.obj (.text:_outc)
                  00006366    00000002     --HOLE-- [fill = 0]
                  00006368    00000008                                   : errno.c.obj (.text:__aeabi_errno_addr)
                  00006370    00000008                                   : memory.c.obj (.text:malloc)
                  00006378    00000004                                   : pre_init.c.obj (.text:_system_pre_init)
                  0000637c    00000004                                   : exit.c.obj (.text:abort:abort)

.const     0    00006380    000002a3     
                  00006380    00000158     rtsv7M4_T_le_v4SPD16_eabi.lib : k_rem_pio2.c.obj (.const:$O1$$)
                  000064d8    00000101                                   : ctype.c.obj (.const:.string:_ctypes_)
                  000065d9    00000004     lcd.obj (.const:.string:lineAddress$1)
                  000065dd    00000003     --HOLE-- [fill = 0]
                  000065e0    00000030     rtsv7M4_T_le_v4SPD16_eabi.lib : e_pow.c.obj (.const:$O1$$)
                  00006610    0000000f     open_interface.obj (.const:.string:$P$T0$3)
                  0000661f    00000004     lcd.obj (.const:.string:lineAddresses$2)

.cinit     0    00006628    00000050     
                  00006628    00000019     (.cinit..data.load) [load image, compression = lzss]
                  00006641    00000003     --HOLE-- [fill = 0]
                  00006644    0000000c     (__TI_handler_table)
                  00006650    00000008     (.cinit..bss.load) [load image, compression = zero_init]
                  00006658    00000008     (.cinit..vtable.load) [load image, compression = zero_init]
                  00006660    00000018     (__TI_cinit_table)

.init_array 
*          0    00000000    00000000     UNINITIALIZED

.vtable    0    20000000    0000026c     UNINITIALIZED
                  20000000    0000026c     driverlib.lib : interrupt.obj (.vtable)

.stack     0    20000270    00001000     UNINITIALIZED
                  20000270    00000004     rtsv7M4_T_le_v4SPD16_eabi.lib : boot_cortex_m.c.obj (.stack)
                  20000274    00000ffc     --HOLE--

.sysmem    0    20001270    00001000     UNINITIALIZED
                  20001270    00000010     rtsv7M4_T_le_v4SPD16_eabi.lib : memory.c.obj (.sysmem)
                  20001280    00000ff0     --HOLE--

.bss       0    20002270    00000105     UNINITIALIZED
                  20002270    00000090     (.common:object_storage)
                  20002300    00000054     lcd.obj (.bss:lastbuffer$3)
                  20002354    00000018     open_interface.obj (.bss:firmware$2)
                  2000236c    00000004     (.common:_timeout_ticks)
                  20002370    00000004     (.common:numOverflow)
                  20002374    00000001     (.common:state)

.data      0    20002378    00000041     UNINITIALIZED
                  20002378    00000020     open_interface.obj (.data)
                  20002398    0000000c     TIMER3B.obj (.data)
                  200023a4    00000008     rtsv7M4_T_le_v4SPD16_eabi.lib : _lock.c.obj (.data:$O1$$)
                  200023ac    00000008                                   : memory.c.obj (.data:$O1$$)
                  200023b4    00000004                                   : errno.c.obj (.data)
                  200023b8    00000001     Timer.obj (.data)

MODULE SUMMARY

       Module                         code    ro data   rw data
       ------                         ----    -------   -------
    .\
       open_interface.obj             3128    15        56     
       servo.obj                      1876    0         0      
       lcd.obj                        824     8         84     
       move.obj                       900     0         0      
       TIMER3B.obj                    628     0         17     
       tm4c123gh6pm_startup_ccs.obj   12      620       0      
       Timer.obj                      584     0         5      
       adc2.obj                       316     0         0      
       uart.obj                       300     0         0      
       main.obj                       58      0         144    
    +--+------------------------------+-------+---------+---------+
       Total:                         8626    643       306    
                                                               
    C:/ti/TivaWare_C_Series-2.1.4.178/driverlib/ccs/Debug/driverlib.lib
       interrupt.obj                  68      0         620    
       cpu.obj                        12      0         0      
    +--+------------------------------+-------+---------+---------+
       Total:                         80      0         620    
                                                               
    C:\ti\ccs910\ccs\tools\compiler\ti-cgt-arm_18.12.2.LTS\lib\rtsv7M4_T_le_v4SPD16_eabi.lib
       _printfi.c.obj                 4851    0         0      
       e_pow.c.obj                    2496    48        0      
       k_rem_pio2.c.obj               1848    344       0      
       s_sin.c.obj                    1476    0         0      
       memory.c.obj                   724     0         8      
       fd_add_t2.asm.obj              438     0         0      
       k_sin.c.obj                    372     0         0      
       k_cos.c.obj                    364     0         0      
       e_sqrt.c.obj                   344     0         0      
       fd_div_t2.asm.obj              310     0         0      
       s_scalbn.c.obj                 272     0         0      
       fd_cmp_t2.asm.obj              268     0         0      
       ctype.c.obj                    0       257       0      
       fd_mul_t2.asm.obj              252     0         0      
       s_floor.c.obj                  248     0         0      
       s_round.c.obj                  192     0         0      
       memcpy_t2.asm.obj              156     0         0      
       ull_div_t2.asm.obj             150     0         0      
       vsnprintf.c.obj                136     0         0      
       memset_t2.asm.obj              122     0         0      
       fd_tos_t2.asm.obj              110     0         0      
       copy_decompress_lzss.c.obj     104     0         0      
       s_frexp.c.obj                  100     0         0      
       sprintf.c.obj                  98      0         0      
       ltoa.c.obj                     84      0         0      
       atoi.c.obj                     76      0         0      
       fd_toi_t2.asm.obj              72      0         0      
       autoinit.c.obj                 68      0         0      
       fs_tod_t2.asm.obj              56      0         0      
       boot_cortex_m.c.obj            52      0         0      
       i_tofd_t2.asm.obj              46      0         0      
       u_tofd_t2.asm.obj              32      0         0      
       copy_zero_init.c.obj           28      0         0      
       memccpy.c.obj                  28      0         0      
       s_copysign.c.obj               26      0         0      
       strcmp.c.obj                   24      0         0      
       strchr.c.obj                   22      0         0      
       strcpy.c.obj                   20      0         0      
       strlen.c.obj                   20      0         0      
       wcslen.c.obj                   18      0         0      
       copy_decompress_none.c.obj     14      0         0      
       errno.c.obj                    8       0         4      
       _lock.c.obj                    2       0         8      
       exit.c.obj                     4       0         0      
       pre_init.c.obj                 4       0         0      
       div0.asm.obj                   2       0         0      
    +--+------------------------------+-------+---------+---------+
       Total:                         16137   649       20     
                                                               
       Heap:                          0       0         4096   
       Stack:                         0       0         4096   
       Linker Generated:              0       77        0      
    +--+------------------------------+-------+---------+---------+
       Grand Total:                   24843   1369      9138   


LINKER GENERATED COPY TABLES

__TI_cinit_table @ 00006660 records: 3, size/record: 8, table size: 24
	.data: load addr=00006628, load size=00000019 bytes, run addr=20002378, run size=00000041 bytes, compression=lzss
	.bss: load addr=00006650, load size=00000008 bytes, run addr=20002270, run size=00000105 bytes, compression=zero_init
	.vtable: load addr=00006658, load size=00000008 bytes, run addr=20000000, run size=0000026c bytes, compression=zero_init


LINKER GENERATED HANDLER TABLE

__TI_handler_table @ 00006644 records: 3, size/record: 4, table size: 12
	index: 0, handler: __TI_zero_init
	index: 1, handler: __TI_decompress_lzss
	index: 2, handler: __TI_decompress_none


GLOBAL SYMBOLS: SORTED ALPHABETICALLY BY Name 

address   name                          
-------   ----                          
0000637d  C$$EXIT                       
00006345  CPUcpsie                      
00000bc3  GPIOF_Handler                 
00006317  IntMasterEnable               
000060b9  IntRegister                   
00006351  ResetISR                      
00003dc1  TIMER3B_Handler               
00003df9  TIMER3B_init                  
20001270  __STACK_END                   
00001000  __STACK_SIZE                  
20000470  __STACK_TOP                   
00001000  __SYSMEM_SIZE                 
00006660  __TI_CINIT_Base               
00006678  __TI_CINIT_Limit              
00006644  __TI_Handler_Table_Base       
00006650  __TI_Handler_Table_Limit      
00005f45  __TI_auto_init_nobinit_nopinit
00005ce7  __TI_decompress_lzss          
00006337  __TI_decompress_none          
ffffffff  __TI_pprof_out_hndl           
00000e8d  __TI_printfi                  
ffffffff  __TI_prof_data_size           
ffffffff  __TI_prof_data_start          
00000000  __TI_static_base__            
000061f9  __TI_zero_init_nomemset       
00005a09  __aeabi_cdcmpeq               
00005a09  __aeabi_cdcmple               
00005a8f  __aeabi_cdrcmple              
00005c79  __aeabi_d2f                   
00005efd  __aeabi_d2iz                  
0000469f  __aeabi_dadd                  
00004efd  __aeabi_ddiv                  
00005395  __aeabi_dmul                  
00004695  __aeabi_dsub                  
00006369  __aeabi_errno_addr            
00006081  __aeabi_f2d                   
00006181  __aeabi_i2d                   
0000484b  __aeabi_idiv0                 
0000484b  __aeabi_ldiv0                 
00005b91  __aeabi_memclr                
00005b91  __aeabi_memclr4               
00005b91  __aeabi_memclr8               
000058d7  __aeabi_memcpy                
000058d7  __aeabi_memcpy4               
000058d7  __aeabi_memcpy8               
00005b93  __aeabi_memset                
00005b93  __aeabi_memset4               
00005b93  __aeabi_memset8               
000061d9  __aeabi_ui2d                  
00005973  __aeabi_uldivmod              
ffffffff  __binit__                     
ffffffff  __c_args__                    
000049c1  __kernel_cos                  
000029f1  __kernel_rem_pio2             
0000484d  __kernel_sin                  
UNDEFED   __mpu_init                    
20000270  __stack                       
000060ed  _c_int00_noargs               
000064d8  _ctypes_                      
200023a4  _lock                         
000018db  _nop                          
200023b8  _running                      
20001270  _sys_memory                   
UNDEFED   _system_post_cinit            
00006379  _system_pre_init              
2000236c  _timeout_ticks                
200023a8  _unlock                       
0000637d  abort                         
00004e79  adc_avg_distance              
00004e5f  adc_get_raw                   
00004dc1  adc_init                      
00004e4d  adc_read                      
00005589  aligned_alloc                 
00005eb1  atoi                          
ffffffff  binit                         
000036ed  bot_init                      
00006151  calloc                        
0000395f  cliff_detect                  
0000624d  copysign                      
0000624d  copysignl                     
2000239c  current_time                  
200023b4  errno                         
00005491  floor                         
00005491  floorl                        
0000567d  free                          
00005d51  frexp                         
00005d51  frexpl                        
20000000  g_pfnRAMVectors               
00000000  g_pfnVectors                  
0000097f  go_charge                     
20002398  last_time                     
00006327  lcd_clear                     
00003c45  lcd_gotoLine                  
00003aad  lcd_init                      
00003cab  lcd_printf                    
00003b6d  lcd_putc                      
00003ba5  lcd_puts                      
00003a71  lcd_reverseNibble             
00003bc3  lcd_sendCommand               
00003c01  lcd_sendNibble                
00003c6d  lcd_setCursorPos              
00005285  ldexp                         
00005285  ldexpl                        
000039ed  line_detect                   
00005e0b  ltoa                          
00006047  main                          
00006371  malloc                        
00005589  memalign                      
00006231  memccpy                       
000058d7  memcpy                        
00005b99  memset                        
20002378  motor_cal_factor_L            
2000237c  motor_cal_factor_R            
0000374d  move_Back                     
000037bf  move_forward                  
0000237b  move_servo                    
20002370  numOverflow                   
00002405  obj_det                       
20002270  object_storage                
0000026d  oi_alloc                      
00000aa9  oi_checkFirmware              
000002c7  oi_close                      
00000279  oi_free                       
00000ded  oi_getMotorCalibrationLeft    
00000e01  oi_getMotorCalibrationRight   
000002b1  oi_init                       
00000289  oi_init_noupdate              
00000915  oi_loadSong                   
00006297  oi_parseInt                   
0000032b  oi_parsePacket                
0000096b  oi_play_song                  
0000084b  oi_setLeds                    
00000db1  oi_setMotorCalibration        
0000088f  oi_setWheels                  
00000b51  oi_shutoff_init               
0000098d  oi_uartInit                   
00000a31  oi_uartReceive                
00000a77  oi_uartSendBuff               
00000a15  oi_uartSendChar               
00000a59  oi_uartSendStr                
000002d9  oi_update                     
00003f1f  ping_read                     
00003d99  portb_init                    
000018dd  pow                           
000018dd  powl                          
00005765  round                         
00005765  roundl                        
00005285  scalbn                        
00005285  scalbnl                       
00003e81  send_pulse                    
00003129  sin                           
00003129  sinl                          
00005f89  sprintf                       
00004b2d  sqrt                          
00004b2d  sqrtl                         
20002374  state                         
000062c7  strchr                        
000062af  strcmp                        
000062dd  strcpy                        
000062f1  strlen                        
00003f01  time2dist                     
0000229d  timer1_init                   
0000439b  timer_getMicros               
00004343  timer_getMillis               
0000427d  timer_init                    
0000431f  timer_pause                   
00004331  timer_resume                  
000042f5  timer_stop                    
000043f5  timer_waitMicros              
00004429  timer_waitMillis              
0000387f  turn_clockwise                
000038ef  turn_counterclockwise         
00005035  uart_init                     
000050ef  uart_receive                  
000050d3  uart_sendChar                 
0000510f  uart_sendStr                  
200023a0  update_flag                   
00005fc9  vsnprintf                     
00006305  wcslen                        


GLOBAL SYMBOLS: SORTED BY Symbol Address 

address   name                          
-------   ----                          
00000000  __TI_static_base__            
00000000  g_pfnVectors                  
0000026d  oi_alloc                      
00000279  oi_free                       
00000289  oi_init_noupdate              
000002b1  oi_init                       
000002c7  oi_close                      
000002d9  oi_update                     
0000032b  oi_parsePacket                
0000084b  oi_setLeds                    
0000088f  oi_setWheels                  
00000915  oi_loadSong                   
0000096b  oi_play_song                  
0000097f  go_charge                     
0000098d  oi_uartInit                   
00000a15  oi_uartSendChar               
00000a31  oi_uartReceive                
00000a59  oi_uartSendStr                
00000a77  oi_uartSendBuff               
00000aa9  oi_checkFirmware              
00000b51  oi_shutoff_init               
00000bc3  GPIOF_Handler                 
00000db1  oi_setMotorCalibration        
00000ded  oi_getMotorCalibrationLeft    
00000e01  oi_getMotorCalibrationRight   
00000e8d  __TI_printfi                  
00001000  __STACK_SIZE                  
00001000  __SYSMEM_SIZE                 
000018db  _nop                          
000018dd  pow                           
000018dd  powl                          
0000229d  timer1_init                   
0000237b  move_servo                    
00002405  obj_det                       
000029f1  __kernel_rem_pio2             
00003129  sin                           
00003129  sinl                          
000036ed  bot_init                      
0000374d  move_Back                     
000037bf  move_forward                  
0000387f  turn_clockwise                
000038ef  turn_counterclockwise         
0000395f  cliff_detect                  
000039ed  line_detect                   
00003a71  lcd_reverseNibble             
00003aad  lcd_init                      
00003b6d  lcd_putc                      
00003ba5  lcd_puts                      
00003bc3  lcd_sendCommand               
00003c01  lcd_sendNibble                
00003c45  lcd_gotoLine                  
00003c6d  lcd_setCursorPos              
00003cab  lcd_printf                    
00003d99  portb_init                    
00003dc1  TIMER3B_Handler               
00003df9  TIMER3B_init                  
00003e81  send_pulse                    
00003f01  time2dist                     
00003f1f  ping_read                     
0000427d  timer_init                    
000042f5  timer_stop                    
0000431f  timer_pause                   
00004331  timer_resume                  
00004343  timer_getMillis               
0000439b  timer_getMicros               
000043f5  timer_waitMicros              
00004429  timer_waitMillis              
00004695  __aeabi_dsub                  
0000469f  __aeabi_dadd                  
0000484b  __aeabi_idiv0                 
0000484b  __aeabi_ldiv0                 
0000484d  __kernel_sin                  
000049c1  __kernel_cos                  
00004b2d  sqrt                          
00004b2d  sqrtl                         
00004dc1  adc_init                      
00004e4d  adc_read                      
00004e5f  adc_get_raw                   
00004e79  adc_avg_distance              
00004efd  __aeabi_ddiv                  
00005035  uart_init                     
000050d3  uart_sendChar                 
000050ef  uart_receive                  
0000510f  uart_sendStr                  
00005285  ldexp                         
00005285  ldexpl                        
00005285  scalbn                        
00005285  scalbnl                       
00005395  __aeabi_dmul                  
00005491  floor                         
00005491  floorl                        
00005589  aligned_alloc                 
00005589  memalign                      
0000567d  free                          
00005765  round                         
00005765  roundl                        
000058d7  __aeabi_memcpy                
000058d7  __aeabi_memcpy4               
000058d7  __aeabi_memcpy8               
000058d7  memcpy                        
00005973  __aeabi_uldivmod              
00005a09  __aeabi_cdcmpeq               
00005a09  __aeabi_cdcmple               
00005a8f  __aeabi_cdrcmple              
00005b91  __aeabi_memclr                
00005b91  __aeabi_memclr4               
00005b91  __aeabi_memclr8               
00005b93  __aeabi_memset                
00005b93  __aeabi_memset4               
00005b93  __aeabi_memset8               
00005b99  memset                        
00005c79  __aeabi_d2f                   
00005ce7  __TI_decompress_lzss          
00005d51  frexp                         
00005d51  frexpl                        
00005e0b  ltoa                          
00005eb1  atoi                          
00005efd  __aeabi_d2iz                  
00005f45  __TI_auto_init_nobinit_nopinit
00005f89  sprintf                       
00005fc9  vsnprintf                     
00006047  main                          
00006081  __aeabi_f2d                   
000060b9  IntRegister                   
000060ed  _c_int00_noargs               
00006151  calloc                        
00006181  __aeabi_i2d                   
000061d9  __aeabi_ui2d                  
000061f9  __TI_zero_init_nomemset       
00006231  memccpy                       
0000624d  copysign                      
0000624d  copysignl                     
00006297  oi_parseInt                   
000062af  strcmp                        
000062c7  strchr                        
000062dd  strcpy                        
000062f1  strlen                        
00006305  wcslen                        
00006317  IntMasterEnable               
00006327  lcd_clear                     
00006337  __TI_decompress_none          
00006345  CPUcpsie                      
00006351  ResetISR                      
00006369  __aeabi_errno_addr            
00006371  malloc                        
00006379  _system_pre_init              
0000637d  C$$EXIT                       
0000637d  abort                         
000064d8  _ctypes_                      
00006644  __TI_Handler_Table_Base       
00006650  __TI_Handler_Table_Limit      
00006660  __TI_CINIT_Base               
00006678  __TI_CINIT_Limit              
20000000  g_pfnRAMVectors               
20000270  __stack                       
20000470  __STACK_TOP                   
20001270  __STACK_END                   
20001270  _sys_memory                   
20002270  object_storage                
2000236c  _timeout_ticks                
20002370  numOverflow                   
20002374  state                         
20002378  motor_cal_factor_L            
2000237c  motor_cal_factor_R            
20002398  last_time                     
2000239c  current_time                  
200023a0  update_flag                   
200023a4  _lock                         
200023a8  _unlock                       
200023b4  errno                         
200023b8  _running                      
ffffffff  __TI_pprof_out_hndl           
ffffffff  __TI_prof_data_size           
ffffffff  __TI_prof_data_start          
ffffffff  __binit__                     
ffffffff  __c_args__                    
ffffffff  binit                         
UNDEFED   __mpu_init                    
UNDEFED   _system_post_cinit            

[179 symbols]
