******************************************************************************
                  TI ARM Linker PC v18.12.2                    
******************************************************************************
>> Linked Wed Oct 16 13:43:09 2019

OUTPUT FILE NAME:   <Lab_6.out>
ENTRY POINT SYMBOL: "_c_int00_noargs"  address: 000033b1


MEMORY CONFIGURATION

         name            origin    length      used     unused   attr    fill
----------------------  --------  ---------  --------  --------  ----  --------
  FLASH                 00000000   00040000  00003708  0003c8f8  R  X
  SRAM                  20000000   00008000  00000ac9  00007537  RW X


SEGMENT ALLOCATION MAP

run origin  load origin   length   init length attrs members
----------  ----------- ---------- ----------- ----- -------
00000000    00000000    00003710   00003710    r-x
  00000000    00000000    0000026c   0000026c    r-- .intvecs
  0000026c    0000026c    00003320   00003320    r-x .text
  00003590    00003590    0000013c   0000013c    r-- .const
  000036d0    000036d0    00000040   00000040    r-- .cinit
20000000    20000000    00000acd   00000000    rw-
  20000000    20000000    0000026c   00000000    rw- .vtable
  20000270    20000270    00000800   00000000    rw- .stack
  20000a70    20000a70    00000058   00000000    rw- .bss
  20000ac8    20000ac8    00000005   00000000    rw- .data


SECTION ALLOCATION MAP

 output                                  attributes/
section   page    origin      length       input sections
--------  ----  ----------  ----------   ----------------
.intvecs   0    00000000    0000026c     
                  00000000    0000026c     tm4c123gh6pm_startup_ccs.obj (.intvecs)

.text      0    0000026c    00003320     
                  0000026c    00000a4e     rtsv7M4_T_le_v4SPD16_eabi.lib : _printfi.c.obj (.text:__TI_printfi)
                  00000cba    00000002                                   : div0.asm.obj (.text)
                  00000cbc    000009c0                                   : e_pow.c.obj (.text:pow)
                  0000167c    00000328     lcd.obj (.text)
                  000019a4    00000270     rtsv7M4_T_le_v4SPD16_eabi.lib : _printfi.c.obj (.text:_pconv_a)
                  00001c14    00000248     Timer.obj (.text)
                  00001e5c    000001d0     rtsv7M4_T_le_v4SPD16_eabi.lib : _printfi.c.obj (.text:_pconv_g)
                  0000202c    000001b6                                   : fd_add_t2.asm.obj (.text)
                  000021e2    00000002     --HOLE-- [fill = 0]
                  000021e4    00000158                                   : e_sqrt.c.obj (.text:sqrt)
                  0000233c    00000144     adc.obj (.text)
                  00002480    0000013c     rtsv7M4_T_le_v4SPD16_eabi.lib : _printfi.c.obj (.text:_pconv_e)
                  000025bc    00000136                                   : fd_div_t2.asm.obj (.text)
                  000026f2    00000002     --HOLE-- [fill = 0]
                  000026f4    0000012c     uart.obj (.text)
                  00002820    00000124     rtsv7M4_T_le_v4SPD16_eabi.lib : _printfi.c.obj (.text:fcvt)
                  00002944    00000110                                   : s_scalbn.c.obj (.text:scalbn)
                  00002a54    000000fc                                   : fd_mul_t2.asm.obj (.text)
                  00002b50    000000f4     main.obj (.text)
                  00002c44    000000b1     rtsv7M4_T_le_v4SPD16_eabi.lib : _printfi.c.obj (.text:_ltostr)
                  00002cf5    00000001     --HOLE-- [fill = 0]
                  00002cf6    0000009c                                   : memcpy_t2.asm.obj (.text)
                  00002d92    00000096                                   : ull_div_t2.asm.obj (.text)
                  00002e28    00000086                                   : fd_cmp_t2.asm.obj (.text:__aeabi_cdcmple)
                  00002eae    00000086                                   : fd_cmp_t2.asm.obj (.text:__aeabi_cdrcmple)
                  00002f34    0000007a                                   : memset_t2.asm.obj (.text)
                  00002fae    0000006e                                   : _printfi.c.obj (.text:_mcpy)
                  0000301c    00000068                                   : copy_decompress_lzss.c.obj (.text:decompress:lzss:__TI_decompress_lzss)
                  00003084    00000064                                   : s_frexp.c.obj (.text:frexp)
                  000030e8    00000056                                   : _printfi.c.obj (.text:_pconv_f)
                  0000313e    00000054                                   : ltoa.c.obj (.text:ltoa)
                  00003192    00000052                                   : _printfi.c.obj (.text:_ecpy)
                  000031e4    0000004c                                   : atoi.c.obj (.text:atoi)
                  00003230    00000048                                   : fd_toi_t2.asm.obj (.text)
                  00003278    00000044                                   : autoinit.c.obj (.text:__TI_auto_init_nobinit_nopinit:__TI_auto_init_nobinit_nopinit)
                  000032bc    00000040                                   : sprintf.c.obj (.text:sprintf)
                  000032fc    00000040                                   : vsnprintf.c.obj (.text:vsnprintf)
                  0000333c    0000003e                                   : _printfi.c.obj (.text:_fcpy)
                  0000337a    00000002     --HOLE-- [fill = 0]
                  0000337c    00000034     driverlib.lib : interrupt.obj (.text:IntRegister)
                  000033b0    00000034     rtsv7M4_T_le_v4SPD16_eabi.lib : boot_cortex_m.c.obj (.text:_c_int00_noargs:_c_int00_noargs)
                  000033e4    00000030                                   : vsnprintf.c.obj (.text:_outs)
                  00003414    0000002e                                   : i_tofd_t2.asm.obj (.text)
                  00003442    0000001c                                   : copy_zero_init.c.obj (.text:decompress:ZI:__TI_zero_init_nomemset:__TI_zero_init_nomemset)
                  0000345e    0000001c                                   : memccpy.c.obj (.text:memccpy)
                  0000347a    0000001a                                   : s_copysign.c.obj (.text:copysign)
                  00003494    00000018                                   : vsnprintf.c.obj (.text:_outc)
                  000034ac    00000018                                   : sprintf.c.obj (.text:_outs)
                  000034c4    00000018                                   : strcmp.c.obj (.text:strcmp)
                  000034dc    00000016                                   : strchr.c.obj (.text:strchr)
                  000034f2    00000014                                   : strcpy.c.obj (.text:strcpy)
                  00003506    00000014                                   : strlen.c.obj (.text:strlen)
                  0000351a    00000012                                   : wcslen.c.obj (.text:wcslen)
                  0000352c    00000010     driverlib.lib : interrupt.obj (.text:IntMasterEnable)
                  0000353c    00000010     lcd.obj (.text:lcd_clear)
                  0000354c    0000000e     rtsv7M4_T_le_v4SPD16_eabi.lib : copy_decompress_none.c.obj (.text:decompress:none:__TI_decompress_none)
                  0000355a    0000000c     driverlib.lib : cpu.obj (.text:CPUcpsie)
                  00003566    0000000c     tm4c123gh6pm_startup_ccs.obj (.text)
                  00003572    0000000a     rtsv7M4_T_le_v4SPD16_eabi.lib : sprintf.c.obj (.text:_outc)
                  0000357c    00000008                                   : errno.c.obj (.text:__aeabi_errno_addr)
                  00003584    00000004                                   : pre_init.c.obj (.text:_system_pre_init)
                  00003588    00000004                                   : exit.c.obj (.text:abort:abort)

.const     0    00003590    0000013c     
                  00003590    00000101     rtsv7M4_T_le_v4SPD16_eabi.lib : ctype.c.obj (.const:.string:_ctypes_)
                  00003691    00000004     lcd.obj (.const:.string:lineAddress$1)
                  00003695    00000003     --HOLE-- [fill = 0]
                  00003698    00000030     rtsv7M4_T_le_v4SPD16_eabi.lib : e_pow.c.obj (.const:$O1$$)
                  000036c8    00000004     lcd.obj (.const:.string:lineAddresses$2)

.cinit     0    000036d0    00000040     
                  000036d0    0000000c     (__TI_handler_table)
                  000036dc    00000004     --HOLE-- [fill = 0]
                  000036e0    00000008     (.cinit..bss.load) [load image, compression = zero_init]
                  000036e8    00000008     (.cinit..vtable.load) [load image, compression = zero_init]
                  000036f0    00000007     (.cinit..data.load) [load image, compression = lzss]
                  000036f7    00000001     --HOLE-- [fill = 0]
                  000036f8    00000018     (__TI_cinit_table)

.init_array 
*          0    00000000    00000000     UNINITIALIZED

.vtable    0    20000000    0000026c     UNINITIALIZED
                  20000000    0000026c     driverlib.lib : interrupt.obj (.vtable)

.bss       0    20000a70    00000058     UNINITIALIZED
                  20000a70    00000054     lcd.obj (.bss:lastbuffer$3)
                  20000ac4    00000004     (.common:_timeout_ticks)

.data      0    20000ac8    00000005     UNINITIALIZED
                  20000ac8    00000004     rtsv7M4_T_le_v4SPD16_eabi.lib : errno.c.obj (.data)
                  20000acc    00000001     Timer.obj (.data)

.stack     0    20000270    00000800     UNINITIALIZED
                  20000270    00000004     rtsv7M4_T_le_v4SPD16_eabi.lib : boot_cortex_m.c.obj (.stack)
                  20000274    000007fc     --HOLE--

MODULE SUMMARY

       Module                         code    ro data   rw data
       ------                         ----    -------   -------
    .\
       lcd.obj                        824     8         84     
       tm4c123gh6pm_startup_ccs.obj   12      620       0      
       Timer.obj                      584     0         5      
       adc.obj                        324     0         0      
       uart.obj                       300     0         0      
       main.obj                       244     0         0      
    +--+------------------------------+-------+---------+---------+
       Total:                         2288    628       89     
                                                               
    C:/ti/TivaWare_C_Series-2.1.4.178/driverlib/ccs/Debug/driverlib.lib
       interrupt.obj                  68      0         620    
       cpu.obj                        12      0         0      
    +--+------------------------------+-------+---------+---------+
       Total:                         80      0         620    
                                                               
    C:\ti\ccs910\ccs\tools\compiler\ti-cgt-arm_18.12.2.LTS\lib\rtsv7M4_T_le_v4SPD16_eabi.lib
       _printfi.c.obj                 4851    0         0      
       e_pow.c.obj                    2496    48        0      
       fd_add_t2.asm.obj              438     0         0      
       e_sqrt.c.obj                   344     0         0      
       fd_div_t2.asm.obj              310     0         0      
       s_scalbn.c.obj                 272     0         0      
       fd_cmp_t2.asm.obj              268     0         0      
       ctype.c.obj                    0       257       0      
       fd_mul_t2.asm.obj              252     0         0      
       memcpy_t2.asm.obj              156     0         0      
       ull_div_t2.asm.obj             150     0         0      
       vsnprintf.c.obj                136     0         0      
       memset_t2.asm.obj              122     0         0      
       copy_decompress_lzss.c.obj     104     0         0      
       s_frexp.c.obj                  100     0         0      
       sprintf.c.obj                  98      0         0      
       ltoa.c.obj                     84      0         0      
       atoi.c.obj                     76      0         0      
       fd_toi_t2.asm.obj              72      0         0      
       autoinit.c.obj                 68      0         0      
       boot_cortex_m.c.obj            52      0         0      
       i_tofd_t2.asm.obj              46      0         0      
       copy_zero_init.c.obj           28      0         0      
       memccpy.c.obj                  28      0         0      
       s_copysign.c.obj               26      0         0      
       strcmp.c.obj                   24      0         0      
       strchr.c.obj                   22      0         0      
       strcpy.c.obj                   20      0         0      
       strlen.c.obj                   20      0         0      
       wcslen.c.obj                   18      0         0      
       copy_decompress_none.c.obj     14      0         0      
       errno.c.obj                    8       0         4      
       exit.c.obj                     4       0         0      
       pre_init.c.obj                 4       0         0      
       div0.asm.obj                   2       0         0      
    +--+------------------------------+-------+---------+---------+
       Total:                         10713   305       4      
                                                               
       Stack:                         0       0         2048   
       Linker Generated:              0       59        0      
    +--+------------------------------+-------+---------+---------+
       Grand Total:                   13081   992       2761   


LINKER GENERATED COPY TABLES

__TI_cinit_table @ 000036f8 records: 3, size/record: 8, table size: 24
	.bss: load addr=000036e0, load size=00000008 bytes, run addr=20000a70, run size=00000058 bytes, compression=zero_init
	.vtable: load addr=000036e8, load size=00000008 bytes, run addr=20000000, run size=0000026c bytes, compression=zero_init
	.data: load addr=000036f0, load size=00000007 bytes, run addr=20000ac8, run size=00000005 bytes, compression=lzss


LINKER GENERATED HANDLER TABLE

__TI_handler_table @ 000036d0 records: 3, size/record: 4, table size: 12
	index: 0, handler: __TI_zero_init
	index: 1, handler: __TI_decompress_lzss
	index: 2, handler: __TI_decompress_none


GLOBAL SYMBOLS: SORTED ALPHABETICALLY BY Name 

address   name                          
-------   ----                          
00003589  C$$EXIT                       
0000355b  CPUcpsie                      
0000352d  IntMasterEnable               
0000337d  IntRegister                   
00003567  ResetISR                      
20000a70  __STACK_END                   
00000800  __STACK_SIZE                  
20000470  __STACK_TOP                   
000036f8  __TI_CINIT_Base               
00003710  __TI_CINIT_Limit              
000036d0  __TI_Handler_Table_Base       
000036dc  __TI_Handler_Table_Limit      
00003279  __TI_auto_init_nobinit_nopinit
0000301d  __TI_decompress_lzss          
0000354d  __TI_decompress_none          
ffffffff  __TI_pprof_out_hndl           
0000026d  __TI_printfi                  
ffffffff  __TI_prof_data_size           
ffffffff  __TI_prof_data_start          
00000000  __TI_static_base__            
00003443  __TI_zero_init_nomemset       
00002e29  __aeabi_cdcmpeq               
00002e29  __aeabi_cdcmple               
00002eaf  __aeabi_cdrcmple              
00003231  __aeabi_d2iz                  
00002037  __aeabi_dadd                  
000025bd  __aeabi_ddiv                  
00002a55  __aeabi_dmul                  
0000202d  __aeabi_dsub                  
0000357d  __aeabi_errno_addr            
00003415  __aeabi_i2d                   
00000cbb  __aeabi_idiv0                 
00000cbb  __aeabi_ldiv0                 
00002f35  __aeabi_memclr                
00002f35  __aeabi_memclr4               
00002f35  __aeabi_memclr8               
00002cf7  __aeabi_memcpy                
00002cf7  __aeabi_memcpy4               
00002cf7  __aeabi_memcpy8               
00002f37  __aeabi_memset                
00002f37  __aeabi_memset4               
00002f37  __aeabi_memset8               
00002d93  __aeabi_uldivmod              
ffffffff  __binit__                     
ffffffff  __c_args__                    
UNDEFED   __mpu_init                    
20000270  __stack                       
000033b1  _c_int00_noargs               
00003590  _ctypes_                      
20000acc  _running                      
UNDEFED   _system_post_cinit            
00003585  _system_pre_init              
20000ac4  _timeout_ticks                
00003589  abort                         
00002409  adc_handler_en                
0000233d  adc_init                      
000023f3  adc_polling                   
000023af  adc_read                      
000031e5  atoi                          
ffffffff  binit                         
0000347b  copysign                      
0000347b  copysignl                     
20000ac8  errno                         
00003085  frexp                         
00003085  frexpl                        
20000000  g_pfnRAMVectors               
00000000  g_pfnVectors                  
0000353d  lcd_clear                     
00001851  lcd_gotoLine                  
000016b9  lcd_init                      
000018b7  lcd_printf                    
00001779  lcd_putc                      
000017b1  lcd_puts                      
0000167d  lcd_reverseNibble             
000017cf  lcd_sendCommand               
0000180d  lcd_sendNibble                
00001879  lcd_setCursorPos              
00002945  ldexp                         
00002945  ldexpl                        
0000313f  ltoa                          
00002b51  main                          
0000345f  memccpy                       
00002cf7  memcpy                        
00002f3d  memset                        
00000cbd  pow                           
00000cbd  powl                          
00002945  scalbn                        
00002945  scalbnl                       
000032bd  sprintf                       
000021e5  sqrt                          
000021e5  sqrtl                         
000034dd  strchr                        
000034c5  strcmp                        
000034f3  strcpy                        
00003507  strlen                        
00001d33  timer_getMicros               
00001cdb  timer_getMillis               
00001c15  timer_init                    
00001cb7  timer_pause                   
00001cc9  timer_resume                  
00001c8d  timer_stop                    
00001d8d  timer_waitMicros              
00001dc1  timer_waitMillis              
000026f5  uart_init                     
000027af  uart_receive                  
00002793  uart_sendChar                 
000027cf  uart_sendStr                  
000032fd  vsnprintf                     
0000351b  wcslen                        


GLOBAL SYMBOLS: SORTED BY Symbol Address 

address   name                          
-------   ----                          
00000000  __TI_static_base__            
00000000  g_pfnVectors                  
0000026d  __TI_printfi                  
00000800  __STACK_SIZE                  
00000cbb  __aeabi_idiv0                 
00000cbb  __aeabi_ldiv0                 
00000cbd  pow                           
00000cbd  powl                          
0000167d  lcd_reverseNibble             
000016b9  lcd_init                      
00001779  lcd_putc                      
000017b1  lcd_puts                      
000017cf  lcd_sendCommand               
0000180d  lcd_sendNibble                
00001851  lcd_gotoLine                  
00001879  lcd_setCursorPos              
000018b7  lcd_printf                    
00001c15  timer_init                    
00001c8d  timer_stop                    
00001cb7  timer_pause                   
00001cc9  timer_resume                  
00001cdb  timer_getMillis               
00001d33  timer_getMicros               
00001d8d  timer_waitMicros              
00001dc1  timer_waitMillis              
0000202d  __aeabi_dsub                  
00002037  __aeabi_dadd                  
000021e5  sqrt                          
000021e5  sqrtl                         
0000233d  adc_init                      
000023af  adc_read                      
000023f3  adc_polling                   
00002409  adc_handler_en                
000025bd  __aeabi_ddiv                  
000026f5  uart_init                     
00002793  uart_sendChar                 
000027af  uart_receive                  
000027cf  uart_sendStr                  
00002945  ldexp                         
00002945  ldexpl                        
00002945  scalbn                        
00002945  scalbnl                       
00002a55  __aeabi_dmul                  
00002b51  main                          
00002cf7  __aeabi_memcpy                
00002cf7  __aeabi_memcpy4               
00002cf7  __aeabi_memcpy8               
00002cf7  memcpy                        
00002d93  __aeabi_uldivmod              
00002e29  __aeabi_cdcmpeq               
00002e29  __aeabi_cdcmple               
00002eaf  __aeabi_cdrcmple              
00002f35  __aeabi_memclr                
00002f35  __aeabi_memclr4               
00002f35  __aeabi_memclr8               
00002f37  __aeabi_memset                
00002f37  __aeabi_memset4               
00002f37  __aeabi_memset8               
00002f3d  memset                        
0000301d  __TI_decompress_lzss          
00003085  frexp                         
00003085  frexpl                        
0000313f  ltoa                          
000031e5  atoi                          
00003231  __aeabi_d2iz                  
00003279  __TI_auto_init_nobinit_nopinit
000032bd  sprintf                       
000032fd  vsnprintf                     
0000337d  IntRegister                   
000033b1  _c_int00_noargs               
00003415  __aeabi_i2d                   
00003443  __TI_zero_init_nomemset       
0000345f  memccpy                       
0000347b  copysign                      
0000347b  copysignl                     
000034c5  strcmp                        
000034dd  strchr                        
000034f3  strcpy                        
00003507  strlen                        
0000351b  wcslen                        
0000352d  IntMasterEnable               
0000353d  lcd_clear                     
0000354d  __TI_decompress_none          
0000355b  CPUcpsie                      
00003567  ResetISR                      
0000357d  __aeabi_errno_addr            
00003585  _system_pre_init              
00003589  C$$EXIT                       
00003589  abort                         
00003590  _ctypes_                      
000036d0  __TI_Handler_Table_Base       
000036dc  __TI_Handler_Table_Limit      
000036f8  __TI_CINIT_Base               
00003710  __TI_CINIT_Limit              
20000000  g_pfnRAMVectors               
20000270  __stack                       
20000470  __STACK_TOP                   
20000a70  __STACK_END                   
20000ac4  _timeout_ticks                
20000ac8  errno                         
20000acc  _running                      
ffffffff  __TI_pprof_out_hndl           
ffffffff  __TI_prof_data_size           
ffffffff  __TI_prof_data_start          
ffffffff  __binit__                     
ffffffff  __c_args__                    
ffffffff  binit                         
UNDEFED   __mpu_init                    
UNDEFED   _system_post_cinit            

[109 symbols]
