******************************************************************************
                  TI ARM Linker PC v18.12.2                    
******************************************************************************
>> Linked Wed Nov 20 12:08:58 2019

OUTPUT FILE NAME:   <Lab_7.out>
ENTRY POINT SYMBOL: "_c_int00_noargs"  address: 00002895


MEMORY CONFIGURATION

         name            origin    length      used     unused   attr    fill
----------------------  --------  ---------  --------  --------  ----  --------
  FLASH                 00000000   00040000  00002bb5  0003d44b  R  X
  SRAM                  20000000   00008000  00000ada  00007526  RW X


SEGMENT ALLOCATION MAP

run origin  load origin   length   init length attrs members
----------  ----------- ---------- ----------- ----- -------
00000000    00000000    00002bb8   00002bb8    r-x
  00000000    00000000    0000026c   0000026c    r-- .intvecs
  0000026c    0000026c    00002800   00002800    r-x .text
  00002a6c    00002a6c    00000109   00000109    r-- .const
  00002b78    00002b78    00000040   00000040    r-- .cinit
20000000    20000000    00000ae1   00000000    rw-
  20000000    20000000    0000026c   00000000    rw- .vtable
  20000270    20000270    00000800   00000000    rw- .stack
  20000a70    20000a70    0000005d   00000000    rw- .bss
  20000ad0    20000ad0    00000011   00000000    rw- .data


SECTION ALLOCATION MAP

 output                                  attributes/
section   page    origin      length       input sections
--------  ----  ----------  ----------   ----------------
.intvecs   0    00000000    0000026c     
                  00000000    0000026c     tm4c123gh6pm_startup_ccs.obj (.intvecs)

.text      0    0000026c    00002800     
                  0000026c    00000a4e     rtsv7M4_T_le_v4SPD16_eabi.lib : _printfi.c.obj (.text:__TI_printfi)
                  00000cba    00000002                                   : div0.asm.obj (.text)
                  00000cbc    00000328     lcd.obj (.text)
                  00000fe4    00000274     TIMER3B.obj (.text)
                  00001258    00000270     rtsv7M4_T_le_v4SPD16_eabi.lib : _printfi.c.obj (.text:_pconv_a)
                  000014c8    00000248     Timer.obj (.text)
                  00001710    000001d0     rtsv7M4_T_le_v4SPD16_eabi.lib : _printfi.c.obj (.text:_pconv_g)
                  000018e0    000001b6                                   : fd_add_t2.asm.obj (.text)
                  00001a96    00000002     --HOLE-- [fill = 0]
                  00001a98    0000013c                                   : _printfi.c.obj (.text:_pconv_e)
                  00001bd4    00000136                                   : fd_div_t2.asm.obj (.text)
                  00001d0a    00000002     --HOLE-- [fill = 0]
                  00001d0c    0000012c     uart_sonar.obj (.text)
                  00001e38    00000124     rtsv7M4_T_le_v4SPD16_eabi.lib : _printfi.c.obj (.text:fcvt)
                  00001f5c    00000110                                   : s_scalbn.c.obj (.text:scalbn)
                  0000206c    000000fc                                   : fd_mul_t2.asm.obj (.text)
                  00002168    000000b1                                   : _printfi.c.obj (.text:_ltostr)
                  00002219    00000001     --HOLE-- [fill = 0]
                  0000221a    0000009c                                   : memcpy_t2.asm.obj (.text)
                  000022b6    00000096                                   : ull_div_t2.asm.obj (.text)
                  0000234c    00000086                                   : fd_cmp_t2.asm.obj (.text:__aeabi_cdcmple)
                  000023d2    00000086                                   : fd_cmp_t2.asm.obj (.text:__aeabi_cdrcmple)
                  00002458    0000007a                                   : memset_t2.asm.obj (.text)
                  000024d2    0000006e                                   : _printfi.c.obj (.text:_mcpy)
                  00002540    00000068                                   : copy_decompress_lzss.c.obj (.text:decompress:lzss:__TI_decompress_lzss)
                  000025a8    00000064                                   : s_frexp.c.obj (.text:frexp)
                  0000260c    00000056                                   : _printfi.c.obj (.text:_pconv_f)
                  00002662    00000054                                   : ltoa.c.obj (.text:ltoa)
                  000026b6    00000052                                   : _printfi.c.obj (.text:_ecpy)
                  00002708    0000004c                                   : atoi.c.obj (.text:atoi)
                  00002754    00000048                                   : fd_toi_t2.asm.obj (.text)
                  0000279c    00000044                                   : autoinit.c.obj (.text:__TI_auto_init_nobinit_nopinit:__TI_auto_init_nobinit_nopinit)
                  000027e0    00000040                                   : vsnprintf.c.obj (.text:vsnprintf)
                  00002820    0000003e                                   : _printfi.c.obj (.text:_fcpy)
                  0000285e    00000002     --HOLE-- [fill = 0]
                  00002860    00000034     driverlib.lib : interrupt.obj (.text:IntRegister)
                  00002894    00000034     rtsv7M4_T_le_v4SPD16_eabi.lib : boot_cortex_m.c.obj (.text:_c_int00_noargs:_c_int00_noargs)
                  000028c8    00000030                                   : vsnprintf.c.obj (.text:_outs)
                  000028f8    0000002e                                   : i_tofd_t2.asm.obj (.text)
                  00002926    0000001e     main.obj (.text)
                  00002944    0000001c     rtsv7M4_T_le_v4SPD16_eabi.lib : copy_zero_init.c.obj (.text:decompress:ZI:__TI_zero_init_nomemset:__TI_zero_init_nomemset)
                  00002960    0000001c                                   : memccpy.c.obj (.text:memccpy)
                  0000297c    0000001a                                   : s_copysign.c.obj (.text:copysign)
                  00002996    00000018                                   : vsnprintf.c.obj (.text:_outc)
                  000029ae    00000018                                   : strcmp.c.obj (.text:strcmp)
                  000029c6    00000016                                   : strchr.c.obj (.text:strchr)
                  000029dc    00000014                                   : strcpy.c.obj (.text:strcpy)
                  000029f0    00000014                                   : strlen.c.obj (.text:strlen)
                  00002a04    00000012                                   : wcslen.c.obj (.text:wcslen)
                  00002a16    00000010     driverlib.lib : interrupt.obj (.text:IntMasterEnable)
                  00002a26    00000010     lcd.obj (.text:lcd_clear)
                  00002a36    0000000e     rtsv7M4_T_le_v4SPD16_eabi.lib : copy_decompress_none.c.obj (.text:decompress:none:__TI_decompress_none)
                  00002a44    0000000c     driverlib.lib : cpu.obj (.text:CPUcpsie)
                  00002a50    0000000c     tm4c123gh6pm_startup_ccs.obj (.text)
                  00002a5c    00000008     rtsv7M4_T_le_v4SPD16_eabi.lib : errno.c.obj (.text:__aeabi_errno_addr)
                  00002a64    00000004                                   : pre_init.c.obj (.text:_system_pre_init)
                  00002a68    00000004                                   : exit.c.obj (.text:abort:abort)

.const     0    00002a6c    00000109     
                  00002a6c    00000101     rtsv7M4_T_le_v4SPD16_eabi.lib : ctype.c.obj (.const:.string:_ctypes_)
                  00002b6d    00000004     lcd.obj (.const:.string:lineAddress$1)
                  00002b71    00000004     lcd.obj (.const:.string:lineAddresses$2)

.cinit     0    00002b78    00000040     
                  00002b78    0000000c     (__TI_handler_table)
                  00002b84    00000004     --HOLE-- [fill = 0]
                  00002b88    00000008     (.cinit..bss.load) [load image, compression = zero_init]
                  00002b90    00000008     (.cinit..vtable.load) [load image, compression = zero_init]
                  00002b98    00000007     (.cinit..data.load) [load image, compression = lzss]
                  00002b9f    00000001     --HOLE-- [fill = 0]
                  00002ba0    00000018     (__TI_cinit_table)

.init_array 
*          0    00000000    00000000     UNINITIALIZED

.vtable    0    20000000    0000026c     UNINITIALIZED
                  20000000    0000026c     driverlib.lib : interrupt.obj (.vtable)

.bss       0    20000a70    0000005d     UNINITIALIZED
                  20000a70    00000054     lcd.obj (.bss:lastbuffer$3)
                  20000ac4    00000004     (.common:_timeout_ticks)
                  20000ac8    00000004     (.common:numOverflow)
                  20000acc    00000001     (.common:state)

.data      0    20000ad0    00000011     UNINITIALIZED
                  20000ad0    0000000c     TIMER3B.obj (.data)
                  20000adc    00000004     rtsv7M4_T_le_v4SPD16_eabi.lib : errno.c.obj (.data)
                  20000ae0    00000001     Timer.obj (.data)

.stack     0    20000270    00000800     UNINITIALIZED
                  20000270    00000004     rtsv7M4_T_le_v4SPD16_eabi.lib : boot_cortex_m.c.obj (.stack)
                  20000274    000007fc     --HOLE--

MODULE SUMMARY

       Module                         code    ro data   rw data
       ------                         ----    -------   -------
    .\
       lcd.obj                        824     8         84     
       TIMER3B.obj                    628     0         17     
       tm4c123gh6pm_startup_ccs.obj   12      620       0      
       Timer.obj                      584     0         5      
       uart_sonar.obj                 300     0         0      
       main.obj                       30      0         0      
    +--+------------------------------+-------+---------+---------+
       Total:                         2378    628       106    
                                                               
    C:/ti/TivaWare_C_Series-2.1.4.178/driverlib/ccs/Debug/driverlib.lib
       interrupt.obj                  68      0         620    
       cpu.obj                        12      0         0      
    +--+------------------------------+-------+---------+---------+
       Total:                         80      0         620    
                                                               
    C:\ti\ccs910\ccs\tools\compiler\ti-cgt-arm_18.12.2.LTS\lib\rtsv7M4_T_le_v4SPD16_eabi.lib
       _printfi.c.obj                 4851    0         0      
       fd_add_t2.asm.obj              438     0         0      
       fd_div_t2.asm.obj              310     0         0      
       s_scalbn.c.obj                 272     0         0      
       fd_cmp_t2.asm.obj              268     0         0      
       ctype.c.obj                    0       257       0      
       fd_mul_t2.asm.obj              252     0         0      
       memcpy_t2.asm.obj              156     0         0      
       ull_div_t2.asm.obj             150     0         0      
       vsnprintf.c.obj                136     0         0      
       memset_t2.asm.obj              122     0         0      
       copy_decompress_lzss.c.obj     104     0         0      
       s_frexp.c.obj                  100     0         0      
       ltoa.c.obj                     84      0         0      
       atoi.c.obj                     76      0         0      
       fd_toi_t2.asm.obj              72      0         0      
       autoinit.c.obj                 68      0         0      
       boot_cortex_m.c.obj            52      0         0      
       i_tofd_t2.asm.obj              46      0         0      
       copy_zero_init.c.obj           28      0         0      
       memccpy.c.obj                  28      0         0      
       s_copysign.c.obj               26      0         0      
       strcmp.c.obj                   24      0         0      
       strchr.c.obj                   22      0         0      
       strcpy.c.obj                   20      0         0      
       strlen.c.obj                   20      0         0      
       wcslen.c.obj                   18      0         0      
       copy_decompress_none.c.obj     14      0         0      
       errno.c.obj                    8       0         4      
       exit.c.obj                     4       0         0      
       pre_init.c.obj                 4       0         0      
       div0.asm.obj                   2       0         0      
    +--+------------------------------+-------+---------+---------+
       Total:                         7775    257       4      
                                                               
       Stack:                         0       0         2048   
       Linker Generated:              0       59        0      
    +--+------------------------------+-------+---------+---------+
       Grand Total:                   10233   944       2778   


LINKER GENERATED COPY TABLES

__TI_cinit_table @ 00002ba0 records: 3, size/record: 8, table size: 24
	.bss: load addr=00002b88, load size=00000008 bytes, run addr=20000a70, run size=0000005d bytes, compression=zero_init
	.vtable: load addr=00002b90, load size=00000008 bytes, run addr=20000000, run size=0000026c bytes, compression=zero_init
	.data: load addr=00002b98, load size=00000007 bytes, run addr=20000ad0, run size=00000011 bytes, compression=lzss


LINKER GENERATED HANDLER TABLE

__TI_handler_table @ 00002b78 records: 3, size/record: 4, table size: 12
	index: 0, handler: __TI_zero_init
	index: 1, handler: __TI_decompress_lzss
	index: 2, handler: __TI_decompress_none


GLOBAL SYMBOLS: SORTED ALPHABETICALLY BY Name 

address   name                          
-------   ----                          
00002a69  C$$EXIT                       
00002a45  CPUcpsie                      
00002a17  IntMasterEnable               
00002861  IntRegister                   
00002a51  ResetISR                      
0000100d  TIMER3B_Handler               
00001045  TIMER3B_init                  
20000a70  __STACK_END                   
00000800  __STACK_SIZE                  
20000470  __STACK_TOP                   
00002ba0  __TI_CINIT_Base               
00002bb8  __TI_CINIT_Limit              
00002b78  __TI_Handler_Table_Base       
00002b84  __TI_Handler_Table_Limit      
0000279d  __TI_auto_init_nobinit_nopinit
00002541  __TI_decompress_lzss          
00002a37  __TI_decompress_none          
ffffffff  __TI_pprof_out_hndl           
0000026d  __TI_printfi                  
ffffffff  __TI_prof_data_size           
ffffffff  __TI_prof_data_start          
00000000  __TI_static_base__            
00002945  __TI_zero_init_nomemset       
0000234d  __aeabi_cdcmpeq               
0000234d  __aeabi_cdcmple               
000023d3  __aeabi_cdrcmple              
00002755  __aeabi_d2iz                  
000018eb  __aeabi_dadd                  
00001bd5  __aeabi_ddiv                  
0000206d  __aeabi_dmul                  
000018e1  __aeabi_dsub                  
00002a5d  __aeabi_errno_addr            
000028f9  __aeabi_i2d                   
00000cbb  __aeabi_idiv0                 
00000cbb  __aeabi_ldiv0                 
00002459  __aeabi_memclr                
00002459  __aeabi_memclr4               
00002459  __aeabi_memclr8               
0000221b  __aeabi_memcpy                
0000221b  __aeabi_memcpy4               
0000221b  __aeabi_memcpy8               
0000245b  __aeabi_memset                
0000245b  __aeabi_memset4               
0000245b  __aeabi_memset8               
000022b7  __aeabi_uldivmod              
ffffffff  __binit__                     
ffffffff  __c_args__                    
UNDEFED   __mpu_init                    
20000270  __stack                       
00002895  _c_int00_noargs               
00002a6c  _ctypes_                      
20000ae0  _running                      
UNDEFED   _system_post_cinit            
00002a65  _system_pre_init              
20000ac4  _timeout_ticks                
00002a69  abort                         
00002709  atoi                          
ffffffff  binit                         
0000297d  copysign                      
0000297d  copysignl                     
20000ad4  current_time                  
20000adc  errno                         
000025a9  frexp                         
000025a9  frexpl                        
20000000  g_pfnRAMVectors               
00000000  g_pfnVectors                  
20000ad0  last_time                     
00002a27  lcd_clear                     
00000e91  lcd_gotoLine                  
00000cf9  lcd_init                      
00000ef7  lcd_printf                    
00000db9  lcd_putc                      
00000df1  lcd_puts                      
00000cbd  lcd_reverseNibble             
00000e0f  lcd_sendCommand               
00000e4d  lcd_sendNibble                
00000eb9  lcd_setCursorPos              
00001f5d  ldexp                         
00001f5d  ldexpl                        
00002663  ltoa                          
00002927  main                          
00002961  memccpy                       
0000221b  memcpy                        
00002461  memset                        
20000ac8  numOverflow                   
0000116b  ping_read                     
00000fe5  portb_init                    
00001f5d  scalbn                        
00001f5d  scalbnl                       
000010cd  send_pulse                    
20000acc  state                         
000029c7  strchr                        
000029af  strcmp                        
000029dd  strcpy                        
000029f1  strlen                        
0000114d  time2dist                     
000015e7  timer_getMicros               
0000158f  timer_getMillis               
000014c9  timer_init                    
0000156b  timer_pause                   
0000157d  timer_resume                  
00001541  timer_stop                    
00001641  timer_waitMicros              
00001675  timer_waitMillis              
00001d0d  uart_init                     
00001dc7  uart_receive                  
00001dab  uart_sendChar                 
00001de7  uart_sendStr                  
20000ad8  update_flag                   
000027e1  vsnprintf                     
00002a05  wcslen                        


GLOBAL SYMBOLS: SORTED BY Symbol Address 

address   name                          
-------   ----                          
00000000  __TI_static_base__            
00000000  g_pfnVectors                  
0000026d  __TI_printfi                  
00000800  __STACK_SIZE                  
00000cbb  __aeabi_idiv0                 
00000cbb  __aeabi_ldiv0                 
00000cbd  lcd_reverseNibble             
00000cf9  lcd_init                      
00000db9  lcd_putc                      
00000df1  lcd_puts                      
00000e0f  lcd_sendCommand               
00000e4d  lcd_sendNibble                
00000e91  lcd_gotoLine                  
00000eb9  lcd_setCursorPos              
00000ef7  lcd_printf                    
00000fe5  portb_init                    
0000100d  TIMER3B_Handler               
00001045  TIMER3B_init                  
000010cd  send_pulse                    
0000114d  time2dist                     
0000116b  ping_read                     
000014c9  timer_init                    
00001541  timer_stop                    
0000156b  timer_pause                   
0000157d  timer_resume                  
0000158f  timer_getMillis               
000015e7  timer_getMicros               
00001641  timer_waitMicros              
00001675  timer_waitMillis              
000018e1  __aeabi_dsub                  
000018eb  __aeabi_dadd                  
00001bd5  __aeabi_ddiv                  
00001d0d  uart_init                     
00001dab  uart_sendChar                 
00001dc7  uart_receive                  
00001de7  uart_sendStr                  
00001f5d  ldexp                         
00001f5d  ldexpl                        
00001f5d  scalbn                        
00001f5d  scalbnl                       
0000206d  __aeabi_dmul                  
0000221b  __aeabi_memcpy                
0000221b  __aeabi_memcpy4               
0000221b  __aeabi_memcpy8               
0000221b  memcpy                        
000022b7  __aeabi_uldivmod              
0000234d  __aeabi_cdcmpeq               
0000234d  __aeabi_cdcmple               
000023d3  __aeabi_cdrcmple              
00002459  __aeabi_memclr                
00002459  __aeabi_memclr4               
00002459  __aeabi_memclr8               
0000245b  __aeabi_memset                
0000245b  __aeabi_memset4               
0000245b  __aeabi_memset8               
00002461  memset                        
00002541  __TI_decompress_lzss          
000025a9  frexp                         
000025a9  frexpl                        
00002663  ltoa                          
00002709  atoi                          
00002755  __aeabi_d2iz                  
0000279d  __TI_auto_init_nobinit_nopinit
000027e1  vsnprintf                     
00002861  IntRegister                   
00002895  _c_int00_noargs               
000028f9  __aeabi_i2d                   
00002927  main                          
00002945  __TI_zero_init_nomemset       
00002961  memccpy                       
0000297d  copysign                      
0000297d  copysignl                     
000029af  strcmp                        
000029c7  strchr                        
000029dd  strcpy                        
000029f1  strlen                        
00002a05  wcslen                        
00002a17  IntMasterEnable               
00002a27  lcd_clear                     
00002a37  __TI_decompress_none          
00002a45  CPUcpsie                      
00002a51  ResetISR                      
00002a5d  __aeabi_errno_addr            
00002a65  _system_pre_init              
00002a69  C$$EXIT                       
00002a69  abort                         
00002a6c  _ctypes_                      
00002b78  __TI_Handler_Table_Base       
00002b84  __TI_Handler_Table_Limit      
00002ba0  __TI_CINIT_Base               
00002bb8  __TI_CINIT_Limit              
20000000  g_pfnRAMVectors               
20000270  __stack                       
20000470  __STACK_TOP                   
20000a70  __STACK_END                   
20000ac4  _timeout_ticks                
20000ac8  numOverflow                   
20000acc  state                         
20000ad0  last_time                     
20000ad4  current_time                  
20000ad8  update_flag                   
20000adc  errno                         
20000ae0  _running                      
ffffffff  __TI_pprof_out_hndl           
ffffffff  __TI_prof_data_size           
ffffffff  __TI_prof_data_start          
ffffffff  __binit__                     
ffffffff  __c_args__                    
ffffffff  binit                         
UNDEFED   __mpu_init                    
UNDEFED   _system_post_cinit            

[111 symbols]
